ARM GAS  C:\Users\subdia\AppData\Local\Temp\ccinmkK6.s 			page 1


   1              		.cpu cortex-m3
   2              		.arch armv7-m
   3              		.fpu softvfp
   4              		.eabi_attribute 20, 1
   5              		.eabi_attribute 21, 1
   6              		.eabi_attribute 23, 3
   7              		.eabi_attribute 24, 1
   8              		.eabi_attribute 25, 1
   9              		.eabi_attribute 26, 1
  10              		.eabi_attribute 30, 1
  11              		.eabi_attribute 34, 1
  12              		.eabi_attribute 18, 4
  13              		.file	"CDCProtocolFormer.cpp"
  14              		.text
  15              	.Ltext0:
  16              		.cfi_sections	.debug_frame
  17              		.file 1 "Core/Src/CDCExchangeProtocol/CDCProtocolFormer.cpp"
  18              		.section	.text._ZN17CDCProtocolFormer11IsItCommandEh,"ax",%progbits
  19              		.align	1
  20              		.global	_ZN17CDCProtocolFormer11IsItCommandEh
  21              		.syntax unified
  22              		.thumb
  23              		.thumb_func
  25              	_ZN17CDCProtocolFormer11IsItCommandEh:
  26              		.fnstart
  27              	.LVL0:
  28              	.LFB5558:
   1:Core/Src/CDCExchangeProtocol/CDCProtocolFormer.cpp **** #include "CDCProtocolFormer.hpp"
   2:Core/Src/CDCExchangeProtocol/CDCProtocolFormer.cpp **** 
   3:Core/Src/CDCExchangeProtocol/CDCProtocolFormer.cpp **** 
   4:Core/Src/CDCExchangeProtocol/CDCProtocolFormer.cpp **** 
   5:Core/Src/CDCExchangeProtocol/CDCProtocolFormer.cpp **** bool CDCProtocolFormer::IsItCommand(uint8_t cmd) {
  29              		.loc 1 5 50 view -0
  30              		.cfi_startproc
  31              		@ args = 0, pretend = 0, frame = 0
  32              		@ frame_needed = 0, uses_anonymous_args = 0
  33              		@ link register save eliminated.
   6:Core/Src/CDCExchangeProtocol/CDCProtocolFormer.cpp **** 	if (cmd == (CatchConfig | SendConfig)) {
  34              		.loc 1 6 2 view .LVU1
  35 0000 FF29     		cmp	r1, #255
  36 0002 01D0     		beq	.L3
   7:Core/Src/CDCExchangeProtocol/CDCProtocolFormer.cpp **** 		return true;
   8:Core/Src/CDCExchangeProtocol/CDCProtocolFormer.cpp **** 	}
   9:Core/Src/CDCExchangeProtocol/CDCProtocolFormer.cpp **** 	return false;
  37              		.loc 1 9 9 is_stmt 0 view .LVU2
  38 0004 0020     		movs	r0, #0
  39              	.LVL1:
  40              		.loc 1 9 9 view .LVU3
  41 0006 7047     		bx	lr
  42              	.LVL2:
  43              	.L3:
   7:Core/Src/CDCExchangeProtocol/CDCProtocolFormer.cpp **** 		return true;
  44              		.loc 1 7 10 view .LVU4
  45 0008 0120     		movs	r0, #1
  46              	.LVL3:
  10:Core/Src/CDCExchangeProtocol/CDCProtocolFormer.cpp **** }
  47              		.loc 1 10 1 view .LVU5
ARM GAS  C:\Users\subdia\AppData\Local\Temp\ccinmkK6.s 			page 2


  48 000a 7047     		bx	lr
  49              		.cfi_endproc
  50              	.LFE5558:
  51              		.cantunwind
  52              		.fnend
  54              		.section	.text._ZN17CDCProtocolFormer19GetCommandFromFrameEN3etl5arrayIhLj8EEE,"ax",%progbits
  55              		.align	1
  56              		.global	_ZN17CDCProtocolFormer19GetCommandFromFrameEN3etl5arrayIhLj8EEE
  57              		.syntax unified
  58              		.thumb
  59              		.thumb_func
  61              	_ZN17CDCProtocolFormer19GetCommandFromFrameEN3etl5arrayIhLj8EEE:
  62              		.fnstart
  63              	.LVL4:
  64              	.LFB5559:
  11:Core/Src/CDCExchangeProtocol/CDCProtocolFormer.cpp **** 
  12:Core/Src/CDCExchangeProtocol/CDCProtocolFormer.cpp **** CDCCommands CDCProtocolFormer::GetCommandFromFrame(etl::array<uint8_t, COMMAND_FRAME_MAX_LENGTH> fr
  65              		.loc 1 12 105 is_stmt 1 view -0
  66              		.cfi_startproc
  67              		@ args = 0, pretend = 0, frame = 8
  68              		@ frame_needed = 0, uses_anonymous_args = 0
  69              		@ link register save eliminated.
  70              		.loc 1 12 105 is_stmt 0 view .LVU7
  71 0000 82B0     		sub	sp, sp, #8
  72              	.LCFI0:
  73              		.cfi_def_cfa_offset 8
  74 0002 02AB     		add	r3, sp, #8
  75 0004 03E90600 		stmdb	r3, {r1, r2}
  13:Core/Src/CDCExchangeProtocol/CDCProtocolFormer.cpp **** 	if (frame.at(CDC_PROTOCOL_CMD_PLACE) == CDCCommands::SendConfig) {
  76              		.loc 1 13 2 is_stmt 1 view .LVU8
  77              		.loc 1 13 14 is_stmt 0 discriminator 1 view .LVU9
  78 0008 9DF80100 		ldrb	r0, [sp, #1]	@ zero_extendqisi2
  79              	.LVL5:
  80              		.loc 1 13 2 discriminator 1 view .LVU10
  81 000c CC28     		cmp	r0, #204
  82 000e 02D0     		beq	.L5
  14:Core/Src/CDCExchangeProtocol/CDCProtocolFormer.cpp **** 		return CDCCommands::SendConfig;
  15:Core/Src/CDCExchangeProtocol/CDCProtocolFormer.cpp **** 	}
  16:Core/Src/CDCExchangeProtocol/CDCProtocolFormer.cpp **** 	else if (frame.at(CDC_PROTOCOL_CMD_PLACE) == CDCCommands::CatchConfig) {
  83              		.loc 1 16 7 is_stmt 1 view .LVU11
  84              		.loc 1 16 7 is_stmt 0 discriminator 1 view .LVU12
  85 0010 BB28     		cmp	r0, #187
  86 0012 00D0     		beq	.L5
  17:Core/Src/CDCExchangeProtocol/CDCProtocolFormer.cpp **** 		return CDCCommands::CatchConfig;
  18:Core/Src/CDCExchangeProtocol/CDCProtocolFormer.cpp **** 	}
  19:Core/Src/CDCExchangeProtocol/CDCProtocolFormer.cpp **** 	else return CDCCommands::Undefined;
  87              		.loc 1 19 27 view .LVU13
  88 0014 CD20     		movs	r0, #205
  89              	.L5:
  20:Core/Src/CDCExchangeProtocol/CDCProtocolFormer.cpp **** }
  90              		.loc 1 20 1 view .LVU14
  91 0016 02B0     		add	sp, sp, #8
  92              	.LCFI1:
  93              		.cfi_def_cfa_offset 0
  94              		@ sp needed
  95 0018 7047     		bx	lr
  96              		.cfi_endproc
ARM GAS  C:\Users\subdia\AppData\Local\Temp\ccinmkK6.s 			page 3


  97              	.LFE5559:
  98              		.cantunwind
  99              		.fnend
 101              		.text
 102              	.Letext0:
 103              		.file 2 "C:/GNUArmToolchain/arm-none-eabi-gcc-15.2.1/arm-none-eabi/include/machine/_default_types.
 104              		.file 3 "C:/GNUArmToolchain/arm-none-eabi-gcc-15.2.1/lib/gcc/arm-none-eabi/15.2.1/include/stddef.h
 105              		.file 4 "C:/GNUArmToolchain/arm-none-eabi-gcc-15.2.1/arm-none-eabi/include/sys/_stdint.h"
 106              		.file 5 "C:/GNUArmToolchain/arm-none-eabi-gcc-15.2.1/arm-none-eabi/include/c++/15.2.1/type_traits"
 107              		.file 6 "C:/GNUArmToolchain/arm-none-eabi-gcc-15.2.1/arm-none-eabi/include/c++/15.2.1/cmath"
 108              		.file 7 "C:/GNUArmToolchain/arm-none-eabi-gcc-15.2.1/arm-none-eabi/include/c++/15.2.1/debug/debug.
 109              		.file 8 "C:/GNUArmToolchain/arm-none-eabi-gcc-15.2.1/arm-none-eabi/include/c++/15.2.1/bits/std_abs
 110              		.file 9 "C:/GNUArmToolchain/arm-none-eabi-gcc-15.2.1/arm-none-eabi/include/c++/15.2.1/arm-none-eab
 111              		.file 10 "C:/GNUArmToolchain/arm-none-eabi-gcc-15.2.1/arm-none-eabi/include/c++/15.2.1/cwchar"
 112              		.file 11 "C:/GNUArmToolchain/arm-none-eabi-gcc-15.2.1/arm-none-eabi/include/c++/15.2.1/bits/except
 113              		.file 12 "C:/GNUArmToolchain/arm-none-eabi-gcc-15.2.1/arm-none-eabi/include/c++/15.2.1/bits/shared
 114              		.file 13 "C:/GNUArmToolchain/arm-none-eabi-gcc-15.2.1/arm-none-eabi/include/c++/15.2.1/clocale"
 115              		.file 14 "C:/GNUArmToolchain/arm-none-eabi-gcc-15.2.1/arm-none-eabi/include/c++/15.2.1/string_view
 116              		.file 15 "C:/GNUArmToolchain/arm-none-eabi-gcc-15.2.1/arm-none-eabi/include/c++/15.2.1/bits/basic_
 117              		.file 16 "C:/GNUArmToolchain/arm-none-eabi-gcc-15.2.1/arm-none-eabi/include/c++/15.2.1/cstdlib"
 118              		.file 17 "C:/GNUArmToolchain/arm-none-eabi-gcc-15.2.1/arm-none-eabi/include/c++/15.2.1/cstdio"
 119              		.file 18 "C:/GNUArmToolchain/arm-none-eabi-gcc-15.2.1/arm-none-eabi/include/c++/15.2.1/cstddef"
 120              		.file 19 "C:/GNUArmToolchain/arm-none-eabi-gcc-15.2.1/arm-none-eabi/include/c++/15.2.1/system_erro
 121              		.file 20 "C:/GNUArmToolchain/arm-none-eabi-gcc-15.2.1/arm-none-eabi/include/c++/15.2.1/functional"
 122              		.file 21 "C:/GNUArmToolchain/arm-none-eabi-gcc-15.2.1/arm-none-eabi/include/c++/15.2.1/bits/predef
 123              		.file 22 "libs/etl/profiles/determine_builtin_support.h"
 124              		.file 23 "libs/etl/platform.h"
 125              		.file 24 "libs/etl/integral_limits.h"
 126              		.file 25 "libs/etl/utility.h"
 127              		.file 26 "libs/etl/functional.h"
 128              		.file 27 "libs/etl/iterator.h"
 129              		.file 28 "libs/etl/ranges.h"
 130              		.file 29 "libs/etl/smallest.h"
 131              		.file 30 "libs/etl/type_list.h"
 132              		.file 31 "libs/etl/tuple.h"
 133              		.file 32 "libs/etl/algorithm.h"
 134              		.file 33 "libs/etl/array.h"
 135              		.file 34 "libs/etl/type_traits.h"
 136              		.file 35 "libs/etl/parameter_type.h"
 137              		.file 36 "C:/GNUArmToolchain/arm-none-eabi-gcc-15.2.1/arm-none-eabi/include/sys/_types.h"
 138              		.file 37 "<built-in>"
 139              		.file 38 "C:/GNUArmToolchain/arm-none-eabi-gcc-15.2.1/arm-none-eabi/include/sys/reent.h"
 140              		.file 39 "C:/GNUArmToolchain/arm-none-eabi-gcc-15.2.1/arm-none-eabi/include/sys/lock.h"
 141              		.file 40 "C:/GNUArmToolchain/arm-none-eabi-gcc-15.2.1/arm-none-eabi/include/math.h"
 142              		.file 41 "C:/GNUArmToolchain/arm-none-eabi-gcc-15.2.1/arm-none-eabi/include/stdlib.h"
 143              		.file 42 "C:/GNUArmToolchain/arm-none-eabi-gcc-15.2.1/arm-none-eabi/include/c++/15.2.1/bits/stl_it
 144              		.file 43 "C:/GNUArmToolchain/arm-none-eabi-gcc-15.2.1/arm-none-eabi/include/c++/15.2.1/math.h"
 145              		.file 44 "C:/GNUArmToolchain/arm-none-eabi-gcc-15.2.1/lib/gcc/arm-none-eabi/15.2.1/include/stdarg.
 146              		.file 45 "C:/GNUArmToolchain/arm-none-eabi-gcc-15.2.1/arm-none-eabi/include/wchar.h"
 147              		.file 46 "C:/GNUArmToolchain/arm-none-eabi-gcc-15.2.1/arm-none-eabi/include/c++/15.2.1/pstl/execut
 148              		.file 47 "C:/GNUArmToolchain/arm-none-eabi-gcc-15.2.1/arm-none-eabi/include/locale.h"
 149              		.file 48 "C:/GNUArmToolchain/arm-none-eabi-gcc-15.2.1/arm-none-eabi/include/stdio.h"
 150              		.file 49 "Core/Src/CDCExchangeProtocol/ICDCProtocolFormer.hpp"
 151              		.file 50 "C:/GNUArmToolchain/arm-none-eabi-gcc-15.2.1/arm-none-eabi/include/c++/15.2.1/ext/concurr
 152              		.file 51 "Core/Src/CDCExchangeProtocol/CDCProtocolFormer.hpp"
 153              		.file 52 "C:/GNUArmToolchain/arm-none-eabi-gcc-15.2.1/arm-none-eabi/include/c++/15.2.1/bits/memory
ARM GAS  C:\Users\subdia\AppData\Local\Temp\ccinmkK6.s 			page 4


DEFINED SYMBOLS
                            *ABS*:00000000 CDCProtocolFormer.cpp
C:\Users\subdia\AppData\Local\Temp\ccinmkK6.s:19     .text._ZN17CDCProtocolFormer11IsItCommandEh:00000000 $t
C:\Users\subdia\AppData\Local\Temp\ccinmkK6.s:25     .text._ZN17CDCProtocolFormer11IsItCommandEh:00000000 _ZN17CDCProtocolFormer11IsItCommandEh
.ARM.exidx.text._ZN17CDCProtocolFormer11IsItCommandEh:00000000 $d
C:\Users\subdia\AppData\Local\Temp\ccinmkK6.s:55     .text._ZN17CDCProtocolFormer19GetCommandFromFrameEN3etl5arrayIhLj8EEE:00000000 $t
C:\Users\subdia\AppData\Local\Temp\ccinmkK6.s:61     .text._ZN17CDCProtocolFormer19GetCommandFromFrameEN3etl5arrayIhLj8EEE:00000000 _ZN17CDCProtocolFormer19GetCommandFromFrameEN3etl5arrayIhLj8EEE
.ARM.exidx.text._ZN17CDCProtocolFormer19GetCommandFromFrameEN3etl5arrayIhLj8EEE:00000000 $d

NO UNDEFINED SYMBOLS
