ARM GAS  C:\Users\subdia\AppData\Local\Temp\ccQzMxRC.s 			page 1


   1              		.cpu cortex-m3
   2              		.arch armv7-m
   3              		.fpu softvfp
   4              		.eabi_attribute 20, 1
   5              		.eabi_attribute 21, 1
   6              		.eabi_attribute 23, 3
   7              		.eabi_attribute 24, 1
   8              		.eabi_attribute 25, 1
   9              		.eabi_attribute 26, 1
  10              		.eabi_attribute 30, 1
  11              		.eabi_attribute 34, 1
  12              		.eabi_attribute 18, 4
  13              		.file	"freertos.c"
  14              		.text
  15              	.Ltext0:
  16              		.cfi_sections	.debug_frame
  17              		.file 1 "Core/Src/freertos.c"
  18              		.section	.text.vApplicationGetIdleTaskMemory,"ax",%progbits
  19              		.align	1
  20              		.global	vApplicationGetIdleTaskMemory
  21              		.syntax unified
  22              		.thumb
  23              		.thumb_func
  25              	vApplicationGetIdleTaskMemory:
  26              	.LVL0:
  27              	.LFB70:
   1:Core/Src/freertos.c **** /* USER CODE BEGIN Header */
   2:Core/Src/freertos.c **** /**
   3:Core/Src/freertos.c ****   ******************************************************************************
   4:Core/Src/freertos.c ****   * File Name          : freertos.c
   5:Core/Src/freertos.c ****   * Description        : Code for freertos applications
   6:Core/Src/freertos.c ****   ******************************************************************************
   7:Core/Src/freertos.c ****   * @attention
   8:Core/Src/freertos.c ****   *
   9:Core/Src/freertos.c ****   * Copyright (c) 2026 STMicroelectronics.
  10:Core/Src/freertos.c ****   * All rights reserved.
  11:Core/Src/freertos.c ****   *
  12:Core/Src/freertos.c ****   * This software is licensed under terms that can be found in the LICENSE file
  13:Core/Src/freertos.c ****   * in the root directory of this software component.
  14:Core/Src/freertos.c ****   * If no LICENSE file comes with this software, it is provided AS-IS.
  15:Core/Src/freertos.c ****   *
  16:Core/Src/freertos.c ****   ******************************************************************************
  17:Core/Src/freertos.c ****   */
  18:Core/Src/freertos.c **** /* USER CODE END Header */
  19:Core/Src/freertos.c **** 
  20:Core/Src/freertos.c **** /* Includes ------------------------------------------------------------------*/
  21:Core/Src/freertos.c **** #include "FreeRTOS.h"
  22:Core/Src/freertos.c **** #include "task.h"
  23:Core/Src/freertos.c **** #include "main.h"
  24:Core/Src/freertos.c **** 
  25:Core/Src/freertos.c **** /* Private includes ----------------------------------------------------------*/
  26:Core/Src/freertos.c **** /* USER CODE BEGIN Includes */
  27:Core/Src/freertos.c **** 
  28:Core/Src/freertos.c **** /* USER CODE END Includes */
  29:Core/Src/freertos.c **** 
  30:Core/Src/freertos.c **** /* Private typedef -----------------------------------------------------------*/
  31:Core/Src/freertos.c **** /* USER CODE BEGIN PTD */
ARM GAS  C:\Users\subdia\AppData\Local\Temp\ccQzMxRC.s 			page 2


  32:Core/Src/freertos.c **** 
  33:Core/Src/freertos.c **** /* USER CODE END PTD */
  34:Core/Src/freertos.c **** 
  35:Core/Src/freertos.c **** /* Private define ------------------------------------------------------------*/
  36:Core/Src/freertos.c **** /* USER CODE BEGIN PD */
  37:Core/Src/freertos.c **** 
  38:Core/Src/freertos.c **** /* USER CODE END PD */
  39:Core/Src/freertos.c **** 
  40:Core/Src/freertos.c **** /* Private macro -------------------------------------------------------------*/
  41:Core/Src/freertos.c **** /* USER CODE BEGIN PM */
  42:Core/Src/freertos.c **** 
  43:Core/Src/freertos.c **** /* USER CODE END PM */
  44:Core/Src/freertos.c **** 
  45:Core/Src/freertos.c **** /* Private variables ---------------------------------------------------------*/
  46:Core/Src/freertos.c **** /* USER CODE BEGIN Variables */
  47:Core/Src/freertos.c **** 
  48:Core/Src/freertos.c **** /* USER CODE END Variables */
  49:Core/Src/freertos.c **** 
  50:Core/Src/freertos.c **** /* Private function prototypes -----------------------------------------------*/
  51:Core/Src/freertos.c **** /* USER CODE BEGIN FunctionPrototypes */
  52:Core/Src/freertos.c **** 
  53:Core/Src/freertos.c **** /* USER CODE END FunctionPrototypes */
  54:Core/Src/freertos.c **** 
  55:Core/Src/freertos.c **** /* GetIdleTaskMemory prototype (linked to static allocation support) */
  56:Core/Src/freertos.c **** void vApplicationGetIdleTaskMemory( StaticTask_t **ppxIdleTaskTCBBuffer, StackType_t **ppxIdleTaskS
  57:Core/Src/freertos.c **** 
  58:Core/Src/freertos.c **** /* USER CODE BEGIN GET_IDLE_TASK_MEMORY */
  59:Core/Src/freertos.c **** static StaticTask_t xIdleTaskTCBBuffer;
  60:Core/Src/freertos.c **** static StackType_t xIdleStack[configMINIMAL_STACK_SIZE];
  61:Core/Src/freertos.c **** 
  62:Core/Src/freertos.c **** void vApplicationGetIdleTaskMemory( StaticTask_t **ppxIdleTaskTCBBuffer, StackType_t **ppxIdleTaskS
  63:Core/Src/freertos.c **** {
  28              		.loc 1 63 1 view -0
  29              		.cfi_startproc
  30              		@ args = 0, pretend = 0, frame = 0
  31              		@ frame_needed = 0, uses_anonymous_args = 0
  32              		@ link register save eliminated.
  64:Core/Src/freertos.c ****   *ppxIdleTaskTCBBuffer = &xIdleTaskTCBBuffer;
  33              		.loc 1 64 3 view .LVU1
  34              		.loc 1 64 25 is_stmt 0 view .LVU2
  35 0000 034B     		ldr	r3, .L2
  36 0002 0360     		str	r3, [r0]
  65:Core/Src/freertos.c ****   *ppxIdleTaskStackBuffer = &xIdleStack[0];
  37              		.loc 1 65 3 is_stmt 1 view .LVU3
  38              		.loc 1 65 27 is_stmt 0 view .LVU4
  39 0004 034B     		ldr	r3, .L2+4
  40 0006 0B60     		str	r3, [r1]
  66:Core/Src/freertos.c ****   *pulIdleTaskStackSize = configMINIMAL_STACK_SIZE;
  41              		.loc 1 66 3 is_stmt 1 view .LVU5
  42              		.loc 1 66 25 is_stmt 0 view .LVU6
  43 0008 8023     		movs	r3, #128
  44 000a 1360     		str	r3, [r2]
  67:Core/Src/freertos.c ****   /* place for user code */
  68:Core/Src/freertos.c **** }
  45              		.loc 1 68 1 view .LVU7
  46 000c 7047     		bx	lr
  47              	.L3:
ARM GAS  C:\Users\subdia\AppData\Local\Temp\ccQzMxRC.s 			page 3


  48 000e 00BF     		.align	2
  49              	.L2:
  50 0010 00000000 		.word	xIdleTaskTCBBuffer
  51 0014 00000000 		.word	xIdleStack
  52              		.cfi_endproc
  53              	.LFE70:
  55              		.section	.bss.xIdleStack,"aw",%nobits
  56              		.align	2
  59              	xIdleStack:
  60 0000 00000000 		.space	512
  60      00000000 
  60      00000000 
  60      00000000 
  60      00000000 
  61              		.section	.bss.xIdleTaskTCBBuffer,"aw",%nobits
  62              		.align	2
  65              	xIdleTaskTCBBuffer:
  66 0000 00000000 		.space	84
  66      00000000 
  66      00000000 
  66      00000000 
  66      00000000 
  67              		.text
  68              	.Letext0:
  69              		.file 2 "C:/GNUArmToolchain/arm-none-eabi-gcc-15.2.1/arm-none-eabi/include/machine/_default_types.
  70              		.file 3 "C:/GNUArmToolchain/arm-none-eabi-gcc-15.2.1/arm-none-eabi/include/sys/_stdint.h"
  71              		.file 4 "Middlewares/Third_Party/FreeRTOS/Source/portable/GCC/ARM_CM3/portmacro.h"
  72              		.file 5 "Middlewares/Third_Party/FreeRTOS/Source/include/FreeRTOS.h"
ARM GAS  C:\Users\subdia\AppData\Local\Temp\ccQzMxRC.s 			page 4


DEFINED SYMBOLS
                            *ABS*:00000000 freertos.c
C:\Users\subdia\AppData\Local\Temp\ccQzMxRC.s:19     .text.vApplicationGetIdleTaskMemory:00000000 $t
C:\Users\subdia\AppData\Local\Temp\ccQzMxRC.s:25     .text.vApplicationGetIdleTaskMemory:00000000 vApplicationGetIdleTaskMemory
C:\Users\subdia\AppData\Local\Temp\ccQzMxRC.s:50     .text.vApplicationGetIdleTaskMemory:00000010 $d
C:\Users\subdia\AppData\Local\Temp\ccQzMxRC.s:65     .bss.xIdleTaskTCBBuffer:00000000 xIdleTaskTCBBuffer
C:\Users\subdia\AppData\Local\Temp\ccQzMxRC.s:59     .bss.xIdleStack:00000000 xIdleStack
C:\Users\subdia\AppData\Local\Temp\ccQzMxRC.s:56     .bss.xIdleStack:00000000 $d
C:\Users\subdia\AppData\Local\Temp\ccQzMxRC.s:62     .bss.xIdleTaskTCBBuffer:00000000 $d

NO UNDEFINED SYMBOLS
