ARM GAS  C:\Users\subdia\AppData\Local\Temp\ccodJMuS.s 			page 1


   1              		.cpu cortex-m3
   2              		.arch armv7-m
   3              		.fpu softvfp
   4              		.eabi_attribute 20, 1
   5              		.eabi_attribute 21, 1
   6              		.eabi_attribute 23, 3
   7              		.eabi_attribute 24, 1
   8              		.eabi_attribute 25, 1
   9              		.eabi_attribute 26, 1
  10              		.eabi_attribute 30, 1
  11              		.eabi_attribute 34, 1
  12              		.eabi_attribute 18, 4
  13              		.file	"lcd_graphics.c"
  14              		.text
  15              	.Ltext0:
  16              		.cfi_sections	.debug_frame
  17              		.file 1 "Core/Src/lcd_graphics.c"
  18              		.section	.text.fill_out_whole_screen,"ax",%progbits
  19              		.align	1
  20              		.global	fill_out_whole_screen
  21              		.syntax unified
  22              		.thumb
  23              		.thumb_func
  25              	fill_out_whole_screen:
  26              	.LFB0:
   1:Core/Src/lcd_graphics.c **** /*
   2:Core/Src/lcd_graphics.c ****  * lcd_graphics.c
   3:Core/Src/lcd_graphics.c ****  *
   4:Core/Src/lcd_graphics.c ****  *  Created on: Sep 18, 2026
   5:Core/Src/lcd_graphics.c ****  *      Author: subdia
   6:Core/Src/lcd_graphics.c ****  */
   7:Core/Src/lcd_graphics.c **** 
   8:Core/Src/lcd_graphics.c **** #include <stdint.h>
   9:Core/Src/lcd_graphics.c **** #include <string.h>
  10:Core/Src/lcd_graphics.c **** #include "ssd1306.h"
  11:Core/Src/lcd_graphics.c **** 
  12:Core/Src/lcd_graphics.c **** #define SCREEN_WIDTH 128
  13:Core/Src/lcd_graphics.c **** #define SCREEN_HEIGHT 64
  14:Core/Src/lcd_graphics.c **** #define SCREEN_DATA_SIZE ((SCREEN_WIDTH * SCREEN_HEIGHT)/8)
  15:Core/Src/lcd_graphics.c **** 
  16:Core/Src/lcd_graphics.c **** uint8_t screen_data[SCREEN_DATA_SIZE] = {};
  17:Core/Src/lcd_graphics.c **** uint8_t temp_data[SCREEN_DATA_SIZE] = {
  18:Core/Src/lcd_graphics.c **** 		0x0,0x0,0x0,0x0,0x0,0x0,0x0,0x0,0x0,0x0,0x0,0x0,0x0,0x0,0x0,0x0,
  19:Core/Src/lcd_graphics.c **** 		0x0,0x0,0x0,0x0,0x0,0x0,0x0,0x0,0x0,0x0,0x0,0x0,0x0,0x0,0x0,0x0,
  20:Core/Src/lcd_graphics.c **** 		0x0,0x0,0x0,0x0,0x0,0x0,0x0,0x0,0x0,0x80,0x40,0x20,0x20,0x20,0x20,0x0,
  21:Core/Src/lcd_graphics.c **** 		0x0,0x0,0x80,0x80,0x80,0x80,0x0,0x0,0x0,0x0,0x80,0x80,0x80,0x0,0x0,0x0,
  22:Core/Src/lcd_graphics.c **** 		0x80,0x80,0x80,0x80,0x0,0x0,0x0,0x0,0x80,0x80,0x80,0x80,0x80,0x0,0x0,0x80,
  23:Core/Src/lcd_graphics.c **** 		0x0,0x0,0x0,0x0,0x80,0x0,0x0,0x0,0x0,0x0,0x0,0x0,0x0,0x0,0x0,0x0,
  24:Core/Src/lcd_graphics.c **** 		0x0,0x0,0x0,0x0,0x0,0x0,0x0,0x0,0x0,0x0,0x0,0x0,0x0,0x0,0x0,0x0,
  25:Core/Src/lcd_graphics.c **** 		0x0,0x0,0x0,0x0,0x0,0x0,0x0,0x0,0x0,0x0,0x0,0x0,0x0,0x0,0x0,0x0,
  26:Core/Src/lcd_graphics.c **** 		0x0,0x0,0x0,0x0,0x0,0x0,0x0,0x0,0x0,0x0,0x0,0x0,0x0,0x0,0x0,0x0,
  27:Core/Src/lcd_graphics.c **** 		0x0,0x0,0x0,0x0,0x0,0x0,0x0,0x0,0x0,0x0,0x0,0x0,0x0,0x0,0x0,0x0,
  28:Core/Src/lcd_graphics.c **** 		0x0,0x0,0x0,0x0,0x0,0x0,0x0,0x0,0x0,0xf,0x10,0x20,0x20,0x20,0x20,0x0,
  29:Core/Src/lcd_graphics.c **** 		0x0,0x1f,0x31,0x20,0x20,0x20,0x1f,0x0,0x0,0x1f,0x20,0x20,0x20,0x11,0x0,0x1f,
  30:Core/Src/lcd_graphics.c **** 		0x25,0x24,0x24,0x24,0x27,0x0,0xe0,0x30,0x2f,0x20,0x20,0x20,0x3f,0xe0,0x0,0x3f,
  31:Core/Src/lcd_graphics.c **** 		0x18,0xc,0x6,0x3,0x3f,0x0,0x0,0x70,0x30,0x0,0x0,0x0,0x0,0x0,0x0,0x0,
  32:Core/Src/lcd_graphics.c **** 		0x0,0x0,0x0,0x0,0x0,0x0,0x0,0x0,0x0,0x0,0x0,0x0,0x0,0x0,0x0,0x0,
ARM GAS  C:\Users\subdia\AppData\Local\Temp\ccodJMuS.s 			page 2


  33:Core/Src/lcd_graphics.c **** 		0x0,0x0,0x0,0x0,0x0,0x0,0x0,0x0,0x0,0x0,0x0,0x0,0x0,0x0,0x0,0x0,
  34:Core/Src/lcd_graphics.c **** 		0x0,0x0,0x0,0x0,0x0,0x0,0x0,0x0,0x0,0x0,0x0,0x0,0x0,0x0,0x0,0x0,
  35:Core/Src/lcd_graphics.c **** 		0x0,0x0,0x0,0x0,0x0,0x0,0x0,0x0,0x0,0x80,0x80,0x80,0x80,0x80,0x0,0x0,
  36:Core/Src/lcd_graphics.c **** 		0x0,0x0,0x0,0x0,0x0,0x0,0x0,0x0,0x0,0x0,0x80,0x80,0xc0,0xc0,0x40,0x40,
  37:Core/Src/lcd_graphics.c **** 		0x0,0x0,0x0,0x0,0x0,0x0,0x0,0x0,0x0,0x0,0x0,0x0,0x0,0x0,0x0,0x0,
  38:Core/Src/lcd_graphics.c **** 		0x0,0x0,0x0,0x0,0x0,0x0,0x0,0x0,0x0,0x0,0x0,0x0,0x0,0x0,0x0,0x0,
  39:Core/Src/lcd_graphics.c **** 		0x0,0x0,0x0,0x0,0x0,0x0,0x0,0x0,0x0,0x0,0x0,0x0,0x0,0x0,0x0,0x0,
  40:Core/Src/lcd_graphics.c **** 		0x0,0x0,0x0,0x0,0x0,0x0,0x0,0x0,0x0,0x0,0x0,0x0,0xc0,0xc0,0x0,0x0,
  41:Core/Src/lcd_graphics.c **** 		0x0,0x0,0x0,0x0,0x0,0x0,0x0,0x0,0x0,0x0,0x0,0x0,0x0,0x0,0x0,0x0,
  42:Core/Src/lcd_graphics.c **** 		0x0,0x0,0x0,0x0,0x0,0x0,0x0,0x0,0x0,0x0,0x0,0x0,0x0,0x0,0x0,0x0,
  43:Core/Src/lcd_graphics.c **** 		0x0,0x0,0x0,0x0,0x0,0x0,0x0,0x80,0xf0,0x1f,0x0,0x0,0x0,0xff,0x0,0x0,
  44:Core/Src/lcd_graphics.c **** 		0x0,0xf8,0x8c,0x4,0x4,0x8c,0xf8,0x0,0x0,0x7e,0x8b,0x4,0x4,0x4,0x8c,0x78,
  45:Core/Src/lcd_graphics.c **** 		0x0,0x0,0xfc,0x88,0x4,0x4,0x4,0xf8,0x0,0x0,0xf8,0x8c,0x4,0x4,0x8c,0xf8,
  46:Core/Src/lcd_graphics.c **** 		0x0,0x0,0xf8,0xac,0x24,0x24,0x24,0x38,0x0,0x0,0x0,0x0,0x0,0x4,0x1c,0xe0,
  47:Core/Src/lcd_graphics.c **** 		0x80,0xc0,0x38,0x4,0x4,0x4,0xfc,0xfc,0x4,0x4,0x0,0xfc,0x88,0x4,0x4,0x4,
  48:Core/Src/lcd_graphics.c **** 		0xf8,0x0,0x0,0xf8,0x8c,0x4,0x4,0x8c,0xf8,0x0,0x0,0x0,0xbf,0x80,0x0,0x0,
  49:Core/Src/lcd_graphics.c **** 		0x0,0x0,0x0,0x0,0x0,0x0,0x0,0x0,0x0,0x0,0x0,0x0,0x0,0x0,0x0,0x0,
  50:Core/Src/lcd_graphics.c **** 		0x0,0x0,0x0,0x0,0x0,0x0,0x0,0x0,0x0,0x0,0x0,0x0,0x0,0x0,0x0,0x0,
  51:Core/Src/lcd_graphics.c **** 		0x0,0x0,0x0,0x0,0x0,0x0,0xf,0x1,0x1,0x1,0x1,0x1,0x1,0x1,0x1,0xf,
  52:Core/Src/lcd_graphics.c **** 		0x0,0x0,0x1,0x1,0x1,0x1,0x0,0x0,0x0,0x0,0x0,0x1,0x1,0x1,0x0,0x0,
  53:Core/Src/lcd_graphics.c **** 		0x0,0x0,0xf,0x0,0x1,0x1,0x1,0x0,0x0,0x0,0x0,0x1,0x1,0x1,0x1,0x0,
  54:Core/Src/lcd_graphics.c **** 		0x0,0x0,0x0,0x1,0x1,0x1,0x1,0x1,0x0,0x0,0x0,0x0,0x0,0x0,0x0,0x8,
  55:Core/Src/lcd_graphics.c **** 		0x7,0x1,0x0,0x0,0x0,0x0,0x1,0x1,0x0,0x0,0x0,0xf,0x0,0x1,0x1,0x1,
  56:Core/Src/lcd_graphics.c **** 		0x0,0x0,0x0,0x0,0x1,0x1,0x1,0x1,0x0,0x0,0x0,0x0,0x1,0x1,0x0,0x0,
  57:Core/Src/lcd_graphics.c **** 		0x0,0x0,0x0,0x0,0x0,0x0,0x0,0x0,0x0,0x0,0x0,0x0,0x0,0x0,0x0,0x0,
  58:Core/Src/lcd_graphics.c **** 		0x0,0x0,0x0,0x0,0x0,0x0,0x0,0x0,0x0,0x0,0x0,0x0,0x0,0x0,0x0,0x0,
  59:Core/Src/lcd_graphics.c **** 		0x0,0x0,0x0,0x0,0x0,0x0,0x0,0x0,0x0,0x0,0x0,0x0,0x0,0x0,0x0,0x0,
  60:Core/Src/lcd_graphics.c **** 		0x0,0x0,0x0,0x0,0x0,0x0,0x0,0x0,0x0,0x0,0x0,0x0,0x0,0x0,0x0,0x0,
  61:Core/Src/lcd_graphics.c **** 		0x0,0x0,0x0,0x0,0x0,0x0,0x0,0x0,0x0,0x0,0x60,0x60,0x0,0x0,0x2,0x7c,
  62:Core/Src/lcd_graphics.c **** 		0xc0,0x0,0x0,0x0,0x0,0x0,0x0,0x0,0x0,0x0,0x0,0x0,0x0,0x0,0x0,0x0,
  63:Core/Src/lcd_graphics.c **** 		0x0,0x0,0x0,0x0,0x0,0x0,0x0,0x0,0x0,0x0,0x0,0x0,0x0,0x0,0x0,0x0,
  64:Core/Src/lcd_graphics.c **** 		0x0,0x0,0x0,0x0,0x0,0x0,0x0,0x0,0x0,0x0,0x0,0x0,0x0,0x0,0x0,0x0,
  65:Core/Src/lcd_graphics.c **** 		0x0,0x0,0x0,0x0,0x0,0x0,0x0,0x0,0x0,0x0,0x0,0x0,0x0,0x0,0x0,0x0,
  66:Core/Src/lcd_graphics.c **** 		0x0,0x0,0x0,0x0,0x0,0x0,0x0,0x0,0x0,0x0,0x0,0x0,0x0,0x0,0x0,0x0,
  67:Core/Src/lcd_graphics.c **** 		0x0,0x0,0x0,0x0,0x0,0x0,0x0,0x0,0x0,0x0,0x0,0x0,0x0,0x0,0x0,0x0,
  68:Core/Src/lcd_graphics.c **** 		0x0,0x0,0x0,0x0,0x0,0x0,0x0,0x0,0x0,0x0,0x0,0x0,0x0,0x0,0x0,0x0,
  69:Core/Src/lcd_graphics.c **** 		0x0,0x0,0x0,0x0,0x0,0x0,0x0,0x0,0x0,0x0,0xc,0xc,0x0,0x0,0x40,0x3e,
  70:Core/Src/lcd_graphics.c **** 		0x7,0x0,0x0,0x0,0x0,0x0,0x0,0x0,0x0,0x0,0x0,0x0,0x0,0x0,0x0,0x0,
  71:Core/Src/lcd_graphics.c **** 		0x0,0x0,0x0,0x0,0x0,0x0,0x0,0x0,0x0,0x0,0x0,0x0,0x0,0x0,0x0,0x0,
  72:Core/Src/lcd_graphics.c **** 		0x0,0x0,0x0,0x0,0x0,0x0,0x0,0x0,0x0,0x0,0x0,0x0,0x0,0x0,0x0,0x0,
  73:Core/Src/lcd_graphics.c **** 		0x0,0x0,0x0,0x0,0x0,0x0,0x0,0x0,0x0,0x0,0x0,0x0,0x0,0x0,0x0,0x0,
  74:Core/Src/lcd_graphics.c **** 		0x0,0x0,0x0,0x0,0x0,0x0,0x0,0x0,0x0,0x0,0x0,0x0,0x0,0x0,0x0,0x0,
  75:Core/Src/lcd_graphics.c **** 		0x0,0x0,0x0,0x0,0x0,0x0,0x0,0x0,0x0,0x0,0x0,0x0,0x0,0x0,0x0,0x0,
  76:Core/Src/lcd_graphics.c **** 		0x0,0x0,0x0,0x0,0x0,0x0,0x0,0x0,0x0,0x0,0x0,0x0,0x0,0x0,0x0,0x0,
  77:Core/Src/lcd_graphics.c **** 		0x0,0x0,0x0,0x0,0x0,0x0,0x0,0x0,0x0,0x0,0x0,0x0,0x0,0x0,0x0,0x0,
  78:Core/Src/lcd_graphics.c **** 		0x0,0x0,0x0,0x0,0x0,0x0,0x0,0x0,0x0,0x0,0x0,0x0,0x0,0x0,0x0,0x0,
  79:Core/Src/lcd_graphics.c **** 		0x0,0x0,0x0,0x0,0x0,0x0,0x0,0x0,0x0,0x0,0x0,0x0,0x0,0x0,0x0,0x0,
  80:Core/Src/lcd_graphics.c **** 		0x0,0x0,0x0,0x0,0x0,0x0,0x0,0x0,0x0,0x0,0x0,0x0,0x0,0x0,0x0,0x0,
  81:Core/Src/lcd_graphics.c **** 		0x0,0x0,0x0,0x0,0x0,0x0,0x0,0x0,0x0,0x0,0x0,0x0,0x0,0x0,0x0,0x0
  82:Core/Src/lcd_graphics.c **** };
  83:Core/Src/lcd_graphics.c **** 
  84:Core/Src/lcd_graphics.c **** void fill_out_whole_screen(void) {
  27              		.loc 1 84 34 view -0
  28              		.cfi_startproc
  29              		@ args = 0, pretend = 0, frame = 0
  30              		@ frame_needed = 0, uses_anonymous_args = 0
  31 0000 08B5     		push	{r3, lr}
ARM GAS  C:\Users\subdia\AppData\Local\Temp\ccodJMuS.s 			page 3


  32              	.LCFI0:
  33              		.cfi_def_cfa_offset 8
  34              		.cfi_offset 3, -8
  35              		.cfi_offset 14, -4
  85:Core/Src/lcd_graphics.c **** 	SSD1306_SendData(screen_data, SCREEN_DATA_SIZE);
  36              		.loc 1 85 2 view .LVU1
  37 0002 4FF48061 		mov	r1, #1024
  38 0006 0248     		ldr	r0, .L3
  39 0008 FFF7FEFF 		bl	SSD1306_SendData
  40              	.LVL0:
  86:Core/Src/lcd_graphics.c **** 	return;
  41              		.loc 1 86 2 view .LVU2
  87:Core/Src/lcd_graphics.c **** }
  42              		.loc 1 87 1 is_stmt 0 view .LVU3
  43 000c 08BD     		pop	{r3, pc}
  44              	.L4:
  45 000e 00BF     		.align	2
  46              	.L3:
  47 0010 00000000 		.word	screen_data
  48              		.cfi_endproc
  49              	.LFE0:
  51              		.section	.text.fill_out_screen_data_with_zeroes,"ax",%progbits
  52              		.align	1
  53              		.global	fill_out_screen_data_with_zeroes
  54              		.syntax unified
  55              		.thumb
  56              		.thumb_func
  58              	fill_out_screen_data_with_zeroes:
  59              	.LFB1:
  88:Core/Src/lcd_graphics.c **** 
  89:Core/Src/lcd_graphics.c **** void fill_out_screen_data_with_zeroes (void) {
  60              		.loc 1 89 46 is_stmt 1 view -0
  61              		.cfi_startproc
  62              		@ args = 0, pretend = 0, frame = 0
  63              		@ frame_needed = 0, uses_anonymous_args = 0
  64              		@ link register save eliminated.
  90:Core/Src/lcd_graphics.c **** 	for (uint16_t i = 0; i < SCREEN_DATA_SIZE; i++) {
  65              		.loc 1 90 2 view .LVU5
  66              	.LBB2:
  67              		.loc 1 90 7 view .LVU6
  68              	.LVL1:
  69              		.loc 1 90 16 is_stmt 0 view .LVU7
  70 0000 0023     		movs	r3, #0
  71              		.loc 1 90 2 view .LVU8
  72 0002 04E0     		b	.L6
  73              	.LVL2:
  74              	.L7:
  91:Core/Src/lcd_graphics.c **** 		screen_data[i] = 0x00;
  75              		.loc 1 91 3 is_stmt 1 view .LVU9
  76              		.loc 1 91 18 is_stmt 0 view .LVU10
  77 0004 044A     		ldr	r2, .L8
  78 0006 0021     		movs	r1, #0
  79 0008 D154     		strb	r1, [r2, r3]
  90:Core/Src/lcd_graphics.c **** 	for (uint16_t i = 0; i < SCREEN_DATA_SIZE; i++) {
  80              		.loc 1 90 46 is_stmt 1 discriminator 3 view .LVU11
  81 000a 0133     		adds	r3, r3, #1
  82              	.LVL3:
ARM GAS  C:\Users\subdia\AppData\Local\Temp\ccodJMuS.s 			page 4


  90:Core/Src/lcd_graphics.c **** 	for (uint16_t i = 0; i < SCREEN_DATA_SIZE; i++) {
  83              		.loc 1 90 46 is_stmt 0 discriminator 3 view .LVU12
  84 000c 9BB2     		uxth	r3, r3
  85              	.LVL4:
  86              	.L6:
  90:Core/Src/lcd_graphics.c **** 	for (uint16_t i = 0; i < SCREEN_DATA_SIZE; i++) {
  87              		.loc 1 90 25 is_stmt 1 discriminator 1 view .LVU13
  88 000e B3F5806F 		cmp	r3, #1024
  89 0012 F7D3     		bcc	.L7
  90              	.LBE2:
  92:Core/Src/lcd_graphics.c **** 	}
  93:Core/Src/lcd_graphics.c **** 	return;
  94:Core/Src/lcd_graphics.c **** }
  91              		.loc 1 94 1 is_stmt 0 view .LVU14
  92 0014 7047     		bx	lr
  93              	.L9:
  94 0016 00BF     		.align	2
  95              	.L8:
  96 0018 00000000 		.word	screen_data
  97              		.cfi_endproc
  98              	.LFE1:
 100              		.section	.text.fill_out_screen_data_with_ff,"ax",%progbits
 101              		.align	1
 102              		.global	fill_out_screen_data_with_ff
 103              		.syntax unified
 104              		.thumb
 105              		.thumb_func
 107              	fill_out_screen_data_with_ff:
 108              	.LFB2:
  95:Core/Src/lcd_graphics.c **** 
  96:Core/Src/lcd_graphics.c **** void fill_out_screen_data_with_ff (void) {
 109              		.loc 1 96 42 is_stmt 1 view -0
 110              		.cfi_startproc
 111              		@ args = 0, pretend = 0, frame = 0
 112              		@ frame_needed = 0, uses_anonymous_args = 0
 113              		@ link register save eliminated.
  97:Core/Src/lcd_graphics.c **** 	for (uint16_t i = 0; i < SCREEN_DATA_SIZE; i++) {
 114              		.loc 1 97 2 view .LVU16
 115              	.LBB3:
 116              		.loc 1 97 7 view .LVU17
 117              	.LVL5:
 118              		.loc 1 97 16 is_stmt 0 view .LVU18
 119 0000 0023     		movs	r3, #0
 120              		.loc 1 97 2 view .LVU19
 121 0002 04E0     		b	.L11
 122              	.LVL6:
 123              	.L12:
  98:Core/Src/lcd_graphics.c **** 		screen_data[i] = 0xFF;
 124              		.loc 1 98 3 is_stmt 1 view .LVU20
 125              		.loc 1 98 18 is_stmt 0 view .LVU21
 126 0004 044A     		ldr	r2, .L13
 127 0006 FF21     		movs	r1, #255
 128 0008 D154     		strb	r1, [r2, r3]
  97:Core/Src/lcd_graphics.c **** 	for (uint16_t i = 0; i < SCREEN_DATA_SIZE; i++) {
 129              		.loc 1 97 46 is_stmt 1 discriminator 3 view .LVU22
 130 000a 0133     		adds	r3, r3, #1
 131              	.LVL7:
ARM GAS  C:\Users\subdia\AppData\Local\Temp\ccodJMuS.s 			page 5


  97:Core/Src/lcd_graphics.c **** 	for (uint16_t i = 0; i < SCREEN_DATA_SIZE; i++) {
 132              		.loc 1 97 46 is_stmt 0 discriminator 3 view .LVU23
 133 000c 9BB2     		uxth	r3, r3
 134              	.LVL8:
 135              	.L11:
  97:Core/Src/lcd_graphics.c **** 	for (uint16_t i = 0; i < SCREEN_DATA_SIZE; i++) {
 136              		.loc 1 97 25 is_stmt 1 discriminator 1 view .LVU24
 137 000e B3F5806F 		cmp	r3, #1024
 138 0012 F7D3     		bcc	.L12
 139              	.LBE3:
  99:Core/Src/lcd_graphics.c **** 	}
 100:Core/Src/lcd_graphics.c **** 	return;
 101:Core/Src/lcd_graphics.c **** }
 140              		.loc 1 101 1 is_stmt 0 view .LVU25
 141 0014 7047     		bx	lr
 142              	.L14:
 143 0016 00BF     		.align	2
 144              	.L13:
 145 0018 00000000 		.word	screen_data
 146              		.cfi_endproc
 147              	.LFE2:
 149              		.section	.text.prepare_screen_data,"ax",%progbits
 150              		.align	1
 151              		.global	prepare_screen_data
 152              		.syntax unified
 153              		.thumb
 154              		.thumb_func
 156              	prepare_screen_data:
 157              	.LVL9:
 158              	.LFB3:
 102:Core/Src/lcd_graphics.c **** 
 103:Core/Src/lcd_graphics.c **** void prepare_screen_data(uint8_t* data, size_t size) {
 159              		.loc 1 103 54 is_stmt 1 view -0
 160              		.cfi_startproc
 161              		@ args = 0, pretend = 0, frame = 0
 162              		@ frame_needed = 0, uses_anonymous_args = 0
 163              		@ link register save eliminated.
 104:Core/Src/lcd_graphics.c **** 	for (uint16_t i = 0; i < size; i++) {
 164              		.loc 1 104 2 view .LVU27
 165              	.LBB4:
 166              		.loc 1 104 7 view .LVU28
 167              		.loc 1 104 16 is_stmt 0 view .LVU29
 168 0000 0023     		movs	r3, #0
 169              		.loc 1 104 2 view .LVU30
 170 0002 06E0     		b	.L16
 171              	.LVL10:
 172              	.L17:
 105:Core/Src/lcd_graphics.c **** 		screen_data[i] = data[i];
 173              		.loc 1 105 3 is_stmt 1 view .LVU31
 174              		.loc 1 105 24 is_stmt 0 view .LVU32
 175 0004 10F803C0 		ldrb	ip, [r0, r3]	@ zero_extendqisi2
 176              		.loc 1 105 18 view .LVU33
 177 0008 034A     		ldr	r2, .L18
 178 000a 02F803C0 		strb	ip, [r2, r3]
 104:Core/Src/lcd_graphics.c **** 	for (uint16_t i = 0; i < size; i++) {
 179              		.loc 1 104 34 is_stmt 1 discriminator 3 view .LVU34
 180 000e 0133     		adds	r3, r3, #1
ARM GAS  C:\Users\subdia\AppData\Local\Temp\ccodJMuS.s 			page 6


 181              	.LVL11:
 104:Core/Src/lcd_graphics.c **** 	for (uint16_t i = 0; i < size; i++) {
 182              		.loc 1 104 34 is_stmt 0 discriminator 3 view .LVU35
 183 0010 9BB2     		uxth	r3, r3
 184              	.LVL12:
 185              	.L16:
 104:Core/Src/lcd_graphics.c **** 	for (uint16_t i = 0; i < size; i++) {
 186              		.loc 1 104 25 is_stmt 1 discriminator 1 view .LVU36
 187 0012 8B42     		cmp	r3, r1
 188 0014 F6D3     		bcc	.L17
 189              	.LBE4:
 106:Core/Src/lcd_graphics.c **** 	}
 107:Core/Src/lcd_graphics.c **** 	return;
 108:Core/Src/lcd_graphics.c **** }
 190              		.loc 1 108 1 is_stmt 0 view .LVU37
 191 0016 7047     		bx	lr
 192              	.L19:
 193              		.align	2
 194              	.L18:
 195 0018 00000000 		.word	screen_data
 196              		.cfi_endproc
 197              	.LFE3:
 199              		.section	.text.out_data_to_the_screen,"ax",%progbits
 200              		.align	1
 201              		.global	out_data_to_the_screen
 202              		.syntax unified
 203              		.thumb
 204              		.thumb_func
 206              	out_data_to_the_screen:
 207              	.LVL13:
 208              	.LFB4:
 109:Core/Src/lcd_graphics.c **** 
 110:Core/Src/lcd_graphics.c **** void out_data_to_the_screen(uint8_t* data, size_t size) {
 209              		.loc 1 110 57 is_stmt 1 view -0
 210              		.cfi_startproc
 211              		@ args = 0, pretend = 0, frame = 0
 212              		@ frame_needed = 0, uses_anonymous_args = 0
 213              		.loc 1 110 57 is_stmt 0 view .LVU39
 214 0000 08B5     		push	{r3, lr}
 215              	.LCFI1:
 216              		.cfi_def_cfa_offset 8
 217              		.cfi_offset 3, -8
 218              		.cfi_offset 14, -4
 111:Core/Src/lcd_graphics.c **** 	prepare_screen_data(data, size);
 219              		.loc 1 111 2 is_stmt 1 view .LVU40
 220 0002 FFF7FEFF 		bl	prepare_screen_data
 221              	.LVL14:
 112:Core/Src/lcd_graphics.c **** 	fill_out_whole_screen();
 222              		.loc 1 112 2 view .LVU41
 223 0006 FFF7FEFF 		bl	fill_out_whole_screen
 224              	.LVL15:
 113:Core/Src/lcd_graphics.c **** 	return;
 225              		.loc 1 113 2 view .LVU42
 114:Core/Src/lcd_graphics.c **** }
 226              		.loc 1 114 1 is_stmt 0 view .LVU43
 227 000a 08BD     		pop	{r3, pc}
 228              		.cfi_endproc
ARM GAS  C:\Users\subdia\AppData\Local\Temp\ccodJMuS.s 			page 7


 229              	.LFE4:
 231              		.section	.text.to_my_wife,"ax",%progbits
 232              		.align	1
 233              		.global	to_my_wife
 234              		.syntax unified
 235              		.thumb
 236              		.thumb_func
 238              	to_my_wife:
 239              	.LFB5:
 115:Core/Src/lcd_graphics.c **** 
 116:Core/Src/lcd_graphics.c **** void to_my_wife(void) {
 240              		.loc 1 116 23 is_stmt 1 view -0
 241              		.cfi_startproc
 242              		@ args = 0, pretend = 0, frame = 0
 243              		@ frame_needed = 0, uses_anonymous_args = 0
 244 0000 08B5     		push	{r3, lr}
 245              	.LCFI2:
 246              		.cfi_def_cfa_offset 8
 247              		.cfi_offset 3, -8
 248              		.cfi_offset 14, -4
 117:Core/Src/lcd_graphics.c **** 	out_data_to_the_screen(temp_data, SCREEN_DATA_SIZE);
 249              		.loc 1 117 2 view .LVU45
 250 0002 4FF48061 		mov	r1, #1024
 251 0006 0248     		ldr	r0, .L24
 252 0008 FFF7FEFF 		bl	out_data_to_the_screen
 253              	.LVL16:
 118:Core/Src/lcd_graphics.c **** 	return;
 254              		.loc 1 118 2 view .LVU46
 119:Core/Src/lcd_graphics.c **** }
 255              		.loc 1 119 1 is_stmt 0 view .LVU47
 256 000c 08BD     		pop	{r3, pc}
 257              	.L25:
 258 000e 00BF     		.align	2
 259              	.L24:
 260 0010 00000000 		.word	temp_data
 261              		.cfi_endproc
 262              	.LFE5:
 264              		.global	temp_data
 265              		.section	.data.temp_data,"aw"
 266              		.align	2
 269              	temp_data:
 270 0000 00000000 		.ascii	"\000\000\000\000\000\000\000\000\000\000\000\000\000"
 270      00000000 
 270      00000000 
 270      00
 271 000d 00000000 		.ascii	"\000\000\000\000\000\000\000\000\000\000\000\000\000"
 271      00000000 
 271      00000000 
 271      00
 272 001a 00000000 		.ascii	"\000\000\000\000\000\000\000\000\000\000\000\000\000"
 272      00000000 
 272      00000000 
 272      00
 273 0027 00008040 		.ascii	"\000\000\200@    \000\000\000\200\200\200\200\000\000"
 273      20202020 
 273      00000080 
 273      80808000 
ARM GAS  C:\Users\subdia\AppData\Local\Temp\ccodJMuS.s 			page 8


 273      00
 274 0038 00008080 		.ascii	"\000\000\200\200\200\000\000\000\200\200\200\200\000"
 274      80000000 
 274      80808080 
 274      00
 275 0045 00000080 		.ascii	"\000\000\000\200\200\200\200\200\000\000\200\000\000"
 275      80808080 
 275      00008000 
 275      00
 276 0052 00008000 		.ascii	"\000\000\200\000\000\000\000\000\000\000\000\000\000"
 276      00000000 
 276      00000000 
 276      00
 277 005f 00000000 		.ascii	"\000\000\000\000\000\000\000\000\000\000\000\000\000"
 277      00000000 
 277      00000000 
 277      00
 278 006c 00000000 		.ascii	"\000\000\000\000\000\000\000\000\000\000\000\000\000"
 278      00000000 
 278      00000000 
 278      00
 279 0079 00000000 		.ascii	"\000\000\000\000\000\000\000\000\000\000\000\000\000"
 279      00000000 
 279      00000000 
 279      00
 280 0086 00000000 		.ascii	"\000\000\000\000\000\000\000\000\000\000\000\000\000"
 280      00000000 
 280      00000000 
 280      00
 281 0093 00000000 		.ascii	"\000\000\000\000\000\000\000\000\000\000\000\000\000"
 281      00000000 
 281      00000000 
 281      00
 282 00a0 00000000 		.ascii	"\000\000\000\000\000\000\000\000\000\017\020    \000"
 282      00000000 
 282      000F1020 
 282      20202000 
 283 00b0 001F3120 		.ascii	"\000\0371   \037\000\000\037   \021\000\037%$$$'\000"
 283      20201F00 
 283      001F2020 
 283      2011001F 
 283      25242424 
 284 00c6 E0302F20 		.ascii	"\3400/   ?\340\000?\030\014\006\003?\000\000p0\000\000"
 284      20203FE0 
 284      003F180C 
 284      06033F00 
 284      00703000 
 285 00db 00000000 		.ascii	"\000\000\000\000\000\000\000\000\000\000\000\000\000"
 285      00000000 
 285      00000000 
 285      00
 286 00e8 00000000 		.ascii	"\000\000\000\000\000\000\000\000\000\000\000\000\000"
 286      00000000 
 286      00000000 
 286      00
 287 00f5 00000000 		.ascii	"\000\000\000\000\000\000\000\000\000\000\000\000\000"
 287      00000000 
ARM GAS  C:\Users\subdia\AppData\Local\Temp\ccodJMuS.s 			page 9


 287      00000000 
 287      00
 288 0102 00000000 		.ascii	"\000\000\000\000\000\000\000\000\000\000\000\000\000"
 288      00000000 
 288      00000000 
 288      00
 289 010f 00000000 		.ascii	"\000\000\000\000\000\000\000\000\000\000\200\200\200"
 289      00000000 
 289      00008080 
 289      80
 290 011c 80800000 		.ascii	"\200\200\000\000\000\000\000\000\000\000\000\000\000"
 290      00000000 
 290      00000000 
 290      00
 291 0129 008080C0 		.ascii	"\000\200\200\300\300@@\000\000\000\000\000\000\000\000"
 291      C0404000 
 291      00000000 
 291      000000
 292 0138 00000000 		.ascii	"\000\000\000\000\000\000\000\000\000\000\000\000\000"
 292      00000000 
 292      00000000 
 292      00
 293 0145 00000000 		.ascii	"\000\000\000\000\000\000\000\000\000\000\000\000\000"
 293      00000000 
 293      00000000 
 293      00
 294 0152 00000000 		.ascii	"\000\000\000\000\000\000\000\000\000\000\000\000\000"
 294      00000000 
 294      00000000 
 294      00
 295 015f 00000000 		.ascii	"\000\000\000\000\000\000\000\000\000\000\000\000\000"
 295      00000000 
 295      00000000 
 295      00
 296 016c C0C00000 		.ascii	"\300\300\000\000\000\000\000\000\000\000\000\000\000"
 296      00000000 
 296      00000000 
 296      00
 297 0179 00000000 		.ascii	"\000\000\000\000\000\000\000\000\000\000\000\000\000"
 297      00000000 
 297      00000000 
 297      00
 298 0186 00000000 		.ascii	"\000\000\000\000\000\000\000\000\000\000\000\000\000"
 298      00000000 
 298      00000000 
 298      00
 299 0193 00000000 		.ascii	"\000\000\000\000\200\360\037\000\000\000\377\000\000"
 299      80F01F00 
 299      0000FF00 
 299      00
 300 01a0 00F88C04 		.ascii	"\000\370\214\004\004\214\370\000\000~\213\004\004\004"
 300      048CF800 
 300      007E8B04 
 300      0404
 301 01ae 8C780000 		.ascii	"\214x\000\000\374\210\004\004\004\370\000\000\370\214"
 301      FC880404 
 301      04F80000 
ARM GAS  C:\Users\subdia\AppData\Local\Temp\ccodJMuS.s 			page 10


 301      F88C
 302 01bc 04048CF8 		.ascii	"\004\004\214\370\000\000\370\254$$$8\000\000\000\000"
 302      0000F8AC 
 302      24242438 
 302      00000000 
 303 01cc 00041CE0 		.ascii	"\000\004\034\340\200\3008\004\004\004\374\374\004\004"
 303      80C03804 
 303      0404FCFC 
 303      0404
 304 01da 00FC8804 		.ascii	"\000\374\210\004\004\004\370\000\000\370\214\004\004"
 304      0404F800 
 304      00F88C04 
 304      04
 305 01e7 8CF80000 		.ascii	"\214\370\000\000\000\277\200\000\000\000\000\000\000"
 305      00BF8000 
 305      00000000 
 305      00
 306 01f4 00000000 		.ascii	"\000\000\000\000\000\000\000\000\000\000\000\000\000"
 306      00000000 
 306      00000000 
 306      00
 307 0201 00000000 		.ascii	"\000\000\000\000\000\000\000\000\000\000\000\000\000"
 307      00000000 
 307      00000000 
 307      00
 308 020e 00000000 		.ascii	"\000\000\000\000\000\000\000\000\017\001\001\001\001"
 308      00000000 
 308      0F010101 
 308      01
 309 021b 01010101 		.ascii	"\001\001\001\001\017\000\000\001\001\001\001\000\000"
 309      0F000001 
 309      01010100 
 309      00
 310 0228 00000001 		.ascii	"\000\000\000\001\001\001\000\000\000\000\017\000\001"
 310      01010000 
 310      00000F00 
 310      01
 311 0235 01010000 		.ascii	"\001\001\000\000\000\000\001\001\001\001\000\000\000"
 311      00000101 
 311      01010000 
 311      00
 312 0242 00010101 		.ascii	"\000\001\001\001\001\001\000\000\000\000\000\000\000"
 312      01010000 
 312      00000000 
 312      00
 313 024f 08070100 		.ascii	"\010\007\001\000\000\000\000\001\001\000\000\000\017"
 313      00000001 
 313      01000000 
 313      0F
 314 025c 00010101 		.ascii	"\000\001\001\001\000\000\000\000\001\001\001\001\000"
 314      00000000 
 314      01010101 
 314      00
 315 0269 00000001 		.ascii	"\000\000\000\001\001\000\000\000\000\000\000\000\000"
 315      01000000 
 315      00000000 
 315      00
ARM GAS  C:\Users\subdia\AppData\Local\Temp\ccodJMuS.s 			page 11


 316 0276 00000000 		.ascii	"\000\000\000\000\000\000\000\000\000\000\000\000\000"
 316      00000000 
 316      00000000 
 316      00
 317 0283 00000000 		.ascii	"\000\000\000\000\000\000\000\000\000\000\000\000\000"
 317      00000000 
 317      00000000 
 317      00
 318 0290 00000000 		.ascii	"\000\000\000\000\000\000\000\000\000\000\000\000\000"
 318      00000000 
 318      00000000 
 318      00
 319 029d 00000000 		.ascii	"\000\000\000\000\000\000\000\000\000\000\000\000\000"
 319      00000000 
 319      00000000 
 319      00
 320 02aa 00000000 		.ascii	"\000\000\000\000\000\000\000\000\000\000\000\000\000"
 320      00000000 
 320      00000000 
 320      00
 321 02b7 00000060 		.ascii	"\000\000\000``\000\000\002|\300\000\000\000\000\000"
 321      60000002 
 321      7CC00000 
 321      000000
 322 02c6 00000000 		.ascii	"\000\000\000\000\000\000\000\000\000\000\000\000\000"
 322      00000000 
 322      00000000 
 322      00
 323 02d3 00000000 		.ascii	"\000\000\000\000\000\000\000\000\000\000\000\000\000"
 323      00000000 
 323      00000000 
 323      00
 324 02e0 00000000 		.ascii	"\000\000\000\000\000\000\000\000\000\000\000\000\000"
 324      00000000 
 324      00000000 
 324      00
 325 02ed 00000000 		.ascii	"\000\000\000\000\000\000\000\000\000\000\000\000\000"
 325      00000000 
 325      00000000 
 325      00
 326 02fa 00000000 		.ascii	"\000\000\000\000\000\000\000\000\000\000\000\000\000"
 326      00000000 
 326      00000000 
 326      00
 327 0307 00000000 		.ascii	"\000\000\000\000\000\000\000\000\000\000\000\000\000"
 327      00000000 
 327      00000000 
 327      00
 328 0314 00000000 		.ascii	"\000\000\000\000\000\000\000\000\000\000\000\000\000"
 328      00000000 
 328      00000000 
 328      00
 329 0321 00000000 		.ascii	"\000\000\000\000\000\000\000\000\000\000\000\000\000"
 329      00000000 
 329      00000000 
 329      00
 330 032e 00000000 		.ascii	"\000\000\000\000\000\000\000\000\000\000\000\000\014"
ARM GAS  C:\Users\subdia\AppData\Local\Temp\ccodJMuS.s 			page 12


 330      00000000 
 330      00000000 
 330      0C
 331 033b 0C000040 		.ascii	"\014\000\000@>\007\000\000\000\000\000\000\000\000\000"
 331      3E070000 
 331      00000000 
 331      000000
 332 034a 00000000 		.ascii	"\000\000\000\000\000\000\000\000\000\000\000\000\000"
 332      00000000 
 332      00000000 
 332      00
 333 0357 00000000 		.ascii	"\000\000\000\000\000\000\000\000\000\000\000\000\000"
 333      00000000 
 333      00000000 
 333      00
 334 0364 00000000 		.ascii	"\000\000\000\000\000\000\000\000\000\000\000\000\000"
 334      00000000 
 334      00000000 
 334      00
 335 0371 00000000 		.ascii	"\000\000\000\000\000\000\000\000\000\000\000\000\000"
 335      00000000 
 335      00000000 
 335      00
 336 037e 00000000 		.ascii	"\000\000\000\000\000\000\000\000\000\000\000\000\000"
 336      00000000 
 336      00000000 
 336      00
 337 038b 00000000 		.ascii	"\000\000\000\000\000\000\000\000\000\000\000\000\000"
 337      00000000 
 337      00000000 
 337      00
 338 0398 00000000 		.ascii	"\000\000\000\000\000\000\000\000\000\000\000\000\000"
 338      00000000 
 338      00000000 
 338      00
 339 03a5 00000000 		.ascii	"\000\000\000\000\000\000\000\000\000\000\000\000\000"
 339      00000000 
 339      00000000 
 339      00
 340 03b2 00000000 		.ascii	"\000\000\000\000\000\000\000\000\000\000\000\000\000"
 340      00000000 
 340      00000000 
 340      00
 341 03bf 00000000 		.ascii	"\000\000\000\000\000\000\000\000\000\000\000\000\000"
 341      00000000 
 341      00000000 
 341      00
 342 03cc 00000000 		.ascii	"\000\000\000\000\000\000\000\000\000\000\000\000\000"
 342      00000000 
 342      00000000 
 342      00
 343 03d9 00000000 		.ascii	"\000\000\000\000\000\000\000\000\000\000\000\000\000"
 343      00000000 
 343      00000000 
 343      00
 344 03e6 00000000 		.ascii	"\000\000\000\000\000\000\000\000\000\000\000\000\000"
 344      00000000 
ARM GAS  C:\Users\subdia\AppData\Local\Temp\ccodJMuS.s 			page 13


 344      00000000 
 344      00
 345 03f3 00000000 		.ascii	"\000\000\000\000\000\000\000\000\000\000\000\000\000"
 345      00000000 
 345      00000000 
 345      00
 346              		.global	screen_data
 347              		.section	.bss.screen_data,"aw",%nobits
 348              		.align	2
 351              	screen_data:
 352 0000 00000000 		.space	1024
 352      00000000 
 352      00000000 
 352      00000000 
 352      00000000 
 353              		.text
 354              	.Letext0:
 355              		.file 2 "C:/GNUArmToolchain/arm-none-eabi-gcc-15.2.1/arm-none-eabi/include/machine/_default_types.
 356              		.file 3 "C:/GNUArmToolchain/arm-none-eabi-gcc-15.2.1/arm-none-eabi/include/sys/_stdint.h"
 357              		.file 4 "C:/GNUArmToolchain/arm-none-eabi-gcc-15.2.1/lib/gcc/arm-none-eabi/15.2.1/include/stddef.h
 358              		.file 5 "Core/Inc/ssd1306.h"
ARM GAS  C:\Users\subdia\AppData\Local\Temp\ccodJMuS.s 			page 14


DEFINED SYMBOLS
                            *ABS*:00000000 lcd_graphics.c
C:\Users\subdia\AppData\Local\Temp\ccodJMuS.s:19     .text.fill_out_whole_screen:00000000 $t
C:\Users\subdia\AppData\Local\Temp\ccodJMuS.s:25     .text.fill_out_whole_screen:00000000 fill_out_whole_screen
C:\Users\subdia\AppData\Local\Temp\ccodJMuS.s:47     .text.fill_out_whole_screen:00000010 $d
C:\Users\subdia\AppData\Local\Temp\ccodJMuS.s:351    .bss.screen_data:00000000 screen_data
C:\Users\subdia\AppData\Local\Temp\ccodJMuS.s:52     .text.fill_out_screen_data_with_zeroes:00000000 $t
C:\Users\subdia\AppData\Local\Temp\ccodJMuS.s:58     .text.fill_out_screen_data_with_zeroes:00000000 fill_out_screen_data_with_zeroes
C:\Users\subdia\AppData\Local\Temp\ccodJMuS.s:96     .text.fill_out_screen_data_with_zeroes:00000018 $d
C:\Users\subdia\AppData\Local\Temp\ccodJMuS.s:101    .text.fill_out_screen_data_with_ff:00000000 $t
C:\Users\subdia\AppData\Local\Temp\ccodJMuS.s:107    .text.fill_out_screen_data_with_ff:00000000 fill_out_screen_data_with_ff
C:\Users\subdia\AppData\Local\Temp\ccodJMuS.s:145    .text.fill_out_screen_data_with_ff:00000018 $d
C:\Users\subdia\AppData\Local\Temp\ccodJMuS.s:150    .text.prepare_screen_data:00000000 $t
C:\Users\subdia\AppData\Local\Temp\ccodJMuS.s:156    .text.prepare_screen_data:00000000 prepare_screen_data
C:\Users\subdia\AppData\Local\Temp\ccodJMuS.s:195    .text.prepare_screen_data:00000018 $d
C:\Users\subdia\AppData\Local\Temp\ccodJMuS.s:200    .text.out_data_to_the_screen:00000000 $t
C:\Users\subdia\AppData\Local\Temp\ccodJMuS.s:206    .text.out_data_to_the_screen:00000000 out_data_to_the_screen
C:\Users\subdia\AppData\Local\Temp\ccodJMuS.s:232    .text.to_my_wife:00000000 $t
C:\Users\subdia\AppData\Local\Temp\ccodJMuS.s:238    .text.to_my_wife:00000000 to_my_wife
C:\Users\subdia\AppData\Local\Temp\ccodJMuS.s:260    .text.to_my_wife:00000010 $d
C:\Users\subdia\AppData\Local\Temp\ccodJMuS.s:269    .data.temp_data:00000000 temp_data
C:\Users\subdia\AppData\Local\Temp\ccodJMuS.s:266    .data.temp_data:00000000 $d
C:\Users\subdia\AppData\Local\Temp\ccodJMuS.s:348    .bss.screen_data:00000000 $d

UNDEFINED SYMBOLS
SSD1306_SendData
