ARM GAS  C:\Users\subdia\AppData\Local\Temp\ccYELfb4.s 			page 1


   1              		.cpu cortex-m3
   2              		.arch armv7-m
   3              		.fpu softvfp
   4              		.eabi_attribute 20, 1
   5              		.eabi_attribute 21, 1
   6              		.eabi_attribute 23, 3
   7              		.eabi_attribute 24, 1
   8              		.eabi_attribute 25, 1
   9              		.eabi_attribute 26, 1
  10              		.eabi_attribute 30, 1
  11              		.eabi_attribute 34, 1
  12              		.eabi_attribute 18, 4
  13              		.file	"list.c"
  14              		.text
  15              	.Ltext0:
  16              		.cfi_sections	.debug_frame
  17              		.file 1 "Middlewares/Third_Party/FreeRTOS/Source/list.c"
  18              		.section	.text.vListInitialise,"ax",%progbits
  19              		.align	1
  20              		.global	vListInitialise
  21              		.syntax unified
  22              		.thumb
  23              		.thumb_func
  25              	vListInitialise:
  26              	.LVL0:
  27              	.LFB5:
   1:Middlewares/Third_Party/FreeRTOS/Source/list.c **** /*
   2:Middlewares/Third_Party/FreeRTOS/Source/list.c ****  * FreeRTOS Kernel V10.3.1
   3:Middlewares/Third_Party/FreeRTOS/Source/list.c ****  * Copyright (C) 2020 Amazon.com, Inc. or its affiliates.  All Rights Reserved.
   4:Middlewares/Third_Party/FreeRTOS/Source/list.c ****  *
   5:Middlewares/Third_Party/FreeRTOS/Source/list.c ****  * Permission is hereby granted, free of charge, to any person obtaining a copy of
   6:Middlewares/Third_Party/FreeRTOS/Source/list.c ****  * this software and associated documentation files (the "Software"), to deal in
   7:Middlewares/Third_Party/FreeRTOS/Source/list.c ****  * the Software without restriction, including without limitation the rights to
   8:Middlewares/Third_Party/FreeRTOS/Source/list.c ****  * use, copy, modify, merge, publish, distribute, sublicense, and/or sell copies of
   9:Middlewares/Third_Party/FreeRTOS/Source/list.c ****  * the Software, and to permit persons to whom the Software is furnished to do so,
  10:Middlewares/Third_Party/FreeRTOS/Source/list.c ****  * subject to the following conditions:
  11:Middlewares/Third_Party/FreeRTOS/Source/list.c ****  *
  12:Middlewares/Third_Party/FreeRTOS/Source/list.c ****  * The above copyright notice and this permission notice shall be included in all
  13:Middlewares/Third_Party/FreeRTOS/Source/list.c ****  * copies or substantial portions of the Software.
  14:Middlewares/Third_Party/FreeRTOS/Source/list.c ****  *
  15:Middlewares/Third_Party/FreeRTOS/Source/list.c ****  * THE SOFTWARE IS PROVIDED "AS IS", WITHOUT WARRANTY OF ANY KIND, EXPRESS OR
  16:Middlewares/Third_Party/FreeRTOS/Source/list.c ****  * IMPLIED, INCLUDING BUT NOT LIMITED TO THE WARRANTIES OF MERCHANTABILITY, FITNESS
  17:Middlewares/Third_Party/FreeRTOS/Source/list.c ****  * FOR A PARTICULAR PURPOSE AND NONINFRINGEMENT. IN NO EVENT SHALL THE AUTHORS OR
  18:Middlewares/Third_Party/FreeRTOS/Source/list.c ****  * COPYRIGHT HOLDERS BE LIABLE FOR ANY CLAIM, DAMAGES OR OTHER LIABILITY, WHETHER
  19:Middlewares/Third_Party/FreeRTOS/Source/list.c ****  * IN AN ACTION OF CONTRACT, TORT OR OTHERWISE, ARISING FROM, OUT OF OR IN
  20:Middlewares/Third_Party/FreeRTOS/Source/list.c ****  * CONNECTION WITH THE SOFTWARE OR THE USE OR OTHER DEALINGS IN THE SOFTWARE.
  21:Middlewares/Third_Party/FreeRTOS/Source/list.c ****  *
  22:Middlewares/Third_Party/FreeRTOS/Source/list.c ****  * http://www.FreeRTOS.org
  23:Middlewares/Third_Party/FreeRTOS/Source/list.c ****  * http://aws.amazon.com/freertos
  24:Middlewares/Third_Party/FreeRTOS/Source/list.c ****  *
  25:Middlewares/Third_Party/FreeRTOS/Source/list.c ****  * 1 tab == 4 spaces!
  26:Middlewares/Third_Party/FreeRTOS/Source/list.c ****  */
  27:Middlewares/Third_Party/FreeRTOS/Source/list.c **** 
  28:Middlewares/Third_Party/FreeRTOS/Source/list.c **** 
  29:Middlewares/Third_Party/FreeRTOS/Source/list.c **** #include <stdlib.h>
  30:Middlewares/Third_Party/FreeRTOS/Source/list.c **** #include "FreeRTOS.h"
  31:Middlewares/Third_Party/FreeRTOS/Source/list.c **** #include "list.h"
ARM GAS  C:\Users\subdia\AppData\Local\Temp\ccYELfb4.s 			page 2


  32:Middlewares/Third_Party/FreeRTOS/Source/list.c **** 
  33:Middlewares/Third_Party/FreeRTOS/Source/list.c **** /*-----------------------------------------------------------
  34:Middlewares/Third_Party/FreeRTOS/Source/list.c ****  * PUBLIC LIST API documented in list.h
  35:Middlewares/Third_Party/FreeRTOS/Source/list.c ****  *----------------------------------------------------------*/
  36:Middlewares/Third_Party/FreeRTOS/Source/list.c **** 
  37:Middlewares/Third_Party/FreeRTOS/Source/list.c **** void vListInitialise( List_t * const pxList )
  38:Middlewares/Third_Party/FreeRTOS/Source/list.c **** {
  28              		.loc 1 38 1 view -0
  29              		.cfi_startproc
  30              		@ args = 0, pretend = 0, frame = 0
  31              		@ frame_needed = 0, uses_anonymous_args = 0
  32              		@ link register save eliminated.
  39:Middlewares/Third_Party/FreeRTOS/Source/list.c **** 	/* The list structure contains a list item which is used to mark the
  40:Middlewares/Third_Party/FreeRTOS/Source/list.c **** 	end of the list.  To initialise the list the list end is inserted
  41:Middlewares/Third_Party/FreeRTOS/Source/list.c **** 	as the only list entry. */
  42:Middlewares/Third_Party/FreeRTOS/Source/list.c **** 	pxList->pxIndex = ( ListItem_t * ) &( pxList->xListEnd );			/*lint !e826 !e740 !e9087 The mini lis
  33              		.loc 1 42 2 view .LVU1
  34              		.loc 1 42 37 is_stmt 0 view .LVU2
  35 0000 00F10803 		add	r3, r0, #8
  36              		.loc 1 42 18 view .LVU3
  37 0004 4360     		str	r3, [r0, #4]
  43:Middlewares/Third_Party/FreeRTOS/Source/list.c **** 
  44:Middlewares/Third_Party/FreeRTOS/Source/list.c **** 	/* The list end value is the highest possible value in the list to
  45:Middlewares/Third_Party/FreeRTOS/Source/list.c **** 	ensure it remains at the end of the list. */
  46:Middlewares/Third_Party/FreeRTOS/Source/list.c **** 	pxList->xListEnd.xItemValue = portMAX_DELAY;
  38              		.loc 1 46 2 is_stmt 1 view .LVU4
  39              		.loc 1 46 30 is_stmt 0 view .LVU5
  40 0006 4FF0FF32 		mov	r2, #-1
  41 000a 8260     		str	r2, [r0, #8]
  47:Middlewares/Third_Party/FreeRTOS/Source/list.c **** 
  48:Middlewares/Third_Party/FreeRTOS/Source/list.c **** 	/* The list end next and previous pointers point to itself so we know
  49:Middlewares/Third_Party/FreeRTOS/Source/list.c **** 	when the list is empty. */
  50:Middlewares/Third_Party/FreeRTOS/Source/list.c **** 	pxList->xListEnd.pxNext = ( ListItem_t * ) &( pxList->xListEnd );	/*lint !e826 !e740 !e9087 The mi
  42              		.loc 1 50 2 is_stmt 1 view .LVU6
  43              		.loc 1 50 26 is_stmt 0 view .LVU7
  44 000c C360     		str	r3, [r0, #12]
  51:Middlewares/Third_Party/FreeRTOS/Source/list.c **** 	pxList->xListEnd.pxPrevious = ( ListItem_t * ) &( pxList->xListEnd );/*lint !e826 !e740 !e9087 The
  45              		.loc 1 51 2 is_stmt 1 view .LVU8
  46              		.loc 1 51 30 is_stmt 0 view .LVU9
  47 000e 0361     		str	r3, [r0, #16]
  52:Middlewares/Third_Party/FreeRTOS/Source/list.c **** 
  53:Middlewares/Third_Party/FreeRTOS/Source/list.c **** 	pxList->uxNumberOfItems = ( UBaseType_t ) 0U;
  48              		.loc 1 53 2 is_stmt 1 view .LVU10
  49              		.loc 1 53 26 is_stmt 0 view .LVU11
  50 0010 0023     		movs	r3, #0
  51 0012 0360     		str	r3, [r0]
  54:Middlewares/Third_Party/FreeRTOS/Source/list.c **** 
  55:Middlewares/Third_Party/FreeRTOS/Source/list.c **** 	/* Write known values into the list if
  56:Middlewares/Third_Party/FreeRTOS/Source/list.c **** 	configUSE_LIST_DATA_INTEGRITY_CHECK_BYTES is set to 1. */
  57:Middlewares/Third_Party/FreeRTOS/Source/list.c **** 	listSET_LIST_INTEGRITY_CHECK_1_VALUE( pxList );
  52              		.loc 1 57 48 is_stmt 1 view .LVU12
  58:Middlewares/Third_Party/FreeRTOS/Source/list.c **** 	listSET_LIST_INTEGRITY_CHECK_2_VALUE( pxList );
  53              		.loc 1 58 48 view .LVU13
  59:Middlewares/Third_Party/FreeRTOS/Source/list.c **** }
  54              		.loc 1 59 1 is_stmt 0 view .LVU14
  55 0014 7047     		bx	lr
  56              		.cfi_endproc
ARM GAS  C:\Users\subdia\AppData\Local\Temp\ccYELfb4.s 			page 3


  57              	.LFE5:
  59              		.section	.text.vListInitialiseItem,"ax",%progbits
  60              		.align	1
  61              		.global	vListInitialiseItem
  62              		.syntax unified
  63              		.thumb
  64              		.thumb_func
  66              	vListInitialiseItem:
  67              	.LVL1:
  68              	.LFB6:
  60:Middlewares/Third_Party/FreeRTOS/Source/list.c **** /*-----------------------------------------------------------*/
  61:Middlewares/Third_Party/FreeRTOS/Source/list.c **** 
  62:Middlewares/Third_Party/FreeRTOS/Source/list.c **** void vListInitialiseItem( ListItem_t * const pxItem )
  63:Middlewares/Third_Party/FreeRTOS/Source/list.c **** {
  69              		.loc 1 63 1 is_stmt 1 view -0
  70              		.cfi_startproc
  71              		@ args = 0, pretend = 0, frame = 0
  72              		@ frame_needed = 0, uses_anonymous_args = 0
  73              		@ link register save eliminated.
  64:Middlewares/Third_Party/FreeRTOS/Source/list.c **** 	/* Make sure the list item is not recorded as being on a list. */
  65:Middlewares/Third_Party/FreeRTOS/Source/list.c **** 	pxItem->pxContainer = NULL;
  74              		.loc 1 65 2 view .LVU16
  75              		.loc 1 65 22 is_stmt 0 view .LVU17
  76 0000 0023     		movs	r3, #0
  77 0002 0361     		str	r3, [r0, #16]
  66:Middlewares/Third_Party/FreeRTOS/Source/list.c **** 
  67:Middlewares/Third_Party/FreeRTOS/Source/list.c **** 	/* Write known values into the list item if
  68:Middlewares/Third_Party/FreeRTOS/Source/list.c **** 	configUSE_LIST_DATA_INTEGRITY_CHECK_BYTES is set to 1. */
  69:Middlewares/Third_Party/FreeRTOS/Source/list.c **** 	listSET_FIRST_LIST_ITEM_INTEGRITY_CHECK_VALUE( pxItem );
  78              		.loc 1 69 57 is_stmt 1 view .LVU18
  70:Middlewares/Third_Party/FreeRTOS/Source/list.c **** 	listSET_SECOND_LIST_ITEM_INTEGRITY_CHECK_VALUE( pxItem );
  79              		.loc 1 70 58 view .LVU19
  71:Middlewares/Third_Party/FreeRTOS/Source/list.c **** }
  80              		.loc 1 71 1 is_stmt 0 view .LVU20
  81 0004 7047     		bx	lr
  82              		.cfi_endproc
  83              	.LFE6:
  85              		.section	.text.vListInsertEnd,"ax",%progbits
  86              		.align	1
  87              		.global	vListInsertEnd
  88              		.syntax unified
  89              		.thumb
  90              		.thumb_func
  92              	vListInsertEnd:
  93              	.LVL2:
  94              	.LFB7:
  72:Middlewares/Third_Party/FreeRTOS/Source/list.c **** /*-----------------------------------------------------------*/
  73:Middlewares/Third_Party/FreeRTOS/Source/list.c **** 
  74:Middlewares/Third_Party/FreeRTOS/Source/list.c **** void vListInsertEnd( List_t * const pxList, ListItem_t * const pxNewListItem )
  75:Middlewares/Third_Party/FreeRTOS/Source/list.c **** {
  95              		.loc 1 75 1 is_stmt 1 view -0
  96              		.cfi_startproc
  97              		@ args = 0, pretend = 0, frame = 0
  98              		@ frame_needed = 0, uses_anonymous_args = 0
  99              		@ link register save eliminated.
  76:Middlewares/Third_Party/FreeRTOS/Source/list.c **** ListItem_t * const pxIndex = pxList->pxIndex;
 100              		.loc 1 76 1 view .LVU22
ARM GAS  C:\Users\subdia\AppData\Local\Temp\ccYELfb4.s 			page 4


 101              		.loc 1 76 20 is_stmt 0 view .LVU23
 102 0000 4368     		ldr	r3, [r0, #4]
 103              	.LVL3:
  77:Middlewares/Third_Party/FreeRTOS/Source/list.c **** 
  78:Middlewares/Third_Party/FreeRTOS/Source/list.c **** 	/* Only effective when configASSERT() is also defined, these tests may catch
  79:Middlewares/Third_Party/FreeRTOS/Source/list.c **** 	the list data structures being overwritten in memory.  They will not catch
  80:Middlewares/Third_Party/FreeRTOS/Source/list.c **** 	data errors caused by incorrect configuration or use of FreeRTOS. */
  81:Middlewares/Third_Party/FreeRTOS/Source/list.c **** 	listTEST_LIST_INTEGRITY( pxList );
 104              		.loc 1 81 35 is_stmt 1 view .LVU24
  82:Middlewares/Third_Party/FreeRTOS/Source/list.c **** 	listTEST_LIST_ITEM_INTEGRITY( pxNewListItem );
 105              		.loc 1 82 47 view .LVU25
  83:Middlewares/Third_Party/FreeRTOS/Source/list.c **** 
  84:Middlewares/Third_Party/FreeRTOS/Source/list.c **** 	/* Insert a new list item into pxList, but rather than sort the list,
  85:Middlewares/Third_Party/FreeRTOS/Source/list.c **** 	makes the new list item the last item to be removed by a call to
  86:Middlewares/Third_Party/FreeRTOS/Source/list.c **** 	listGET_OWNER_OF_NEXT_ENTRY(). */
  87:Middlewares/Third_Party/FreeRTOS/Source/list.c **** 	pxNewListItem->pxNext = pxIndex;
 106              		.loc 1 87 2 view .LVU26
 107              		.loc 1 87 24 is_stmt 0 view .LVU27
 108 0002 4B60     		str	r3, [r1, #4]
  88:Middlewares/Third_Party/FreeRTOS/Source/list.c **** 	pxNewListItem->pxPrevious = pxIndex->pxPrevious;
 109              		.loc 1 88 2 is_stmt 1 view .LVU28
 110              		.loc 1 88 37 is_stmt 0 view .LVU29
 111 0004 9A68     		ldr	r2, [r3, #8]
 112              		.loc 1 88 28 view .LVU30
 113 0006 8A60     		str	r2, [r1, #8]
  89:Middlewares/Third_Party/FreeRTOS/Source/list.c **** 
  90:Middlewares/Third_Party/FreeRTOS/Source/list.c **** 	/* Only used during decision coverage testing. */
  91:Middlewares/Third_Party/FreeRTOS/Source/list.c **** 	mtCOVERAGE_TEST_DELAY();
 114              		.loc 1 91 25 is_stmt 1 view .LVU31
  92:Middlewares/Third_Party/FreeRTOS/Source/list.c **** 
  93:Middlewares/Third_Party/FreeRTOS/Source/list.c **** 	pxIndex->pxPrevious->pxNext = pxNewListItem;
 115              		.loc 1 93 2 view .LVU32
 116              		.loc 1 93 30 is_stmt 0 view .LVU33
 117 0008 5160     		str	r1, [r2, #4]
  94:Middlewares/Third_Party/FreeRTOS/Source/list.c **** 	pxIndex->pxPrevious = pxNewListItem;
 118              		.loc 1 94 2 is_stmt 1 view .LVU34
 119              		.loc 1 94 22 is_stmt 0 view .LVU35
 120 000a 9960     		str	r1, [r3, #8]
  95:Middlewares/Third_Party/FreeRTOS/Source/list.c **** 
  96:Middlewares/Third_Party/FreeRTOS/Source/list.c **** 	/* Remember which list the item is in. */
  97:Middlewares/Third_Party/FreeRTOS/Source/list.c **** 	pxNewListItem->pxContainer = pxList;
 121              		.loc 1 97 2 is_stmt 1 view .LVU36
 122              		.loc 1 97 29 is_stmt 0 view .LVU37
 123 000c 0861     		str	r0, [r1, #16]
  98:Middlewares/Third_Party/FreeRTOS/Source/list.c **** 
  99:Middlewares/Third_Party/FreeRTOS/Source/list.c **** 	( pxList->uxNumberOfItems )++;
 124              		.loc 1 99 2 is_stmt 1 view .LVU38
 125              		.loc 1 99 10 is_stmt 0 view .LVU39
 126 000e 0368     		ldr	r3, [r0]
 127              	.LVL4:
 128              		.loc 1 99 29 view .LVU40
 129 0010 0133     		adds	r3, r3, #1
 130 0012 0360     		str	r3, [r0]
 100:Middlewares/Third_Party/FreeRTOS/Source/list.c **** }
 131              		.loc 1 100 1 view .LVU41
 132 0014 7047     		bx	lr
 133              		.cfi_endproc
ARM GAS  C:\Users\subdia\AppData\Local\Temp\ccYELfb4.s 			page 5


 134              	.LFE7:
 136              		.section	.text.vListInsert,"ax",%progbits
 137              		.align	1
 138              		.global	vListInsert
 139              		.syntax unified
 140              		.thumb
 141              		.thumb_func
 143              	vListInsert:
 144              	.LVL5:
 145              	.LFB8:
 101:Middlewares/Third_Party/FreeRTOS/Source/list.c **** /*-----------------------------------------------------------*/
 102:Middlewares/Third_Party/FreeRTOS/Source/list.c **** 
 103:Middlewares/Third_Party/FreeRTOS/Source/list.c **** void vListInsert( List_t * const pxList, ListItem_t * const pxNewListItem )
 104:Middlewares/Third_Party/FreeRTOS/Source/list.c **** {
 146              		.loc 1 104 1 is_stmt 1 view -0
 147              		.cfi_startproc
 148              		@ args = 0, pretend = 0, frame = 0
 149              		@ frame_needed = 0, uses_anonymous_args = 0
 150              		.loc 1 104 1 is_stmt 0 view .LVU43
 151 0000 00B5     		push	{lr}
 152              	.LCFI0:
 153              		.cfi_def_cfa_offset 4
 154              		.cfi_offset 14, -4
 155 0002 0246     		mov	r2, r0
 156 0004 0846     		mov	r0, r1
 157              	.LVL6:
 105:Middlewares/Third_Party/FreeRTOS/Source/list.c **** ListItem_t *pxIterator;
 158              		.loc 1 105 1 is_stmt 1 view .LVU44
 106:Middlewares/Third_Party/FreeRTOS/Source/list.c **** const TickType_t xValueOfInsertion = pxNewListItem->xItemValue;
 159              		.loc 1 106 1 view .LVU45
 160              		.loc 1 106 18 is_stmt 0 view .LVU46
 161 0006 D1F800C0 		ldr	ip, [r1]
 162              	.LVL7:
 107:Middlewares/Third_Party/FreeRTOS/Source/list.c **** 
 108:Middlewares/Third_Party/FreeRTOS/Source/list.c **** 	/* Only effective when configASSERT() is also defined, these tests may catch
 109:Middlewares/Third_Party/FreeRTOS/Source/list.c **** 	the list data structures being overwritten in memory.  They will not catch
 110:Middlewares/Third_Party/FreeRTOS/Source/list.c **** 	data errors caused by incorrect configuration or use of FreeRTOS. */
 111:Middlewares/Third_Party/FreeRTOS/Source/list.c **** 	listTEST_LIST_INTEGRITY( pxList );
 163              		.loc 1 111 35 is_stmt 1 view .LVU47
 112:Middlewares/Third_Party/FreeRTOS/Source/list.c **** 	listTEST_LIST_ITEM_INTEGRITY( pxNewListItem );
 164              		.loc 1 112 47 view .LVU48
 113:Middlewares/Third_Party/FreeRTOS/Source/list.c **** 
 114:Middlewares/Third_Party/FreeRTOS/Source/list.c **** 	/* Insert the new list item into the list, sorted in xItemValue order.
 115:Middlewares/Third_Party/FreeRTOS/Source/list.c **** 
 116:Middlewares/Third_Party/FreeRTOS/Source/list.c **** 	If the list already contains a list item with the same item value then the
 117:Middlewares/Third_Party/FreeRTOS/Source/list.c **** 	new list item should be placed after it.  This ensures that TCBs which are
 118:Middlewares/Third_Party/FreeRTOS/Source/list.c **** 	stored in ready lists (all of which have the same xItemValue value) get a
 119:Middlewares/Third_Party/FreeRTOS/Source/list.c **** 	share of the CPU.  However, if the xItemValue is the same as the back marker
 120:Middlewares/Third_Party/FreeRTOS/Source/list.c **** 	the iteration loop below will not end.  Therefore the value is checked
 121:Middlewares/Third_Party/FreeRTOS/Source/list.c **** 	first, and the algorithm slightly modified if necessary. */
 122:Middlewares/Third_Party/FreeRTOS/Source/list.c **** 	if( xValueOfInsertion == portMAX_DELAY )
 165              		.loc 1 122 2 view .LVU49
 166              		.loc 1 122 4 is_stmt 0 view .LVU50
 167 000a BCF1FF3F 		cmp	ip, #-1
 168 000e 11D0     		beq	.L9
 123:Middlewares/Third_Party/FreeRTOS/Source/list.c **** 	{
 124:Middlewares/Third_Party/FreeRTOS/Source/list.c **** 		pxIterator = pxList->xListEnd.pxPrevious;
ARM GAS  C:\Users\subdia\AppData\Local\Temp\ccYELfb4.s 			page 6


 125:Middlewares/Third_Party/FreeRTOS/Source/list.c **** 	}
 126:Middlewares/Third_Party/FreeRTOS/Source/list.c **** 	else
 127:Middlewares/Third_Party/FreeRTOS/Source/list.c **** 	{
 128:Middlewares/Third_Party/FreeRTOS/Source/list.c **** 		/* *** NOTE ***********************************************************
 129:Middlewares/Third_Party/FreeRTOS/Source/list.c **** 		If you find your application is crashing here then likely causes are
 130:Middlewares/Third_Party/FreeRTOS/Source/list.c **** 		listed below.  In addition see https://www.freertos.org/FAQHelp.html for
 131:Middlewares/Third_Party/FreeRTOS/Source/list.c **** 		more tips, and ensure configASSERT() is defined!
 132:Middlewares/Third_Party/FreeRTOS/Source/list.c **** 		https://www.freertos.org/a00110.html#configASSERT
 133:Middlewares/Third_Party/FreeRTOS/Source/list.c **** 
 134:Middlewares/Third_Party/FreeRTOS/Source/list.c **** 			1) Stack overflow -
 135:Middlewares/Third_Party/FreeRTOS/Source/list.c **** 			   see https://www.freertos.org/Stacks-and-stack-overflow-checking.html
 136:Middlewares/Third_Party/FreeRTOS/Source/list.c **** 			2) Incorrect interrupt priority assignment, especially on Cortex-M
 137:Middlewares/Third_Party/FreeRTOS/Source/list.c **** 			   parts where numerically high priority values denote low actual
 138:Middlewares/Third_Party/FreeRTOS/Source/list.c **** 			   interrupt priorities, which can seem counter intuitive.  See
 139:Middlewares/Third_Party/FreeRTOS/Source/list.c **** 			   https://www.freertos.org/RTOS-Cortex-M3-M4.html and the definition
 140:Middlewares/Third_Party/FreeRTOS/Source/list.c **** 			   of configMAX_SYSCALL_INTERRUPT_PRIORITY on
 141:Middlewares/Third_Party/FreeRTOS/Source/list.c **** 			   https://www.freertos.org/a00110.html
 142:Middlewares/Third_Party/FreeRTOS/Source/list.c **** 			3) Calling an API function from within a critical section or when
 143:Middlewares/Third_Party/FreeRTOS/Source/list.c **** 			   the scheduler is suspended, or calling an API function that does
 144:Middlewares/Third_Party/FreeRTOS/Source/list.c **** 			   not end in "FromISR" from an interrupt.
 145:Middlewares/Third_Party/FreeRTOS/Source/list.c **** 			4) Using a queue or semaphore before it has been initialised or
 146:Middlewares/Third_Party/FreeRTOS/Source/list.c **** 			   before the scheduler has been started (are interrupts firing
 147:Middlewares/Third_Party/FreeRTOS/Source/list.c **** 			   before vTaskStartScheduler() has been called?).
 148:Middlewares/Third_Party/FreeRTOS/Source/list.c **** 		**********************************************************************/
 149:Middlewares/Third_Party/FreeRTOS/Source/list.c **** 
 150:Middlewares/Third_Party/FreeRTOS/Source/list.c **** 		for( pxIterator = ( ListItem_t * ) &( pxList->xListEnd ); pxIterator->pxNext->xItemValue <= xValu
 169              		.loc 1 150 3 is_stmt 1 view .LVU51
 170              		.loc 1 150 19 is_stmt 0 view .LVU52
 171 0010 02F10803 		add	r3, r2, #8
 172              	.LVL8:
 173              	.L7:
 174              		.loc 1 150 92 is_stmt 1 discriminator 1 view .LVU53
 175 0014 1946     		mov	r1, r3
 176              		.loc 1 150 71 is_stmt 0 discriminator 1 view .LVU54
 177 0016 5B68     		ldr	r3, [r3, #4]
 178              	.LVL9:
 179              		.loc 1 150 92 discriminator 1 view .LVU55
 180 0018 D3F800E0 		ldr	lr, [r3]
 181 001c E645     		cmp	lr, ip
 182 001e F9D9     		bls	.L7
 183              	.L6:
 151:Middlewares/Third_Party/FreeRTOS/Source/list.c **** 		{
 152:Middlewares/Third_Party/FreeRTOS/Source/list.c **** 			/* There is nothing to do here, just iterating to the wanted
 153:Middlewares/Third_Party/FreeRTOS/Source/list.c **** 			insertion position. */
 154:Middlewares/Third_Party/FreeRTOS/Source/list.c **** 		}
 155:Middlewares/Third_Party/FreeRTOS/Source/list.c **** 	}
 156:Middlewares/Third_Party/FreeRTOS/Source/list.c **** 
 157:Middlewares/Third_Party/FreeRTOS/Source/list.c **** 	pxNewListItem->pxNext = pxIterator->pxNext;
 184              		.loc 1 157 2 is_stmt 1 view .LVU56
 185              		.loc 1 157 36 is_stmt 0 view .LVU57
 186 0020 4B68     		ldr	r3, [r1, #4]
 187              		.loc 1 157 24 view .LVU58
 188 0022 4360     		str	r3, [r0, #4]
 158:Middlewares/Third_Party/FreeRTOS/Source/list.c **** 	pxNewListItem->pxNext->pxPrevious = pxNewListItem;
 189              		.loc 1 158 2 is_stmt 1 view .LVU59
 190              		.loc 1 158 36 is_stmt 0 view .LVU60
 191 0024 9860     		str	r0, [r3, #8]
ARM GAS  C:\Users\subdia\AppData\Local\Temp\ccYELfb4.s 			page 7


 159:Middlewares/Third_Party/FreeRTOS/Source/list.c **** 	pxNewListItem->pxPrevious = pxIterator;
 192              		.loc 1 159 2 is_stmt 1 view .LVU61
 193              		.loc 1 159 28 is_stmt 0 view .LVU62
 194 0026 8160     		str	r1, [r0, #8]
 160:Middlewares/Third_Party/FreeRTOS/Source/list.c **** 	pxIterator->pxNext = pxNewListItem;
 195              		.loc 1 160 2 is_stmt 1 view .LVU63
 196              		.loc 1 160 21 is_stmt 0 view .LVU64
 197 0028 4860     		str	r0, [r1, #4]
 161:Middlewares/Third_Party/FreeRTOS/Source/list.c **** 
 162:Middlewares/Third_Party/FreeRTOS/Source/list.c **** 	/* Remember which list the item is in.  This allows fast removal of the
 163:Middlewares/Third_Party/FreeRTOS/Source/list.c **** 	item later. */
 164:Middlewares/Third_Party/FreeRTOS/Source/list.c **** 	pxNewListItem->pxContainer = pxList;
 198              		.loc 1 164 2 is_stmt 1 view .LVU65
 199              		.loc 1 164 29 is_stmt 0 view .LVU66
 200 002a 0261     		str	r2, [r0, #16]
 165:Middlewares/Third_Party/FreeRTOS/Source/list.c **** 
 166:Middlewares/Third_Party/FreeRTOS/Source/list.c **** 	( pxList->uxNumberOfItems )++;
 201              		.loc 1 166 2 is_stmt 1 view .LVU67
 202              		.loc 1 166 10 is_stmt 0 view .LVU68
 203 002c 1368     		ldr	r3, [r2]
 204              		.loc 1 166 29 view .LVU69
 205 002e 0133     		adds	r3, r3, #1
 206 0030 1360     		str	r3, [r2]
 167:Middlewares/Third_Party/FreeRTOS/Source/list.c **** }
 207              		.loc 1 167 1 view .LVU70
 208 0032 00BD     		pop	{pc}
 209              	.LVL10:
 210              	.L9:
 124:Middlewares/Third_Party/FreeRTOS/Source/list.c **** 	}
 211              		.loc 1 124 3 is_stmt 1 view .LVU71
 124:Middlewares/Third_Party/FreeRTOS/Source/list.c **** 	}
 212              		.loc 1 124 14 is_stmt 0 view .LVU72
 213 0034 1169     		ldr	r1, [r2, #16]
 214              	.LVL11:
 124:Middlewares/Third_Party/FreeRTOS/Source/list.c **** 	}
 215              		.loc 1 124 14 view .LVU73
 216 0036 F3E7     		b	.L6
 217              		.cfi_endproc
 218              	.LFE8:
 220              		.section	.text.uxListRemove,"ax",%progbits
 221              		.align	1
 222              		.global	uxListRemove
 223              		.syntax unified
 224              		.thumb
 225              		.thumb_func
 227              	uxListRemove:
 228              	.LVL12:
 229              	.LFB9:
 168:Middlewares/Third_Party/FreeRTOS/Source/list.c **** /*-----------------------------------------------------------*/
 169:Middlewares/Third_Party/FreeRTOS/Source/list.c **** 
 170:Middlewares/Third_Party/FreeRTOS/Source/list.c **** UBaseType_t uxListRemove( ListItem_t * const pxItemToRemove )
 171:Middlewares/Third_Party/FreeRTOS/Source/list.c **** {
 230              		.loc 1 171 1 is_stmt 1 view -0
 231              		.cfi_startproc
 232              		@ args = 0, pretend = 0, frame = 0
 233              		@ frame_needed = 0, uses_anonymous_args = 0
 234              		@ link register save eliminated.
ARM GAS  C:\Users\subdia\AppData\Local\Temp\ccYELfb4.s 			page 8


 172:Middlewares/Third_Party/FreeRTOS/Source/list.c **** /* The list item knows which list it is in.  Obtain the list from the list
 173:Middlewares/Third_Party/FreeRTOS/Source/list.c **** item. */
 174:Middlewares/Third_Party/FreeRTOS/Source/list.c **** List_t * const pxList = pxItemToRemove->pxContainer;
 235              		.loc 1 174 1 view .LVU75
 236              		.loc 1 174 16 is_stmt 0 view .LVU76
 237 0000 0369     		ldr	r3, [r0, #16]
 238              	.LVL13:
 175:Middlewares/Third_Party/FreeRTOS/Source/list.c **** 
 176:Middlewares/Third_Party/FreeRTOS/Source/list.c **** 	pxItemToRemove->pxNext->pxPrevious = pxItemToRemove->pxPrevious;
 239              		.loc 1 176 2 is_stmt 1 view .LVU77
 240              		.loc 1 176 16 is_stmt 0 view .LVU78
 241 0002 4168     		ldr	r1, [r0, #4]
 242              		.loc 1 176 53 view .LVU79
 243 0004 8268     		ldr	r2, [r0, #8]
 244              		.loc 1 176 37 view .LVU80
 245 0006 8A60     		str	r2, [r1, #8]
 177:Middlewares/Third_Party/FreeRTOS/Source/list.c **** 	pxItemToRemove->pxPrevious->pxNext = pxItemToRemove->pxNext;
 246              		.loc 1 177 2 is_stmt 1 view .LVU81
 247              		.loc 1 177 53 is_stmt 0 view .LVU82
 248 0008 4168     		ldr	r1, [r0, #4]
 249              		.loc 1 177 37 view .LVU83
 250 000a 5160     		str	r1, [r2, #4]
 178:Middlewares/Third_Party/FreeRTOS/Source/list.c **** 
 179:Middlewares/Third_Party/FreeRTOS/Source/list.c **** 	/* Only used during decision coverage testing. */
 180:Middlewares/Third_Party/FreeRTOS/Source/list.c **** 	mtCOVERAGE_TEST_DELAY();
 251              		.loc 1 180 25 is_stmt 1 view .LVU84
 181:Middlewares/Third_Party/FreeRTOS/Source/list.c **** 
 182:Middlewares/Third_Party/FreeRTOS/Source/list.c **** 	/* Make sure the index is left pointing to a valid item. */
 183:Middlewares/Third_Party/FreeRTOS/Source/list.c **** 	if( pxList->pxIndex == pxItemToRemove )
 252              		.loc 1 183 2 view .LVU85
 253              		.loc 1 183 12 is_stmt 0 view .LVU86
 254 000c 5A68     		ldr	r2, [r3, #4]
 255              		.loc 1 183 4 view .LVU87
 256 000e 8242     		cmp	r2, r0
 257 0010 06D0     		beq	.L12
 258              	.L11:
 184:Middlewares/Third_Party/FreeRTOS/Source/list.c **** 	{
 185:Middlewares/Third_Party/FreeRTOS/Source/list.c **** 		pxList->pxIndex = pxItemToRemove->pxPrevious;
 186:Middlewares/Third_Party/FreeRTOS/Source/list.c **** 	}
 187:Middlewares/Third_Party/FreeRTOS/Source/list.c **** 	else
 188:Middlewares/Third_Party/FreeRTOS/Source/list.c **** 	{
 189:Middlewares/Third_Party/FreeRTOS/Source/list.c **** 		mtCOVERAGE_TEST_MARKER();
 259              		.loc 1 189 27 is_stmt 1 view .LVU88
 190:Middlewares/Third_Party/FreeRTOS/Source/list.c **** 	}
 191:Middlewares/Third_Party/FreeRTOS/Source/list.c **** 
 192:Middlewares/Third_Party/FreeRTOS/Source/list.c **** 	pxItemToRemove->pxContainer = NULL;
 260              		.loc 1 192 2 view .LVU89
 261              		.loc 1 192 30 is_stmt 0 view .LVU90
 262 0012 0022     		movs	r2, #0
 263 0014 0261     		str	r2, [r0, #16]
 193:Middlewares/Third_Party/FreeRTOS/Source/list.c **** 	( pxList->uxNumberOfItems )--;
 264              		.loc 1 193 2 is_stmt 1 view .LVU91
 265              		.loc 1 193 10 is_stmt 0 view .LVU92
 266 0016 1A68     		ldr	r2, [r3]
 267              		.loc 1 193 29 view .LVU93
 268 0018 013A     		subs	r2, r2, #1
 269 001a 1A60     		str	r2, [r3]
ARM GAS  C:\Users\subdia\AppData\Local\Temp\ccYELfb4.s 			page 9


 194:Middlewares/Third_Party/FreeRTOS/Source/list.c **** 
 195:Middlewares/Third_Party/FreeRTOS/Source/list.c **** 	return pxList->uxNumberOfItems;
 270              		.loc 1 195 2 is_stmt 1 view .LVU94
 271              		.loc 1 195 15 is_stmt 0 view .LVU95
 272 001c 1868     		ldr	r0, [r3]
 273              	.LVL14:
 196:Middlewares/Third_Party/FreeRTOS/Source/list.c **** }
 274              		.loc 1 196 1 view .LVU96
 275 001e 7047     		bx	lr
 276              	.LVL15:
 277              	.L12:
 185:Middlewares/Third_Party/FreeRTOS/Source/list.c **** 	}
 278              		.loc 1 185 3 is_stmt 1 view .LVU97
 185:Middlewares/Third_Party/FreeRTOS/Source/list.c **** 	}
 279              		.loc 1 185 35 is_stmt 0 view .LVU98
 280 0020 8268     		ldr	r2, [r0, #8]
 185:Middlewares/Third_Party/FreeRTOS/Source/list.c **** 	}
 281              		.loc 1 185 19 view .LVU99
 282 0022 5A60     		str	r2, [r3, #4]
 283 0024 F5E7     		b	.L11
 284              		.cfi_endproc
 285              	.LFE9:
 287              		.text
 288              	.Letext0:
 289              		.file 2 "C:/GNUArmToolchain/arm-none-eabi-gcc-15.2.1/arm-none-eabi/include/machine/_default_types.
 290              		.file 3 "C:/GNUArmToolchain/arm-none-eabi-gcc-15.2.1/arm-none-eabi/include/sys/_stdint.h"
 291              		.file 4 "Middlewares/Third_Party/FreeRTOS/Source/portable/GCC/ARM_CM3/portmacro.h"
 292              		.file 5 "Middlewares/Third_Party/FreeRTOS/Source/include/list.h"
ARM GAS  C:\Users\subdia\AppData\Local\Temp\ccYELfb4.s 			page 10


DEFINED SYMBOLS
                            *ABS*:00000000 list.c
C:\Users\subdia\AppData\Local\Temp\ccYELfb4.s:19     .text.vListInitialise:00000000 $t
C:\Users\subdia\AppData\Local\Temp\ccYELfb4.s:25     .text.vListInitialise:00000000 vListInitialise
C:\Users\subdia\AppData\Local\Temp\ccYELfb4.s:60     .text.vListInitialiseItem:00000000 $t
C:\Users\subdia\AppData\Local\Temp\ccYELfb4.s:66     .text.vListInitialiseItem:00000000 vListInitialiseItem
C:\Users\subdia\AppData\Local\Temp\ccYELfb4.s:86     .text.vListInsertEnd:00000000 $t
C:\Users\subdia\AppData\Local\Temp\ccYELfb4.s:92     .text.vListInsertEnd:00000000 vListInsertEnd
C:\Users\subdia\AppData\Local\Temp\ccYELfb4.s:137    .text.vListInsert:00000000 $t
C:\Users\subdia\AppData\Local\Temp\ccYELfb4.s:143    .text.vListInsert:00000000 vListInsert
C:\Users\subdia\AppData\Local\Temp\ccYELfb4.s:221    .text.uxListRemove:00000000 $t
C:\Users\subdia\AppData\Local\Temp\ccYELfb4.s:227    .text.uxListRemove:00000000 uxListRemove

NO UNDEFINED SYMBOLS
