ARM GAS  C:\Users\subdia\AppData\Local\Temp\ccodUN6t.s 			page 1


   1              		.cpu cortex-m3
   2              		.arch armv7-m
   3              		.fpu softvfp
   4              		.eabi_attribute 20, 1
   5              		.eabi_attribute 21, 1
   6              		.eabi_attribute 23, 3
   7              		.eabi_attribute 24, 1
   8              		.eabi_attribute 25, 1
   9              		.eabi_attribute 26, 1
  10              		.eabi_attribute 30, 1
  11              		.eabi_attribute 34, 1
  12              		.eabi_attribute 18, 4
  13              		.file	"main.c"
  14              		.text
  15              	.Ltext0:
  16              		.cfi_sections	.debug_frame
  17              		.file 1 "Core/Src/main.c"
  18              		.section	.text.MX_GPIO_Init,"ax",%progbits
  19              		.align	1
  20              		.syntax unified
  21              		.thumb
  22              		.thumb_func
  24              	MX_GPIO_Init:
  25              	.LFB76:
   1:Core/Src/main.c **** /* USER CODE BEGIN Header */
   2:Core/Src/main.c **** /**
   3:Core/Src/main.c ****   ******************************************************************************
   4:Core/Src/main.c ****   * @file           : main.c
   5:Core/Src/main.c ****   * @brief          : Main program body
   6:Core/Src/main.c ****   ******************************************************************************
   7:Core/Src/main.c ****   * @attention
   8:Core/Src/main.c ****   *
   9:Core/Src/main.c ****   * Copyright (c) 2026 STMicroelectronics.
  10:Core/Src/main.c ****   * All rights reserved.
  11:Core/Src/main.c ****   *
  12:Core/Src/main.c ****   * This software is licensed under terms that can be found in the LICENSE file
  13:Core/Src/main.c ****   * in the root directory of this software component.
  14:Core/Src/main.c ****   * If no LICENSE file comes with this software, it is provided AS-IS.
  15:Core/Src/main.c ****   *
  16:Core/Src/main.c ****   ******************************************************************************
  17:Core/Src/main.c ****   */
  18:Core/Src/main.c **** /* USER CODE END Header */
  19:Core/Src/main.c **** /* Includes ------------------------------------------------------------------*/
  20:Core/Src/main.c **** #include "main.h"
  21:Core/Src/main.c **** #include "cmsis_os.h"
  22:Core/Src/main.c **** #include "usb_device.h"
  23:Core/Src/main.c **** 
  24:Core/Src/main.c **** /* Private includes ----------------------------------------------------------*/
  25:Core/Src/main.c **** /* USER CODE BEGIN Includes */
  26:Core/Src/main.c **** #include "usbd_cdc_if.h"
  27:Core/Src/main.c **** #include "ssd1306.h"
  28:Core/Src/main.c **** #include "lcd_graphics.h"
  29:Core/Src/main.c **** 
  30:Core/Src/main.c **** //#include "CDCCoder.hpp"
  31:Core/Src/main.c **** /* USER CODE END Includes */
  32:Core/Src/main.c **** 
  33:Core/Src/main.c **** /* Private typedef -----------------------------------------------------------*/
ARM GAS  C:\Users\subdia\AppData\Local\Temp\ccodUN6t.s 			page 2


  34:Core/Src/main.c **** /* USER CODE BEGIN PTD */
  35:Core/Src/main.c **** 
  36:Core/Src/main.c **** /* USER CODE END PTD */
  37:Core/Src/main.c **** 
  38:Core/Src/main.c **** /* Private define ------------------------------------------------------------*/
  39:Core/Src/main.c **** /* USER CODE BEGIN PD */
  40:Core/Src/main.c **** 
  41:Core/Src/main.c **** /* USER CODE END PD */
  42:Core/Src/main.c **** 
  43:Core/Src/main.c **** /* Private macro -------------------------------------------------------------*/
  44:Core/Src/main.c **** /* USER CODE BEGIN PM */
  45:Core/Src/main.c **** 
  46:Core/Src/main.c **** /* USER CODE END PM */
  47:Core/Src/main.c **** 
  48:Core/Src/main.c **** /* Private variables ---------------------------------------------------------*/
  49:Core/Src/main.c **** SPI_HandleTypeDef hspi1;
  50:Core/Src/main.c **** 
  51:Core/Src/main.c **** osThreadId defaultTaskHandle;
  52:Core/Src/main.c **** /* USER CODE BEGIN PV */
  53:Core/Src/main.c **** 
  54:Core/Src/main.c **** /* USER CODE END PV */
  55:Core/Src/main.c **** 
  56:Core/Src/main.c **** /* Private function prototypes -----------------------------------------------*/
  57:Core/Src/main.c **** void SystemClock_Config(void);
  58:Core/Src/main.c **** static void MX_GPIO_Init(void);
  59:Core/Src/main.c **** static void MX_SPI1_Init(void);
  60:Core/Src/main.c **** void StartDefaultTask(void const * argument);
  61:Core/Src/main.c **** 
  62:Core/Src/main.c **** /* USER CODE BEGIN PFP */
  63:Core/Src/main.c **** 
  64:Core/Src/main.c **** /* USER CODE END PFP */
  65:Core/Src/main.c **** 
  66:Core/Src/main.c **** /* Private user code ---------------------------------------------------------*/
  67:Core/Src/main.c **** /* USER CODE BEGIN 0 */
  68:Core/Src/main.c **** 
  69:Core/Src/main.c **** /* USER CODE END 0 */
  70:Core/Src/main.c **** 
  71:Core/Src/main.c **** /**
  72:Core/Src/main.c ****   * @brief  The application entry point.
  73:Core/Src/main.c ****   * @retval int
  74:Core/Src/main.c ****   */
  75:Core/Src/main.c **** int main(void)
  76:Core/Src/main.c **** {
  77:Core/Src/main.c **** 
  78:Core/Src/main.c ****   /* USER CODE BEGIN 1 */
  79:Core/Src/main.c **** 
  80:Core/Src/main.c ****   /* USER CODE END 1 */
  81:Core/Src/main.c **** 
  82:Core/Src/main.c ****   /* MCU Configuration--------------------------------------------------------*/
  83:Core/Src/main.c **** 
  84:Core/Src/main.c ****   /* Reset of all peripherals, Initializes the Flash interface and the Systick. */
  85:Core/Src/main.c ****   HAL_Init();
  86:Core/Src/main.c **** 
  87:Core/Src/main.c ****   /* USER CODE BEGIN Init */
  88:Core/Src/main.c **** 
  89:Core/Src/main.c ****   /* USER CODE END Init */
  90:Core/Src/main.c **** 
ARM GAS  C:\Users\subdia\AppData\Local\Temp\ccodUN6t.s 			page 3


  91:Core/Src/main.c ****   /* Configure the system clock */
  92:Core/Src/main.c ****   SystemClock_Config();
  93:Core/Src/main.c **** 
  94:Core/Src/main.c ****   /* USER CODE BEGIN SysInit */
  95:Core/Src/main.c **** 
  96:Core/Src/main.c ****   /* USER CODE END SysInit */
  97:Core/Src/main.c **** 
  98:Core/Src/main.c ****   /* Initialize all configured peripherals */
  99:Core/Src/main.c ****   MX_GPIO_Init();
 100:Core/Src/main.c ****   MX_SPI1_Init();
 101:Core/Src/main.c ****   /* USER CODE BEGIN 2 */
 102:Core/Src/main.c ****   SSD1306_Init();
 103:Core/Src/main.c ****   to_my_wife();
 104:Core/Src/main.c ****   /* USER CODE END 2 */
 105:Core/Src/main.c **** 
 106:Core/Src/main.c ****   /* USER CODE BEGIN RTOS_MUTEX */
 107:Core/Src/main.c ****   /* add mutexes, ... */
 108:Core/Src/main.c ****   /* USER CODE END RTOS_MUTEX */
 109:Core/Src/main.c **** 
 110:Core/Src/main.c ****   /* USER CODE BEGIN RTOS_SEMAPHORES */
 111:Core/Src/main.c ****   /* add semaphores, ... */
 112:Core/Src/main.c ****   /* USER CODE END RTOS_SEMAPHORES */
 113:Core/Src/main.c **** 
 114:Core/Src/main.c ****   /* USER CODE BEGIN RTOS_TIMERS */
 115:Core/Src/main.c ****   /* start timers, add new ones, ... */
 116:Core/Src/main.c ****   /* USER CODE END RTOS_TIMERS */
 117:Core/Src/main.c **** 
 118:Core/Src/main.c ****   /* USER CODE BEGIN RTOS_QUEUES */
 119:Core/Src/main.c ****   /* add queues, ... */
 120:Core/Src/main.c ****   /* USER CODE END RTOS_QUEUES */
 121:Core/Src/main.c **** 
 122:Core/Src/main.c ****   /* Create the thread(s) */
 123:Core/Src/main.c ****   /* definition and creation of defaultTask */
 124:Core/Src/main.c ****   osThreadDef(defaultTask, StartDefaultTask, osPriorityNormal, 0, 128);
 125:Core/Src/main.c ****   defaultTaskHandle = osThreadCreate(osThread(defaultTask), NULL);
 126:Core/Src/main.c **** 
 127:Core/Src/main.c ****   /* USER CODE BEGIN RTOS_THREADS */
 128:Core/Src/main.c ****   /* add threads, ... */
 129:Core/Src/main.c ****   //osThreadDef(usbReceiveTask, StartUsbReceiveTask, osPriorityNormal, 0, 128);
 130:Core/Src/main.c ****   //usbReceiveTaskHandle = osThreadCreate(osThread(usbReceiveTask), NULL);
 131:Core/Src/main.c ****   /* USER CODE END RTOS_THREADS */
 132:Core/Src/main.c **** 
 133:Core/Src/main.c ****   /* Start scheduler */
 134:Core/Src/main.c ****   osKernelStart();
 135:Core/Src/main.c **** 
 136:Core/Src/main.c ****   /* We should never get here as control is now taken by the scheduler */
 137:Core/Src/main.c **** 
 138:Core/Src/main.c ****   /* Infinite loop */
 139:Core/Src/main.c ****   /* USER CODE BEGIN WHILE */
 140:Core/Src/main.c ****   while (1) {
 141:Core/Src/main.c ****     /* USER CODE END WHILE */
 142:Core/Src/main.c **** 
 143:Core/Src/main.c ****     /* USER CODE BEGIN 3 */
 144:Core/Src/main.c ****   }
 145:Core/Src/main.c ****   /* USER CODE END 3 */
 146:Core/Src/main.c **** }
 147:Core/Src/main.c **** 
ARM GAS  C:\Users\subdia\AppData\Local\Temp\ccodUN6t.s 			page 4


 148:Core/Src/main.c **** /**
 149:Core/Src/main.c ****   * @brief System Clock Configuration
 150:Core/Src/main.c ****   * @retval None
 151:Core/Src/main.c ****   */
 152:Core/Src/main.c **** void SystemClock_Config(void)
 153:Core/Src/main.c **** {
 154:Core/Src/main.c ****   RCC_OscInitTypeDef RCC_OscInitStruct = {0};
 155:Core/Src/main.c ****   RCC_ClkInitTypeDef RCC_ClkInitStruct = {0};
 156:Core/Src/main.c ****   RCC_PeriphCLKInitTypeDef PeriphClkInit = {0};
 157:Core/Src/main.c **** 
 158:Core/Src/main.c ****   /** Initializes the RCC Oscillators according to the specified parameters
 159:Core/Src/main.c ****   * in the RCC_OscInitTypeDef structure.
 160:Core/Src/main.c ****   */
 161:Core/Src/main.c ****   RCC_OscInitStruct.OscillatorType = RCC_OSCILLATORTYPE_HSE;
 162:Core/Src/main.c ****   RCC_OscInitStruct.HSEState = RCC_HSE_ON;
 163:Core/Src/main.c ****   RCC_OscInitStruct.HSEPredivValue = RCC_HSE_PREDIV_DIV1;
 164:Core/Src/main.c ****   RCC_OscInitStruct.HSIState = RCC_HSI_ON;
 165:Core/Src/main.c ****   RCC_OscInitStruct.PLL.PLLState = RCC_PLL_ON;
 166:Core/Src/main.c ****   RCC_OscInitStruct.PLL.PLLSource = RCC_PLLSOURCE_HSE;
 167:Core/Src/main.c ****   RCC_OscInitStruct.PLL.PLLMUL = RCC_PLL_MUL9;
 168:Core/Src/main.c ****   if (HAL_RCC_OscConfig(&RCC_OscInitStruct) != HAL_OK)
 169:Core/Src/main.c ****   {
 170:Core/Src/main.c ****     Error_Handler();
 171:Core/Src/main.c ****   }
 172:Core/Src/main.c **** 
 173:Core/Src/main.c ****   /** Initializes the CPU, AHB and APB buses clocks
 174:Core/Src/main.c ****   */
 175:Core/Src/main.c ****   RCC_ClkInitStruct.ClockType = RCC_CLOCKTYPE_HCLK|RCC_CLOCKTYPE_SYSCLK
 176:Core/Src/main.c ****                               |RCC_CLOCKTYPE_PCLK1|RCC_CLOCKTYPE_PCLK2;
 177:Core/Src/main.c ****   RCC_ClkInitStruct.SYSCLKSource = RCC_SYSCLKSOURCE_PLLCLK;
 178:Core/Src/main.c ****   RCC_ClkInitStruct.AHBCLKDivider = RCC_SYSCLK_DIV1;
 179:Core/Src/main.c ****   RCC_ClkInitStruct.APB1CLKDivider = RCC_HCLK_DIV2;
 180:Core/Src/main.c ****   RCC_ClkInitStruct.APB2CLKDivider = RCC_HCLK_DIV1;
 181:Core/Src/main.c **** 
 182:Core/Src/main.c ****   if (HAL_RCC_ClockConfig(&RCC_ClkInitStruct, FLASH_LATENCY_2) != HAL_OK)
 183:Core/Src/main.c ****   {
 184:Core/Src/main.c ****     Error_Handler();
 185:Core/Src/main.c ****   }
 186:Core/Src/main.c ****   PeriphClkInit.PeriphClockSelection = RCC_PERIPHCLK_USB;
 187:Core/Src/main.c ****   PeriphClkInit.UsbClockSelection = RCC_USBCLKSOURCE_PLL_DIV1_5;
 188:Core/Src/main.c ****   if (HAL_RCCEx_PeriphCLKConfig(&PeriphClkInit) != HAL_OK)
 189:Core/Src/main.c ****   {
 190:Core/Src/main.c ****     Error_Handler();
 191:Core/Src/main.c ****   }
 192:Core/Src/main.c **** }
 193:Core/Src/main.c **** 
 194:Core/Src/main.c **** /**
 195:Core/Src/main.c ****   * @brief SPI1 Initialization Function
 196:Core/Src/main.c ****   * @param None
 197:Core/Src/main.c ****   * @retval None
 198:Core/Src/main.c ****   */
 199:Core/Src/main.c **** static void MX_SPI1_Init(void)
 200:Core/Src/main.c **** {
 201:Core/Src/main.c **** 
 202:Core/Src/main.c ****   /* USER CODE BEGIN SPI1_Init 0 */
 203:Core/Src/main.c **** 
 204:Core/Src/main.c ****   /* USER CODE END SPI1_Init 0 */
ARM GAS  C:\Users\subdia\AppData\Local\Temp\ccodUN6t.s 			page 5


 205:Core/Src/main.c **** 
 206:Core/Src/main.c ****   /* USER CODE BEGIN SPI1_Init 1 */
 207:Core/Src/main.c **** 
 208:Core/Src/main.c ****   /* USER CODE END SPI1_Init 1 */
 209:Core/Src/main.c ****   /* SPI1 parameter configuration*/
 210:Core/Src/main.c ****   hspi1.Instance = SPI1;
 211:Core/Src/main.c ****   hspi1.Init.Mode = SPI_MODE_MASTER;
 212:Core/Src/main.c ****   hspi1.Init.Direction = SPI_DIRECTION_2LINES;
 213:Core/Src/main.c ****   hspi1.Init.DataSize = SPI_DATASIZE_8BIT;
 214:Core/Src/main.c ****   hspi1.Init.CLKPolarity = SPI_POLARITY_LOW;
 215:Core/Src/main.c ****   hspi1.Init.CLKPhase = SPI_PHASE_1EDGE;
 216:Core/Src/main.c ****   hspi1.Init.NSS = SPI_NSS_SOFT;
 217:Core/Src/main.c ****   hspi1.Init.BaudRatePrescaler = SPI_BAUDRATEPRESCALER_4;
 218:Core/Src/main.c ****   hspi1.Init.FirstBit = SPI_FIRSTBIT_MSB;
 219:Core/Src/main.c ****   hspi1.Init.TIMode = SPI_TIMODE_DISABLE;
 220:Core/Src/main.c ****   hspi1.Init.CRCCalculation = SPI_CRCCALCULATION_DISABLE;
 221:Core/Src/main.c ****   hspi1.Init.CRCPolynomial = 10;
 222:Core/Src/main.c ****   if (HAL_SPI_Init(&hspi1) != HAL_OK)
 223:Core/Src/main.c ****   {
 224:Core/Src/main.c ****     Error_Handler();
 225:Core/Src/main.c ****   }
 226:Core/Src/main.c ****   /* USER CODE BEGIN SPI1_Init 2 */
 227:Core/Src/main.c **** 
 228:Core/Src/main.c ****   /* USER CODE END SPI1_Init 2 */
 229:Core/Src/main.c **** 
 230:Core/Src/main.c **** }
 231:Core/Src/main.c **** 
 232:Core/Src/main.c **** /**
 233:Core/Src/main.c ****   * @brief GPIO Initialization Function
 234:Core/Src/main.c ****   * @param None
 235:Core/Src/main.c ****   * @retval None
 236:Core/Src/main.c ****   */
 237:Core/Src/main.c **** static void MX_GPIO_Init(void)
 238:Core/Src/main.c **** {
  26              		.loc 1 238 1 view -0
  27              		.cfi_startproc
  28              		@ args = 0, pretend = 0, frame = 32
  29              		@ frame_needed = 0, uses_anonymous_args = 0
  30 0000 2DE9F043 		push	{r4, r5, r6, r7, r8, r9, lr}
  31              	.LCFI0:
  32              		.cfi_def_cfa_offset 28
  33              		.cfi_offset 4, -28
  34              		.cfi_offset 5, -24
  35              		.cfi_offset 6, -20
  36              		.cfi_offset 7, -16
  37              		.cfi_offset 8, -12
  38              		.cfi_offset 9, -8
  39              		.cfi_offset 14, -4
  40 0004 89B0     		sub	sp, sp, #36
  41              	.LCFI1:
  42              		.cfi_def_cfa_offset 64
 239:Core/Src/main.c ****   GPIO_InitTypeDef GPIO_InitStruct = {0};
  43              		.loc 1 239 3 view .LVU1
  44              		.loc 1 239 20 is_stmt 0 view .LVU2
  45 0006 04AD     		add	r5, sp, #16
  46 0008 0024     		movs	r4, #0
  47 000a 0494     		str	r4, [sp, #16]
ARM GAS  C:\Users\subdia\AppData\Local\Temp\ccodUN6t.s 			page 6


  48 000c 0594     		str	r4, [sp, #20]
  49 000e 0694     		str	r4, [sp, #24]
  50 0010 0794     		str	r4, [sp, #28]
 240:Core/Src/main.c ****   /* USER CODE BEGIN MX_GPIO_Init_1 */
 241:Core/Src/main.c **** 
 242:Core/Src/main.c ****   /* USER CODE END MX_GPIO_Init_1 */
 243:Core/Src/main.c **** 
 244:Core/Src/main.c ****   /* GPIO Ports Clock Enable */
 245:Core/Src/main.c ****   __HAL_RCC_GPIOC_CLK_ENABLE();
  51              		.loc 1 245 3 is_stmt 1 view .LVU3
  52              	.LBB4:
  53              		.loc 1 245 3 view .LVU4
  54              		.loc 1 245 3 view .LVU5
  55 0012 274B     		ldr	r3, .L3
  56 0014 9A69     		ldr	r2, [r3, #24]
  57 0016 42F01002 		orr	r2, r2, #16
  58 001a 9A61     		str	r2, [r3, #24]
  59              		.loc 1 245 3 view .LVU6
  60 001c 9A69     		ldr	r2, [r3, #24]
  61 001e 02F01002 		and	r2, r2, #16
  62 0022 0092     		str	r2, [sp]
  63              		.loc 1 245 3 view .LVU7
  64 0024 009A     		ldr	r2, [sp]
  65              	.LBE4:
  66              		.loc 1 245 3 view .LVU8
 246:Core/Src/main.c ****   __HAL_RCC_GPIOD_CLK_ENABLE();
  67              		.loc 1 246 3 view .LVU9
  68              	.LBB5:
  69              		.loc 1 246 3 view .LVU10
  70              		.loc 1 246 3 view .LVU11
  71 0026 9A69     		ldr	r2, [r3, #24]
  72 0028 42F02002 		orr	r2, r2, #32
  73 002c 9A61     		str	r2, [r3, #24]
  74              		.loc 1 246 3 view .LVU12
  75 002e 9A69     		ldr	r2, [r3, #24]
  76 0030 02F02002 		and	r2, r2, #32
  77 0034 0192     		str	r2, [sp, #4]
  78              		.loc 1 246 3 view .LVU13
  79 0036 019A     		ldr	r2, [sp, #4]
  80              	.LBE5:
  81              		.loc 1 246 3 view .LVU14
 247:Core/Src/main.c ****   __HAL_RCC_GPIOA_CLK_ENABLE();
  82              		.loc 1 247 3 view .LVU15
  83              	.LBB6:
  84              		.loc 1 247 3 view .LVU16
  85              		.loc 1 247 3 view .LVU17
  86 0038 9A69     		ldr	r2, [r3, #24]
  87 003a 42F00402 		orr	r2, r2, #4
  88 003e 9A61     		str	r2, [r3, #24]
  89              		.loc 1 247 3 view .LVU18
  90 0040 9A69     		ldr	r2, [r3, #24]
  91 0042 02F00402 		and	r2, r2, #4
  92 0046 0292     		str	r2, [sp, #8]
  93              		.loc 1 247 3 view .LVU19
  94 0048 029A     		ldr	r2, [sp, #8]
  95              	.LBE6:
  96              		.loc 1 247 3 view .LVU20
ARM GAS  C:\Users\subdia\AppData\Local\Temp\ccodUN6t.s 			page 7


 248:Core/Src/main.c ****   __HAL_RCC_GPIOB_CLK_ENABLE();
  97              		.loc 1 248 3 view .LVU21
  98              	.LBB7:
  99              		.loc 1 248 3 view .LVU22
 100              		.loc 1 248 3 view .LVU23
 101 004a 9A69     		ldr	r2, [r3, #24]
 102 004c 42F00802 		orr	r2, r2, #8
 103 0050 9A61     		str	r2, [r3, #24]
 104              		.loc 1 248 3 view .LVU24
 105 0052 9B69     		ldr	r3, [r3, #24]
 106 0054 03F00803 		and	r3, r3, #8
 107 0058 0393     		str	r3, [sp, #12]
 108              		.loc 1 248 3 view .LVU25
 109 005a 039B     		ldr	r3, [sp, #12]
 110              	.LBE7:
 111              		.loc 1 248 3 view .LVU26
 249:Core/Src/main.c **** 
 250:Core/Src/main.c ****   /*Configure GPIO pin Output Level */
 251:Core/Src/main.c ****   HAL_GPIO_WritePin(GPIOC, GPIO_PIN_13, GPIO_PIN_RESET);
 112              		.loc 1 251 3 view .LVU27
 113 005c DFF85490 		ldr	r9, .L3+4
 114 0060 2246     		mov	r2, r4
 115 0062 4FF40051 		mov	r1, #8192
 116 0066 4846     		mov	r0, r9
 117 0068 FFF7FEFF 		bl	HAL_GPIO_WritePin
 118              	.LVL0:
 252:Core/Src/main.c **** 
 253:Core/Src/main.c ****   /*Configure GPIO pin Output Level */
 254:Core/Src/main.c ****   HAL_GPIO_WritePin(GPIOB, GPIO_PIN_0|GPIO_PIN_1|GPIO_PIN_3, GPIO_PIN_RESET);
 119              		.loc 1 254 3 view .LVU28
 120 006c 124E     		ldr	r6, .L3+8
 121 006e 2246     		mov	r2, r4
 122 0070 0B21     		movs	r1, #11
 123 0072 3046     		mov	r0, r6
 124 0074 FFF7FEFF 		bl	HAL_GPIO_WritePin
 125              	.LVL1:
 255:Core/Src/main.c **** 
 256:Core/Src/main.c ****   /*Configure GPIO pin : PC13 */
 257:Core/Src/main.c ****   GPIO_InitStruct.Pin = GPIO_PIN_13;
 126              		.loc 1 257 3 view .LVU29
 127              		.loc 1 257 23 is_stmt 0 view .LVU30
 128 0078 4FF40053 		mov	r3, #8192
 129 007c 0493     		str	r3, [sp, #16]
 258:Core/Src/main.c ****   GPIO_InitStruct.Mode = GPIO_MODE_OUTPUT_PP;
 130              		.loc 1 258 3 is_stmt 1 view .LVU31
 131              		.loc 1 258 24 is_stmt 0 view .LVU32
 132 007e 4FF00108 		mov	r8, #1
 133 0082 CDF81480 		str	r8, [sp, #20]
 259:Core/Src/main.c ****   GPIO_InitStruct.Pull = GPIO_NOPULL;
 134              		.loc 1 259 3 is_stmt 1 view .LVU33
 135              		.loc 1 259 24 is_stmt 0 view .LVU34
 136 0086 0694     		str	r4, [sp, #24]
 260:Core/Src/main.c ****   GPIO_InitStruct.Speed = GPIO_SPEED_FREQ_LOW;
 137              		.loc 1 260 3 is_stmt 1 view .LVU35
 138              		.loc 1 260 25 is_stmt 0 view .LVU36
 139 0088 0227     		movs	r7, #2
 140 008a 0797     		str	r7, [sp, #28]
ARM GAS  C:\Users\subdia\AppData\Local\Temp\ccodUN6t.s 			page 8


 261:Core/Src/main.c ****   HAL_GPIO_Init(GPIOC, &GPIO_InitStruct);
 141              		.loc 1 261 3 is_stmt 1 view .LVU37
 142 008c 2946     		mov	r1, r5
 143 008e 4846     		mov	r0, r9
 144 0090 FFF7FEFF 		bl	HAL_GPIO_Init
 145              	.LVL2:
 262:Core/Src/main.c **** 
 263:Core/Src/main.c ****   /*Configure GPIO pins : PB0 PB1 PB3 */
 264:Core/Src/main.c ****   GPIO_InitStruct.Pin = GPIO_PIN_0|GPIO_PIN_1|GPIO_PIN_3;
 146              		.loc 1 264 3 view .LVU38
 147              		.loc 1 264 23 is_stmt 0 view .LVU39
 148 0094 0B23     		movs	r3, #11
 149 0096 0493     		str	r3, [sp, #16]
 265:Core/Src/main.c ****   GPIO_InitStruct.Mode = GPIO_MODE_OUTPUT_PP;
 150              		.loc 1 265 3 is_stmt 1 view .LVU40
 151              		.loc 1 265 24 is_stmt 0 view .LVU41
 152 0098 CDF81480 		str	r8, [sp, #20]
 266:Core/Src/main.c ****   GPIO_InitStruct.Pull = GPIO_NOPULL;
 153              		.loc 1 266 3 is_stmt 1 view .LVU42
 154              		.loc 1 266 24 is_stmt 0 view .LVU43
 155 009c 0694     		str	r4, [sp, #24]
 267:Core/Src/main.c ****   GPIO_InitStruct.Speed = GPIO_SPEED_FREQ_LOW;
 156              		.loc 1 267 3 is_stmt 1 view .LVU44
 157              		.loc 1 267 25 is_stmt 0 view .LVU45
 158 009e 0797     		str	r7, [sp, #28]
 268:Core/Src/main.c ****   HAL_GPIO_Init(GPIOB, &GPIO_InitStruct);
 159              		.loc 1 268 3 is_stmt 1 view .LVU46
 160 00a0 2946     		mov	r1, r5
 161 00a2 3046     		mov	r0, r6
 162 00a4 FFF7FEFF 		bl	HAL_GPIO_Init
 163              	.LVL3:
 269:Core/Src/main.c **** 
 270:Core/Src/main.c ****   /* USER CODE BEGIN MX_GPIO_Init_2 */
 271:Core/Src/main.c **** 
 272:Core/Src/main.c ****   /* USER CODE END MX_GPIO_Init_2 */
 273:Core/Src/main.c **** }
 164              		.loc 1 273 1 is_stmt 0 view .LVU47
 165 00a8 09B0     		add	sp, sp, #36
 166              	.LCFI2:
 167              		.cfi_def_cfa_offset 28
 168              		@ sp needed
 169 00aa BDE8F083 		pop	{r4, r5, r6, r7, r8, r9, pc}
 170              	.L4:
 171 00ae 00BF     		.align	2
 172              	.L3:
 173 00b0 00100240 		.word	1073876992
 174 00b4 00100140 		.word	1073811456
 175 00b8 000C0140 		.word	1073810432
 176              		.cfi_endproc
 177              	.LFE76:
 179              		.section	.text.StartDefaultTask,"ax",%progbits
 180              		.align	1
 181              		.global	StartDefaultTask
 182              		.syntax unified
 183              		.thumb
 184              		.thumb_func
 186              	StartDefaultTask:
ARM GAS  C:\Users\subdia\AppData\Local\Temp\ccodUN6t.s 			page 9


 187              	.LVL4:
 188              	.LFB77:
 274:Core/Src/main.c **** 
 275:Core/Src/main.c **** /* USER CODE BEGIN 4 */
 276:Core/Src/main.c **** 
 277:Core/Src/main.c **** /* USER CODE END 4 */
 278:Core/Src/main.c **** 
 279:Core/Src/main.c **** /* USER CODE BEGIN Header_StartDefaultTask */
 280:Core/Src/main.c **** /**
 281:Core/Src/main.c ****   * @brief  Function implementing the defaultTask thread.
 282:Core/Src/main.c ****   * @param  argument: Not used
 283:Core/Src/main.c ****   * @retval None
 284:Core/Src/main.c ****   */
 285:Core/Src/main.c **** /* USER CODE END Header_StartDefaultTask */
 286:Core/Src/main.c **** void StartDefaultTask(void const * argument)
 287:Core/Src/main.c **** {
 189              		.loc 1 287 1 is_stmt 1 view -0
 190              		.cfi_startproc
 191              		@ Volatile: function does not return.
 192              		@ args = 0, pretend = 0, frame = 0
 193              		@ frame_needed = 0, uses_anonymous_args = 0
 194              		.loc 1 287 1 is_stmt 0 view .LVU49
 195 0000 08B5     		push	{r3, lr}
 196              	.LCFI3:
 197              		.cfi_def_cfa_offset 8
 198              		.cfi_offset 3, -8
 199              		.cfi_offset 14, -4
 288:Core/Src/main.c ****   /* init code for USB_DEVICE */
 289:Core/Src/main.c ****   MX_USB_DEVICE_Init();
 200              		.loc 1 289 3 is_stmt 1 view .LVU50
 201 0002 FFF7FEFF 		bl	MX_USB_DEVICE_Init
 202              	.LVL5:
 203              	.L6:
 290:Core/Src/main.c ****   /* USER CODE BEGIN 5 */
 291:Core/Src/main.c ****   /* Infinite loop */
 292:Core/Src/main.c ****   for(;;) {
 204              		.loc 1 292 3 view .LVU51
 293:Core/Src/main.c ****     HAL_GPIO_TogglePin(GPIOC, GPIO_PIN_13);
 205              		.loc 1 293 5 view .LVU52
 206 0006 4FF40051 		mov	r1, #8192
 207 000a 0448     		ldr	r0, .L8
 208 000c FFF7FEFF 		bl	HAL_GPIO_TogglePin
 209              	.LVL6:
 294:Core/Src/main.c **** 	  osDelay(500);
 210              		.loc 1 294 4 discriminator 2 view .LVU53
 211 0010 4FF4FA70 		mov	r0, #500
 212 0014 FFF7FEFF 		bl	osDelay
 213              	.LVL7:
 292:Core/Src/main.c ****     HAL_GPIO_TogglePin(GPIOC, GPIO_PIN_13);
 214              		.loc 1 292 3 view .LVU54
 215 0018 F5E7     		b	.L6
 216              	.L9:
 217 001a 00BF     		.align	2
 218              	.L8:
 219 001c 00100140 		.word	1073811456
 220              		.cfi_endproc
 221              	.LFE77:
ARM GAS  C:\Users\subdia\AppData\Local\Temp\ccodUN6t.s 			page 10


 223              		.section	.text.HAL_TIM_PeriodElapsedCallback,"ax",%progbits
 224              		.align	1
 225              		.global	HAL_TIM_PeriodElapsedCallback
 226              		.syntax unified
 227              		.thumb
 228              		.thumb_func
 230              	HAL_TIM_PeriodElapsedCallback:
 231              	.LVL8:
 232              	.LFB78:
 295:Core/Src/main.c ****   }
 296:Core/Src/main.c ****   /* USER CODE END 5 */
 297:Core/Src/main.c **** }
 298:Core/Src/main.c **** 
 299:Core/Src/main.c **** /**
 300:Core/Src/main.c ****   * @brief  Period elapsed callback in non blocking mode
 301:Core/Src/main.c ****   * @note   This function is called  when TIM1 interrupt took place, inside
 302:Core/Src/main.c ****   * HAL_TIM_IRQHandler(). It makes a direct call to HAL_IncTick() to increment
 303:Core/Src/main.c ****   * a global variable "uwTick" used as application time base.
 304:Core/Src/main.c ****   * @param  htim : TIM handle
 305:Core/Src/main.c ****   * @retval None
 306:Core/Src/main.c ****   */
 307:Core/Src/main.c **** void HAL_TIM_PeriodElapsedCallback(TIM_HandleTypeDef *htim)
 308:Core/Src/main.c **** {
 233              		.loc 1 308 1 view -0
 234              		.cfi_startproc
 235              		@ args = 0, pretend = 0, frame = 0
 236              		@ frame_needed = 0, uses_anonymous_args = 0
 237              		.loc 1 308 1 is_stmt 0 view .LVU56
 238 0000 08B5     		push	{r3, lr}
 239              	.LCFI4:
 240              		.cfi_def_cfa_offset 8
 241              		.cfi_offset 3, -8
 242              		.cfi_offset 14, -4
 309:Core/Src/main.c ****   /* USER CODE BEGIN Callback 0 */
 310:Core/Src/main.c **** 
 311:Core/Src/main.c ****   /* USER CODE END Callback 0 */
 312:Core/Src/main.c ****   if (htim->Instance == TIM1)
 243              		.loc 1 312 3 is_stmt 1 view .LVU57
 244              		.loc 1 312 11 is_stmt 0 view .LVU58
 245 0002 0268     		ldr	r2, [r0]
 246              		.loc 1 312 6 view .LVU59
 247 0004 034B     		ldr	r3, .L14
 248 0006 9A42     		cmp	r2, r3
 249 0008 00D0     		beq	.L13
 250              	.LVL9:
 251              	.L10:
 313:Core/Src/main.c ****   {
 314:Core/Src/main.c ****     HAL_IncTick();
 315:Core/Src/main.c ****   }
 316:Core/Src/main.c ****   /* USER CODE BEGIN Callback 1 */
 317:Core/Src/main.c **** 
 318:Core/Src/main.c ****   /* USER CODE END Callback 1 */
 319:Core/Src/main.c **** }
 252              		.loc 1 319 1 view .LVU60
 253 000a 08BD     		pop	{r3, pc}
 254              	.LVL10:
 255              	.L13:
ARM GAS  C:\Users\subdia\AppData\Local\Temp\ccodUN6t.s 			page 11


 314:Core/Src/main.c ****   }
 256              		.loc 1 314 5 is_stmt 1 view .LVU61
 257 000c FFF7FEFF 		bl	HAL_IncTick
 258              	.LVL11:
 259              		.loc 1 319 1 is_stmt 0 view .LVU62
 260 0010 FBE7     		b	.L10
 261              	.L15:
 262 0012 00BF     		.align	2
 263              	.L14:
 264 0014 002C0140 		.word	1073818624
 265              		.cfi_endproc
 266              	.LFE78:
 268              		.section	.text.Error_Handler,"ax",%progbits
 269              		.align	1
 270              		.global	Error_Handler
 271              		.syntax unified
 272              		.thumb
 273              		.thumb_func
 275              	Error_Handler:
 276              	.LFB79:
 320:Core/Src/main.c **** 
 321:Core/Src/main.c **** /**
 322:Core/Src/main.c ****   * @brief  This function is executed in case of error occurrence.
 323:Core/Src/main.c ****   * @retval None
 324:Core/Src/main.c ****   */
 325:Core/Src/main.c **** void Error_Handler(void)
 326:Core/Src/main.c **** {
 277              		.loc 1 326 1 is_stmt 1 view -0
 278              		.cfi_startproc
 279              		@ Volatile: function does not return.
 280              		@ args = 0, pretend = 0, frame = 0
 281              		@ frame_needed = 0, uses_anonymous_args = 0
 282              		@ link register save eliminated.
 327:Core/Src/main.c ****   /* USER CODE BEGIN Error_Handler_Debug */
 328:Core/Src/main.c ****   /* User can add his own implementation to report the HAL error return state */
 329:Core/Src/main.c ****   __disable_irq();
 283              		.loc 1 329 3 view .LVU64
 284              	.LBB8:
 285              	.LBI8:
 286              		.file 2 "Drivers/CMSIS/Include/cmsis_gcc.h"
   1:Drivers/CMSIS/Include/cmsis_gcc.h **** /**************************************************************************//**
   2:Drivers/CMSIS/Include/cmsis_gcc.h ****  * @file     cmsis_gcc.h
   3:Drivers/CMSIS/Include/cmsis_gcc.h ****  * @brief    CMSIS compiler GCC header file
   4:Drivers/CMSIS/Include/cmsis_gcc.h ****  * @version  V5.0.4
   5:Drivers/CMSIS/Include/cmsis_gcc.h ****  * @date     09. April 2018
   6:Drivers/CMSIS/Include/cmsis_gcc.h ****  ******************************************************************************/
   7:Drivers/CMSIS/Include/cmsis_gcc.h **** /*
   8:Drivers/CMSIS/Include/cmsis_gcc.h ****  * Copyright (c) 2009-2018 Arm Limited. All rights reserved.
   9:Drivers/CMSIS/Include/cmsis_gcc.h ****  *
  10:Drivers/CMSIS/Include/cmsis_gcc.h ****  * SPDX-License-Identifier: Apache-2.0
  11:Drivers/CMSIS/Include/cmsis_gcc.h ****  *
  12:Drivers/CMSIS/Include/cmsis_gcc.h ****  * Licensed under the Apache License, Version 2.0 (the License); you may
  13:Drivers/CMSIS/Include/cmsis_gcc.h ****  * not use this file except in compliance with the License.
  14:Drivers/CMSIS/Include/cmsis_gcc.h ****  * You may obtain a copy of the License at
  15:Drivers/CMSIS/Include/cmsis_gcc.h ****  *
  16:Drivers/CMSIS/Include/cmsis_gcc.h ****  * www.apache.org/licenses/LICENSE-2.0
  17:Drivers/CMSIS/Include/cmsis_gcc.h ****  *
ARM GAS  C:\Users\subdia\AppData\Local\Temp\ccodUN6t.s 			page 12


  18:Drivers/CMSIS/Include/cmsis_gcc.h ****  * Unless required by applicable law or agreed to in writing, software
  19:Drivers/CMSIS/Include/cmsis_gcc.h ****  * distributed under the License is distributed on an AS IS BASIS, WITHOUT
  20:Drivers/CMSIS/Include/cmsis_gcc.h ****  * WARRANTIES OR CONDITIONS OF ANY KIND, either express or implied.
  21:Drivers/CMSIS/Include/cmsis_gcc.h ****  * See the License for the specific language governing permissions and
  22:Drivers/CMSIS/Include/cmsis_gcc.h ****  * limitations under the License.
  23:Drivers/CMSIS/Include/cmsis_gcc.h ****  */
  24:Drivers/CMSIS/Include/cmsis_gcc.h **** 
  25:Drivers/CMSIS/Include/cmsis_gcc.h **** #ifndef __CMSIS_GCC_H
  26:Drivers/CMSIS/Include/cmsis_gcc.h **** #define __CMSIS_GCC_H
  27:Drivers/CMSIS/Include/cmsis_gcc.h **** 
  28:Drivers/CMSIS/Include/cmsis_gcc.h **** /* ignore some GCC warnings */
  29:Drivers/CMSIS/Include/cmsis_gcc.h **** #pragma GCC diagnostic push
  30:Drivers/CMSIS/Include/cmsis_gcc.h **** #pragma GCC diagnostic ignored "-Wsign-conversion"
  31:Drivers/CMSIS/Include/cmsis_gcc.h **** #pragma GCC diagnostic ignored "-Wconversion"
  32:Drivers/CMSIS/Include/cmsis_gcc.h **** #pragma GCC diagnostic ignored "-Wunused-parameter"
  33:Drivers/CMSIS/Include/cmsis_gcc.h **** 
  34:Drivers/CMSIS/Include/cmsis_gcc.h **** /* Fallback for __has_builtin */
  35:Drivers/CMSIS/Include/cmsis_gcc.h **** #ifndef __has_builtin
  36:Drivers/CMSIS/Include/cmsis_gcc.h ****   #define __has_builtin(x) (0)
  37:Drivers/CMSIS/Include/cmsis_gcc.h **** #endif
  38:Drivers/CMSIS/Include/cmsis_gcc.h **** 
  39:Drivers/CMSIS/Include/cmsis_gcc.h **** /* CMSIS compiler specific defines */
  40:Drivers/CMSIS/Include/cmsis_gcc.h **** #ifndef   __ASM
  41:Drivers/CMSIS/Include/cmsis_gcc.h ****   #define __ASM                                  __asm
  42:Drivers/CMSIS/Include/cmsis_gcc.h **** #endif
  43:Drivers/CMSIS/Include/cmsis_gcc.h **** #ifndef   __INLINE
  44:Drivers/CMSIS/Include/cmsis_gcc.h ****   #define __INLINE                               inline
  45:Drivers/CMSIS/Include/cmsis_gcc.h **** #endif
  46:Drivers/CMSIS/Include/cmsis_gcc.h **** #ifndef   __STATIC_INLINE
  47:Drivers/CMSIS/Include/cmsis_gcc.h ****   #define __STATIC_INLINE                        static inline
  48:Drivers/CMSIS/Include/cmsis_gcc.h **** #endif
  49:Drivers/CMSIS/Include/cmsis_gcc.h **** #ifndef   __STATIC_FORCEINLINE                 
  50:Drivers/CMSIS/Include/cmsis_gcc.h ****   #define __STATIC_FORCEINLINE                   __attribute__((always_inline)) static inline
  51:Drivers/CMSIS/Include/cmsis_gcc.h **** #endif                                           
  52:Drivers/CMSIS/Include/cmsis_gcc.h **** #ifndef   __NO_RETURN
  53:Drivers/CMSIS/Include/cmsis_gcc.h ****   #define __NO_RETURN                            __attribute__((__noreturn__))
  54:Drivers/CMSIS/Include/cmsis_gcc.h **** #endif
  55:Drivers/CMSIS/Include/cmsis_gcc.h **** #ifndef   __USED
  56:Drivers/CMSIS/Include/cmsis_gcc.h ****   #define __USED                                 __attribute__((used))
  57:Drivers/CMSIS/Include/cmsis_gcc.h **** #endif
  58:Drivers/CMSIS/Include/cmsis_gcc.h **** #ifndef   __WEAK
  59:Drivers/CMSIS/Include/cmsis_gcc.h ****   #define __WEAK                                 __attribute__((weak))
  60:Drivers/CMSIS/Include/cmsis_gcc.h **** #endif
  61:Drivers/CMSIS/Include/cmsis_gcc.h **** #ifndef   __PACKED
  62:Drivers/CMSIS/Include/cmsis_gcc.h ****   #define __PACKED                               __attribute__((packed, aligned(1)))
  63:Drivers/CMSIS/Include/cmsis_gcc.h **** #endif
  64:Drivers/CMSIS/Include/cmsis_gcc.h **** #ifndef   __PACKED_STRUCT
  65:Drivers/CMSIS/Include/cmsis_gcc.h ****   #define __PACKED_STRUCT                        struct __attribute__((packed, aligned(1)))
  66:Drivers/CMSIS/Include/cmsis_gcc.h **** #endif
  67:Drivers/CMSIS/Include/cmsis_gcc.h **** #ifndef   __PACKED_UNION
  68:Drivers/CMSIS/Include/cmsis_gcc.h ****   #define __PACKED_UNION                         union __attribute__((packed, aligned(1)))
  69:Drivers/CMSIS/Include/cmsis_gcc.h **** #endif
  70:Drivers/CMSIS/Include/cmsis_gcc.h **** #ifndef   __UNALIGNED_UINT32        /* deprecated */
  71:Drivers/CMSIS/Include/cmsis_gcc.h ****   #pragma GCC diagnostic push
  72:Drivers/CMSIS/Include/cmsis_gcc.h ****   #pragma GCC diagnostic ignored "-Wpacked"
  73:Drivers/CMSIS/Include/cmsis_gcc.h ****   #pragma GCC diagnostic ignored "-Wattributes"
  74:Drivers/CMSIS/Include/cmsis_gcc.h ****   struct __attribute__((packed)) T_UINT32 { uint32_t v; };
ARM GAS  C:\Users\subdia\AppData\Local\Temp\ccodUN6t.s 			page 13


  75:Drivers/CMSIS/Include/cmsis_gcc.h ****   #pragma GCC diagnostic pop
  76:Drivers/CMSIS/Include/cmsis_gcc.h ****   #define __UNALIGNED_UINT32(x)                  (((struct T_UINT32 *)(x))->v)
  77:Drivers/CMSIS/Include/cmsis_gcc.h **** #endif
  78:Drivers/CMSIS/Include/cmsis_gcc.h **** #ifndef   __UNALIGNED_UINT16_WRITE
  79:Drivers/CMSIS/Include/cmsis_gcc.h ****   #pragma GCC diagnostic push
  80:Drivers/CMSIS/Include/cmsis_gcc.h ****   #pragma GCC diagnostic ignored "-Wpacked"
  81:Drivers/CMSIS/Include/cmsis_gcc.h ****   #pragma GCC diagnostic ignored "-Wattributes"
  82:Drivers/CMSIS/Include/cmsis_gcc.h ****   __PACKED_STRUCT T_UINT16_WRITE { uint16_t v; };
  83:Drivers/CMSIS/Include/cmsis_gcc.h ****   #pragma GCC diagnostic pop
  84:Drivers/CMSIS/Include/cmsis_gcc.h ****   #define __UNALIGNED_UINT16_WRITE(addr, val)    (void)((((struct T_UINT16_WRITE *)(void *)(addr))-
  85:Drivers/CMSIS/Include/cmsis_gcc.h **** #endif
  86:Drivers/CMSIS/Include/cmsis_gcc.h **** #ifndef   __UNALIGNED_UINT16_READ
  87:Drivers/CMSIS/Include/cmsis_gcc.h ****   #pragma GCC diagnostic push
  88:Drivers/CMSIS/Include/cmsis_gcc.h ****   #pragma GCC diagnostic ignored "-Wpacked"
  89:Drivers/CMSIS/Include/cmsis_gcc.h ****   #pragma GCC diagnostic ignored "-Wattributes"
  90:Drivers/CMSIS/Include/cmsis_gcc.h ****   __PACKED_STRUCT T_UINT16_READ { uint16_t v; };
  91:Drivers/CMSIS/Include/cmsis_gcc.h ****   #pragma GCC diagnostic pop
  92:Drivers/CMSIS/Include/cmsis_gcc.h ****   #define __UNALIGNED_UINT16_READ(addr)          (((const struct T_UINT16_READ *)(const void *)(add
  93:Drivers/CMSIS/Include/cmsis_gcc.h **** #endif
  94:Drivers/CMSIS/Include/cmsis_gcc.h **** #ifndef   __UNALIGNED_UINT32_WRITE
  95:Drivers/CMSIS/Include/cmsis_gcc.h ****   #pragma GCC diagnostic push
  96:Drivers/CMSIS/Include/cmsis_gcc.h ****   #pragma GCC diagnostic ignored "-Wpacked"
  97:Drivers/CMSIS/Include/cmsis_gcc.h ****   #pragma GCC diagnostic ignored "-Wattributes"
  98:Drivers/CMSIS/Include/cmsis_gcc.h ****   __PACKED_STRUCT T_UINT32_WRITE { uint32_t v; };
  99:Drivers/CMSIS/Include/cmsis_gcc.h ****   #pragma GCC diagnostic pop
 100:Drivers/CMSIS/Include/cmsis_gcc.h ****   #define __UNALIGNED_UINT32_WRITE(addr, val)    (void)((((struct T_UINT32_WRITE *)(void *)(addr))-
 101:Drivers/CMSIS/Include/cmsis_gcc.h **** #endif
 102:Drivers/CMSIS/Include/cmsis_gcc.h **** #ifndef   __UNALIGNED_UINT32_READ
 103:Drivers/CMSIS/Include/cmsis_gcc.h ****   #pragma GCC diagnostic push
 104:Drivers/CMSIS/Include/cmsis_gcc.h ****   #pragma GCC diagnostic ignored "-Wpacked"
 105:Drivers/CMSIS/Include/cmsis_gcc.h ****   #pragma GCC diagnostic ignored "-Wattributes"
 106:Drivers/CMSIS/Include/cmsis_gcc.h ****   __PACKED_STRUCT T_UINT32_READ { uint32_t v; };
 107:Drivers/CMSIS/Include/cmsis_gcc.h ****   #pragma GCC diagnostic pop
 108:Drivers/CMSIS/Include/cmsis_gcc.h ****   #define __UNALIGNED_UINT32_READ(addr)          (((const struct T_UINT32_READ *)(const void *)(add
 109:Drivers/CMSIS/Include/cmsis_gcc.h **** #endif
 110:Drivers/CMSIS/Include/cmsis_gcc.h **** #ifndef   __ALIGNED
 111:Drivers/CMSIS/Include/cmsis_gcc.h ****   #define __ALIGNED(x)                           __attribute__((aligned(x)))
 112:Drivers/CMSIS/Include/cmsis_gcc.h **** #endif
 113:Drivers/CMSIS/Include/cmsis_gcc.h **** #ifndef   __RESTRICT
 114:Drivers/CMSIS/Include/cmsis_gcc.h ****   #define __RESTRICT                             __restrict
 115:Drivers/CMSIS/Include/cmsis_gcc.h **** #endif
 116:Drivers/CMSIS/Include/cmsis_gcc.h **** 
 117:Drivers/CMSIS/Include/cmsis_gcc.h **** 
 118:Drivers/CMSIS/Include/cmsis_gcc.h **** /* ###########################  Core Function Access  ########################### */
 119:Drivers/CMSIS/Include/cmsis_gcc.h **** /** \ingroup  CMSIS_Core_FunctionInterface
 120:Drivers/CMSIS/Include/cmsis_gcc.h ****     \defgroup CMSIS_Core_RegAccFunctions CMSIS Core Register Access Functions
 121:Drivers/CMSIS/Include/cmsis_gcc.h ****   @{
 122:Drivers/CMSIS/Include/cmsis_gcc.h ****  */
 123:Drivers/CMSIS/Include/cmsis_gcc.h **** 
 124:Drivers/CMSIS/Include/cmsis_gcc.h **** /**
 125:Drivers/CMSIS/Include/cmsis_gcc.h ****   \brief   Enable IRQ Interrupts
 126:Drivers/CMSIS/Include/cmsis_gcc.h ****   \details Enables IRQ interrupts by clearing the I-bit in the CPSR.
 127:Drivers/CMSIS/Include/cmsis_gcc.h ****            Can only be executed in Privileged modes.
 128:Drivers/CMSIS/Include/cmsis_gcc.h ****  */
 129:Drivers/CMSIS/Include/cmsis_gcc.h **** __STATIC_FORCEINLINE void __enable_irq(void)
 130:Drivers/CMSIS/Include/cmsis_gcc.h **** {
 131:Drivers/CMSIS/Include/cmsis_gcc.h ****   __ASM volatile ("cpsie i" : : : "memory");
ARM GAS  C:\Users\subdia\AppData\Local\Temp\ccodUN6t.s 			page 14


 132:Drivers/CMSIS/Include/cmsis_gcc.h **** }
 133:Drivers/CMSIS/Include/cmsis_gcc.h **** 
 134:Drivers/CMSIS/Include/cmsis_gcc.h **** 
 135:Drivers/CMSIS/Include/cmsis_gcc.h **** /**
 136:Drivers/CMSIS/Include/cmsis_gcc.h ****   \brief   Disable IRQ Interrupts
 137:Drivers/CMSIS/Include/cmsis_gcc.h ****   \details Disables IRQ interrupts by setting the I-bit in the CPSR.
 138:Drivers/CMSIS/Include/cmsis_gcc.h ****            Can only be executed in Privileged modes.
 139:Drivers/CMSIS/Include/cmsis_gcc.h ****  */
 140:Drivers/CMSIS/Include/cmsis_gcc.h **** __STATIC_FORCEINLINE void __disable_irq(void)
 287              		.loc 2 140 27 view .LVU65
 288              	.LBB9:
 141:Drivers/CMSIS/Include/cmsis_gcc.h **** {
 142:Drivers/CMSIS/Include/cmsis_gcc.h ****   __ASM volatile ("cpsid i" : : : "memory");
 289              		.loc 2 142 3 view .LVU66
 290              		.syntax unified
 291              	@ 142 "Drivers/CMSIS/Include/cmsis_gcc.h" 1
 292 0000 72B6     		cpsid i
 293              	@ 0 "" 2
 294              		.thumb
 295              		.syntax unified
 296              	.L17:
 297              	.LBE9:
 298              	.LBE8:
 330:Core/Src/main.c ****   while (1) {
 299              		.loc 1 330 3 view .LVU67
 331:Core/Src/main.c ****   }
 300              		.loc 1 331 3 view .LVU68
 330:Core/Src/main.c ****   while (1) {
 301              		.loc 1 330 9 view .LVU69
 302 0002 FEE7     		b	.L17
 303              		.cfi_endproc
 304              	.LFE79:
 306              		.section	.text.MX_SPI1_Init,"ax",%progbits
 307              		.align	1
 308              		.syntax unified
 309              		.thumb
 310              		.thumb_func
 312              	MX_SPI1_Init:
 313              	.LFB75:
 200:Core/Src/main.c **** 
 314              		.loc 1 200 1 view -0
 315              		.cfi_startproc
 316              		@ args = 0, pretend = 0, frame = 0
 317              		@ frame_needed = 0, uses_anonymous_args = 0
 318 0000 08B5     		push	{r3, lr}
 319              	.LCFI5:
 320              		.cfi_def_cfa_offset 8
 321              		.cfi_offset 3, -8
 322              		.cfi_offset 14, -4
 210:Core/Src/main.c ****   hspi1.Init.Mode = SPI_MODE_MASTER;
 323              		.loc 1 210 3 view .LVU71
 210:Core/Src/main.c ****   hspi1.Init.Mode = SPI_MODE_MASTER;
 324              		.loc 1 210 18 is_stmt 0 view .LVU72
 325 0002 0D48     		ldr	r0, .L22
 326 0004 0D4B     		ldr	r3, .L22+4
 327 0006 0360     		str	r3, [r0]
 211:Core/Src/main.c ****   hspi1.Init.Direction = SPI_DIRECTION_2LINES;
ARM GAS  C:\Users\subdia\AppData\Local\Temp\ccodUN6t.s 			page 15


 328              		.loc 1 211 3 is_stmt 1 view .LVU73
 211:Core/Src/main.c ****   hspi1.Init.Direction = SPI_DIRECTION_2LINES;
 329              		.loc 1 211 19 is_stmt 0 view .LVU74
 330 0008 4FF48273 		mov	r3, #260
 331 000c 4360     		str	r3, [r0, #4]
 212:Core/Src/main.c ****   hspi1.Init.DataSize = SPI_DATASIZE_8BIT;
 332              		.loc 1 212 3 is_stmt 1 view .LVU75
 212:Core/Src/main.c ****   hspi1.Init.DataSize = SPI_DATASIZE_8BIT;
 333              		.loc 1 212 24 is_stmt 0 view .LVU76
 334 000e 0023     		movs	r3, #0
 335 0010 8360     		str	r3, [r0, #8]
 213:Core/Src/main.c ****   hspi1.Init.CLKPolarity = SPI_POLARITY_LOW;
 336              		.loc 1 213 3 is_stmt 1 view .LVU77
 213:Core/Src/main.c ****   hspi1.Init.CLKPolarity = SPI_POLARITY_LOW;
 337              		.loc 1 213 23 is_stmt 0 view .LVU78
 338 0012 C360     		str	r3, [r0, #12]
 214:Core/Src/main.c ****   hspi1.Init.CLKPhase = SPI_PHASE_1EDGE;
 339              		.loc 1 214 3 is_stmt 1 view .LVU79
 214:Core/Src/main.c ****   hspi1.Init.CLKPhase = SPI_PHASE_1EDGE;
 340              		.loc 1 214 26 is_stmt 0 view .LVU80
 341 0014 0361     		str	r3, [r0, #16]
 215:Core/Src/main.c ****   hspi1.Init.NSS = SPI_NSS_SOFT;
 342              		.loc 1 215 3 is_stmt 1 view .LVU81
 215:Core/Src/main.c ****   hspi1.Init.NSS = SPI_NSS_SOFT;
 343              		.loc 1 215 23 is_stmt 0 view .LVU82
 344 0016 4361     		str	r3, [r0, #20]
 216:Core/Src/main.c ****   hspi1.Init.BaudRatePrescaler = SPI_BAUDRATEPRESCALER_4;
 345              		.loc 1 216 3 is_stmt 1 view .LVU83
 216:Core/Src/main.c ****   hspi1.Init.BaudRatePrescaler = SPI_BAUDRATEPRESCALER_4;
 346              		.loc 1 216 18 is_stmt 0 view .LVU84
 347 0018 4FF40072 		mov	r2, #512
 348 001c 8261     		str	r2, [r0, #24]
 217:Core/Src/main.c ****   hspi1.Init.FirstBit = SPI_FIRSTBIT_MSB;
 349              		.loc 1 217 3 is_stmt 1 view .LVU85
 217:Core/Src/main.c ****   hspi1.Init.FirstBit = SPI_FIRSTBIT_MSB;
 350              		.loc 1 217 32 is_stmt 0 view .LVU86
 351 001e 0822     		movs	r2, #8
 352 0020 C261     		str	r2, [r0, #28]
 218:Core/Src/main.c ****   hspi1.Init.TIMode = SPI_TIMODE_DISABLE;
 353              		.loc 1 218 3 is_stmt 1 view .LVU87
 218:Core/Src/main.c ****   hspi1.Init.TIMode = SPI_TIMODE_DISABLE;
 354              		.loc 1 218 23 is_stmt 0 view .LVU88
 355 0022 0362     		str	r3, [r0, #32]
 219:Core/Src/main.c ****   hspi1.Init.CRCCalculation = SPI_CRCCALCULATION_DISABLE;
 356              		.loc 1 219 3 is_stmt 1 view .LVU89
 219:Core/Src/main.c ****   hspi1.Init.CRCCalculation = SPI_CRCCALCULATION_DISABLE;
 357              		.loc 1 219 21 is_stmt 0 view .LVU90
 358 0024 4362     		str	r3, [r0, #36]
 220:Core/Src/main.c ****   hspi1.Init.CRCPolynomial = 10;
 359              		.loc 1 220 3 is_stmt 1 view .LVU91
 220:Core/Src/main.c ****   hspi1.Init.CRCPolynomial = 10;
 360              		.loc 1 220 29 is_stmt 0 view .LVU92
 361 0026 8362     		str	r3, [r0, #40]
 221:Core/Src/main.c ****   if (HAL_SPI_Init(&hspi1) != HAL_OK)
 362              		.loc 1 221 3 is_stmt 1 view .LVU93
 221:Core/Src/main.c ****   if (HAL_SPI_Init(&hspi1) != HAL_OK)
 363              		.loc 1 221 28 is_stmt 0 view .LVU94
ARM GAS  C:\Users\subdia\AppData\Local\Temp\ccodUN6t.s 			page 16


 364 0028 0A23     		movs	r3, #10
 365 002a C362     		str	r3, [r0, #44]
 222:Core/Src/main.c ****   {
 366              		.loc 1 222 3 is_stmt 1 view .LVU95
 222:Core/Src/main.c ****   {
 367              		.loc 1 222 7 is_stmt 0 view .LVU96
 368 002c FFF7FEFF 		bl	HAL_SPI_Init
 369              	.LVL12:
 222:Core/Src/main.c ****   {
 370              		.loc 1 222 6 discriminator 1 view .LVU97
 371 0030 00B9     		cbnz	r0, .L21
 230:Core/Src/main.c **** 
 372              		.loc 1 230 1 view .LVU98
 373 0032 08BD     		pop	{r3, pc}
 374              	.L21:
 224:Core/Src/main.c ****   }
 375              		.loc 1 224 5 is_stmt 1 view .LVU99
 376 0034 FFF7FEFF 		bl	Error_Handler
 377              	.LVL13:
 378              	.L23:
 379              		.align	2
 380              	.L22:
 381 0038 00000000 		.word	hspi1
 382 003c 00300140 		.word	1073819648
 383              		.cfi_endproc
 384              	.LFE75:
 386              		.section	.text.SystemClock_Config,"ax",%progbits
 387              		.align	1
 388              		.global	SystemClock_Config
 389              		.syntax unified
 390              		.thumb
 391              		.thumb_func
 393              	SystemClock_Config:
 394              	.LFB74:
 153:Core/Src/main.c ****   RCC_OscInitTypeDef RCC_OscInitStruct = {0};
 395              		.loc 1 153 1 view -0
 396              		.cfi_startproc
 397              		@ args = 0, pretend = 0, frame = 80
 398              		@ frame_needed = 0, uses_anonymous_args = 0
 399 0000 10B5     		push	{r4, lr}
 400              	.LCFI6:
 401              		.cfi_def_cfa_offset 8
 402              		.cfi_offset 4, -8
 403              		.cfi_offset 14, -4
 404 0002 94B0     		sub	sp, sp, #80
 405              	.LCFI7:
 406              		.cfi_def_cfa_offset 88
 154:Core/Src/main.c ****   RCC_ClkInitTypeDef RCC_ClkInitStruct = {0};
 407              		.loc 1 154 3 view .LVU101
 154:Core/Src/main.c ****   RCC_ClkInitTypeDef RCC_ClkInitStruct = {0};
 408              		.loc 1 154 22 is_stmt 0 view .LVU102
 409 0004 0AAC     		add	r4, sp, #40
 410 0006 2822     		movs	r2, #40
 411 0008 0021     		movs	r1, #0
 412 000a 2046     		mov	r0, r4
 413 000c FFF7FEFF 		bl	memset
 414              	.LVL14:
ARM GAS  C:\Users\subdia\AppData\Local\Temp\ccodUN6t.s 			page 17


 155:Core/Src/main.c ****   RCC_PeriphCLKInitTypeDef PeriphClkInit = {0};
 415              		.loc 1 155 3 is_stmt 1 view .LVU103
 155:Core/Src/main.c ****   RCC_PeriphCLKInitTypeDef PeriphClkInit = {0};
 416              		.loc 1 155 22 is_stmt 0 view .LVU104
 417 0010 0023     		movs	r3, #0
 418 0012 0593     		str	r3, [sp, #20]
 419 0014 0693     		str	r3, [sp, #24]
 420 0016 0793     		str	r3, [sp, #28]
 421 0018 0893     		str	r3, [sp, #32]
 422 001a 0993     		str	r3, [sp, #36]
 156:Core/Src/main.c **** 
 423              		.loc 1 156 3 is_stmt 1 view .LVU105
 156:Core/Src/main.c **** 
 424              		.loc 1 156 28 is_stmt 0 view .LVU106
 425 001c 0193     		str	r3, [sp, #4]
 426 001e 0293     		str	r3, [sp, #8]
 427 0020 0393     		str	r3, [sp, #12]
 428 0022 0493     		str	r3, [sp, #16]
 161:Core/Src/main.c ****   RCC_OscInitStruct.HSEState = RCC_HSE_ON;
 429              		.loc 1 161 3 is_stmt 1 view .LVU107
 161:Core/Src/main.c ****   RCC_OscInitStruct.HSEState = RCC_HSE_ON;
 430              		.loc 1 161 36 is_stmt 0 view .LVU108
 431 0024 0122     		movs	r2, #1
 432 0026 0A92     		str	r2, [sp, #40]
 162:Core/Src/main.c ****   RCC_OscInitStruct.HSEPredivValue = RCC_HSE_PREDIV_DIV1;
 433              		.loc 1 162 3 is_stmt 1 view .LVU109
 162:Core/Src/main.c ****   RCC_OscInitStruct.HSEPredivValue = RCC_HSE_PREDIV_DIV1;
 434              		.loc 1 162 30 is_stmt 0 view .LVU110
 435 0028 4FF48033 		mov	r3, #65536
 436 002c 0B93     		str	r3, [sp, #44]
 163:Core/Src/main.c ****   RCC_OscInitStruct.HSIState = RCC_HSI_ON;
 437              		.loc 1 163 3 is_stmt 1 view .LVU111
 164:Core/Src/main.c ****   RCC_OscInitStruct.PLL.PLLState = RCC_PLL_ON;
 438              		.loc 1 164 3 view .LVU112
 164:Core/Src/main.c ****   RCC_OscInitStruct.PLL.PLLState = RCC_PLL_ON;
 439              		.loc 1 164 30 is_stmt 0 view .LVU113
 440 002e 0E92     		str	r2, [sp, #56]
 165:Core/Src/main.c ****   RCC_OscInitStruct.PLL.PLLSource = RCC_PLLSOURCE_HSE;
 441              		.loc 1 165 3 is_stmt 1 view .LVU114
 165:Core/Src/main.c ****   RCC_OscInitStruct.PLL.PLLSource = RCC_PLLSOURCE_HSE;
 442              		.loc 1 165 34 is_stmt 0 view .LVU115
 443 0030 0222     		movs	r2, #2
 444 0032 1192     		str	r2, [sp, #68]
 166:Core/Src/main.c ****   RCC_OscInitStruct.PLL.PLLMUL = RCC_PLL_MUL9;
 445              		.loc 1 166 3 is_stmt 1 view .LVU116
 166:Core/Src/main.c ****   RCC_OscInitStruct.PLL.PLLMUL = RCC_PLL_MUL9;
 446              		.loc 1 166 35 is_stmt 0 view .LVU117
 447 0034 1293     		str	r3, [sp, #72]
 167:Core/Src/main.c ****   if (HAL_RCC_OscConfig(&RCC_OscInitStruct) != HAL_OK)
 448              		.loc 1 167 3 is_stmt 1 view .LVU118
 167:Core/Src/main.c ****   if (HAL_RCC_OscConfig(&RCC_OscInitStruct) != HAL_OK)
 449              		.loc 1 167 32 is_stmt 0 view .LVU119
 450 0036 4FF4E013 		mov	r3, #1835008
 451 003a 1393     		str	r3, [sp, #76]
 168:Core/Src/main.c ****   {
 452              		.loc 1 168 3 is_stmt 1 view .LVU120
 168:Core/Src/main.c ****   {
ARM GAS  C:\Users\subdia\AppData\Local\Temp\ccodUN6t.s 			page 18


 453              		.loc 1 168 7 is_stmt 0 view .LVU121
 454 003c 2046     		mov	r0, r4
 455 003e FFF7FEFF 		bl	HAL_RCC_OscConfig
 456              	.LVL15:
 168:Core/Src/main.c ****   {
 457              		.loc 1 168 6 discriminator 1 view .LVU122
 458 0042 A8B9     		cbnz	r0, .L29
 175:Core/Src/main.c ****                               |RCC_CLOCKTYPE_PCLK1|RCC_CLOCKTYPE_PCLK2;
 459              		.loc 1 175 3 is_stmt 1 view .LVU123
 175:Core/Src/main.c ****                               |RCC_CLOCKTYPE_PCLK1|RCC_CLOCKTYPE_PCLK2;
 460              		.loc 1 175 31 is_stmt 0 view .LVU124
 461 0044 0F23     		movs	r3, #15
 462 0046 0593     		str	r3, [sp, #20]
 177:Core/Src/main.c ****   RCC_ClkInitStruct.AHBCLKDivider = RCC_SYSCLK_DIV1;
 463              		.loc 1 177 3 is_stmt 1 view .LVU125
 177:Core/Src/main.c ****   RCC_ClkInitStruct.AHBCLKDivider = RCC_SYSCLK_DIV1;
 464              		.loc 1 177 34 is_stmt 0 view .LVU126
 465 0048 0221     		movs	r1, #2
 466 004a 0691     		str	r1, [sp, #24]
 178:Core/Src/main.c ****   RCC_ClkInitStruct.APB1CLKDivider = RCC_HCLK_DIV2;
 467              		.loc 1 178 3 is_stmt 1 view .LVU127
 178:Core/Src/main.c ****   RCC_ClkInitStruct.APB1CLKDivider = RCC_HCLK_DIV2;
 468              		.loc 1 178 35 is_stmt 0 view .LVU128
 469 004c 0790     		str	r0, [sp, #28]
 179:Core/Src/main.c ****   RCC_ClkInitStruct.APB2CLKDivider = RCC_HCLK_DIV1;
 470              		.loc 1 179 3 is_stmt 1 view .LVU129
 179:Core/Src/main.c ****   RCC_ClkInitStruct.APB2CLKDivider = RCC_HCLK_DIV1;
 471              		.loc 1 179 36 is_stmt 0 view .LVU130
 472 004e 4FF48062 		mov	r2, #1024
 473 0052 0892     		str	r2, [sp, #32]
 180:Core/Src/main.c **** 
 474              		.loc 1 180 3 is_stmt 1 view .LVU131
 180:Core/Src/main.c **** 
 475              		.loc 1 180 36 is_stmt 0 view .LVU132
 476 0054 0990     		str	r0, [sp, #36]
 182:Core/Src/main.c ****   {
 477              		.loc 1 182 3 is_stmt 1 view .LVU133
 182:Core/Src/main.c ****   {
 478              		.loc 1 182 7 is_stmt 0 view .LVU134
 479 0056 05A8     		add	r0, sp, #20
 480 0058 FFF7FEFF 		bl	HAL_RCC_ClockConfig
 481              	.LVL16:
 182:Core/Src/main.c ****   {
 482              		.loc 1 182 6 discriminator 1 view .LVU135
 483 005c 50B9     		cbnz	r0, .L30
 186:Core/Src/main.c ****   PeriphClkInit.UsbClockSelection = RCC_USBCLKSOURCE_PLL_DIV1_5;
 484              		.loc 1 186 3 is_stmt 1 view .LVU136
 186:Core/Src/main.c ****   PeriphClkInit.UsbClockSelection = RCC_USBCLKSOURCE_PLL_DIV1_5;
 485              		.loc 1 186 38 is_stmt 0 view .LVU137
 486 005e 1023     		movs	r3, #16
 487 0060 0193     		str	r3, [sp, #4]
 187:Core/Src/main.c ****   if (HAL_RCCEx_PeriphCLKConfig(&PeriphClkInit) != HAL_OK)
 488              		.loc 1 187 3 is_stmt 1 view .LVU138
 187:Core/Src/main.c ****   if (HAL_RCCEx_PeriphCLKConfig(&PeriphClkInit) != HAL_OK)
 489              		.loc 1 187 35 is_stmt 0 view .LVU139
 490 0062 0490     		str	r0, [sp, #16]
 188:Core/Src/main.c ****   {
ARM GAS  C:\Users\subdia\AppData\Local\Temp\ccodUN6t.s 			page 19


 491              		.loc 1 188 3 is_stmt 1 view .LVU140
 188:Core/Src/main.c ****   {
 492              		.loc 1 188 7 is_stmt 0 view .LVU141
 493 0064 01A8     		add	r0, sp, #4
 494 0066 FFF7FEFF 		bl	HAL_RCCEx_PeriphCLKConfig
 495              	.LVL17:
 188:Core/Src/main.c ****   {
 496              		.loc 1 188 6 discriminator 1 view .LVU142
 497 006a 28B9     		cbnz	r0, .L31
 192:Core/Src/main.c **** 
 498              		.loc 1 192 1 view .LVU143
 499 006c 14B0     		add	sp, sp, #80
 500              	.LCFI8:
 501              		.cfi_remember_state
 502              		.cfi_def_cfa_offset 8
 503              		@ sp needed
 504 006e 10BD     		pop	{r4, pc}
 505              	.L29:
 506              	.LCFI9:
 507              		.cfi_restore_state
 170:Core/Src/main.c ****   }
 508              		.loc 1 170 5 is_stmt 1 view .LVU144
 509 0070 FFF7FEFF 		bl	Error_Handler
 510              	.LVL18:
 511              	.L30:
 184:Core/Src/main.c ****   }
 512              		.loc 1 184 5 view .LVU145
 513 0074 FFF7FEFF 		bl	Error_Handler
 514              	.LVL19:
 515              	.L31:
 190:Core/Src/main.c ****   }
 516              		.loc 1 190 5 view .LVU146
 517 0078 FFF7FEFF 		bl	Error_Handler
 518              	.LVL20:
 519              		.cfi_endproc
 520              	.LFE74:
 522              		.section	.text.main,"ax",%progbits
 523              		.align	1
 524              		.global	main
 525              		.syntax unified
 526              		.thumb
 527              		.thumb_func
 529              	main:
 530              	.LFB73:
  76:Core/Src/main.c **** 
 531              		.loc 1 76 1 view -0
 532              		.cfi_startproc
 533              		@ Volatile: function does not return.
 534              		@ args = 0, pretend = 0, frame = 32
 535              		@ frame_needed = 0, uses_anonymous_args = 0
 536 0000 00B5     		push	{lr}
 537              	.LCFI10:
 538              		.cfi_def_cfa_offset 4
 539              		.cfi_offset 14, -4
 540 0002 89B0     		sub	sp, sp, #36
 541              	.LCFI11:
 542              		.cfi_def_cfa_offset 40
ARM GAS  C:\Users\subdia\AppData\Local\Temp\ccodUN6t.s 			page 20


  85:Core/Src/main.c **** 
 543              		.loc 1 85 3 view .LVU148
 544 0004 FFF7FEFF 		bl	HAL_Init
 545              	.LVL21:
  92:Core/Src/main.c **** 
 546              		.loc 1 92 3 view .LVU149
 547 0008 FFF7FEFF 		bl	SystemClock_Config
 548              	.LVL22:
  99:Core/Src/main.c ****   MX_SPI1_Init();
 549              		.loc 1 99 3 view .LVU150
 550 000c FFF7FEFF 		bl	MX_GPIO_Init
 551              	.LVL23:
 100:Core/Src/main.c ****   /* USER CODE BEGIN 2 */
 552              		.loc 1 100 3 view .LVU151
 553 0010 FFF7FEFF 		bl	MX_SPI1_Init
 554              	.LVL24:
 102:Core/Src/main.c ****   to_my_wife();
 555              		.loc 1 102 3 view .LVU152
 556 0014 FFF7FEFF 		bl	SSD1306_Init
 557              	.LVL25:
 103:Core/Src/main.c ****   /* USER CODE END 2 */
 558              		.loc 1 103 3 view .LVU153
 559 0018 FFF7FEFF 		bl	to_my_wife
 560              	.LVL26:
 124:Core/Src/main.c ****   defaultTaskHandle = osThreadCreate(osThread(defaultTask), NULL);
 561              		.loc 1 124 3 view .LVU154
 562 001c 0DF1040C 		add	ip, sp, #4
 563 0020 DFF824E0 		ldr	lr, .L35
 564 0024 BEE80F00 		ldmia	lr!, {r0, r1, r2, r3}
 565 0028 ACE80F00 		stmia	ip!, {r0, r1, r2, r3}
 566 002c 9EE80700 		ldm	lr, {r0, r1, r2}
 567 0030 8CE80700 		stm	ip, {r0, r1, r2}
 125:Core/Src/main.c **** 
 568              		.loc 1 125 3 view .LVU155
 125:Core/Src/main.c **** 
 569              		.loc 1 125 23 is_stmt 0 view .LVU156
 570 0034 0021     		movs	r1, #0
 571 0036 01A8     		add	r0, sp, #4
 572 0038 FFF7FEFF 		bl	osThreadCreate
 573              	.LVL27:
 125:Core/Src/main.c **** 
 574              		.loc 1 125 21 discriminator 1 view .LVU157
 575 003c 034B     		ldr	r3, .L35+4
 576 003e 1860     		str	r0, [r3]
 134:Core/Src/main.c **** 
 577              		.loc 1 134 3 is_stmt 1 view .LVU158
 578 0040 FFF7FEFF 		bl	osKernelStart
 579              	.LVL28:
 580              	.L33:
 140:Core/Src/main.c ****     /* USER CODE END WHILE */
 581              		.loc 1 140 3 view .LVU159
 144:Core/Src/main.c ****   /* USER CODE END 3 */
 582              		.loc 1 144 3 view .LVU160
 140:Core/Src/main.c ****     /* USER CODE END WHILE */
 583              		.loc 1 140 9 view .LVU161
 584 0044 FEE7     		b	.L33
 585              	.L36:
ARM GAS  C:\Users\subdia\AppData\Local\Temp\ccodUN6t.s 			page 21


 586 0046 00BF     		.align	2
 587              	.L35:
 588 0048 00000000 		.word	.LANCHOR0
 589 004c 00000000 		.word	defaultTaskHandle
 590              		.cfi_endproc
 591              	.LFE73:
 593              		.section	.rodata.str1.4,"aMS",%progbits,1
 594              		.align	2
 595              	.LC0:
 596 0000 64656661 		.ascii	"defaultTask\000"
 596      756C7454 
 596      61736B00 
 597              		.global	defaultTaskHandle
 598              		.section	.bss.defaultTaskHandle,"aw",%nobits
 599              		.align	2
 602              	defaultTaskHandle:
 603 0000 00000000 		.space	4
 604              		.global	hspi1
 605              		.section	.bss.hspi1,"aw",%nobits
 606              		.align	2
 609              	hspi1:
 610 0000 00000000 		.space	88
 610      00000000 
 610      00000000 
 610      00000000 
 610      00000000 
 611              		.section	.rodata
 612              		.align	2
 613              		.set	.LANCHOR0,. + 0
 614              	.LC2:
 615 0000 00000000 		.word	.LC0
 616 0004 00000000 		.word	StartDefaultTask
 617 0008 0000     		.short	0
 618 000a 0000     		.space	2
 619 000c 00000000 		.word	0
 620 0010 80000000 		.word	128
 621 0014 00000000 		.word	0
 622 0018 00000000 		.word	0
 623              		.text
 624              	.Letext0:
 625              		.file 3 "C:/GNUArmToolchain/arm-none-eabi-gcc-15.2.1/arm-none-eabi/include/machine/_default_types.
 626              		.file 4 "C:/GNUArmToolchain/arm-none-eabi-gcc-15.2.1/arm-none-eabi/include/sys/_stdint.h"
 627              		.file 5 "Drivers/CMSIS/Device/ST/STM32F1xx/Include/stm32f103xb.h"
 628              		.file 6 "Drivers/STM32F1xx_HAL_Driver/Inc/stm32f1xx_hal_def.h"
 629              		.file 7 "Drivers/STM32F1xx_HAL_Driver/Inc/stm32f1xx_hal_rcc.h"
 630              		.file 8 "Drivers/STM32F1xx_HAL_Driver/Inc/stm32f1xx_hal_rcc_ex.h"
 631              		.file 9 "Drivers/STM32F1xx_HAL_Driver/Inc/stm32f1xx_hal_gpio.h"
 632              		.file 10 "Drivers/STM32F1xx_HAL_Driver/Inc/stm32f1xx_hal_dma.h"
 633              		.file 11 "Drivers/STM32F1xx_HAL_Driver/Inc/stm32f1xx_hal_spi.h"
 634              		.file 12 "Drivers/STM32F1xx_HAL_Driver/Inc/stm32f1xx_hal_tim.h"
 635              		.file 13 "Middlewares/Third_Party/FreeRTOS/Source/portable/GCC/ARM_CM3/portmacro.h"
 636              		.file 14 "Middlewares/Third_Party/FreeRTOS/Source/include/FreeRTOS.h"
 637              		.file 15 "Middlewares/Third_Party/FreeRTOS/Source/include/task.h"
 638              		.file 16 "Middlewares/Third_Party/FreeRTOS/Source/CMSIS_RTOS/cmsis_os.h"
 639              		.file 17 "Drivers/STM32F1xx_HAL_Driver/Inc/stm32f1xx_hal.h"
 640              		.file 18 "USB_DEVICE/App/usb_device.h"
 641              		.file 19 "Core/Inc/lcd_graphics.h"
ARM GAS  C:\Users\subdia\AppData\Local\Temp\ccodUN6t.s 			page 22


 642              		.file 20 "Core/Inc/ssd1306.h"
 643              		.file 21 "<built-in>"
ARM GAS  C:\Users\subdia\AppData\Local\Temp\ccodUN6t.s 			page 23


DEFINED SYMBOLS
                            *ABS*:00000000 main.c
C:\Users\subdia\AppData\Local\Temp\ccodUN6t.s:19     .text.MX_GPIO_Init:00000000 $t
C:\Users\subdia\AppData\Local\Temp\ccodUN6t.s:24     .text.MX_GPIO_Init:00000000 MX_GPIO_Init
C:\Users\subdia\AppData\Local\Temp\ccodUN6t.s:173    .text.MX_GPIO_Init:000000b0 $d
C:\Users\subdia\AppData\Local\Temp\ccodUN6t.s:180    .text.StartDefaultTask:00000000 $t
C:\Users\subdia\AppData\Local\Temp\ccodUN6t.s:186    .text.StartDefaultTask:00000000 StartDefaultTask
C:\Users\subdia\AppData\Local\Temp\ccodUN6t.s:219    .text.StartDefaultTask:0000001c $d
C:\Users\subdia\AppData\Local\Temp\ccodUN6t.s:224    .text.HAL_TIM_PeriodElapsedCallback:00000000 $t
C:\Users\subdia\AppData\Local\Temp\ccodUN6t.s:230    .text.HAL_TIM_PeriodElapsedCallback:00000000 HAL_TIM_PeriodElapsedCallback
C:\Users\subdia\AppData\Local\Temp\ccodUN6t.s:264    .text.HAL_TIM_PeriodElapsedCallback:00000014 $d
C:\Users\subdia\AppData\Local\Temp\ccodUN6t.s:269    .text.Error_Handler:00000000 $t
C:\Users\subdia\AppData\Local\Temp\ccodUN6t.s:275    .text.Error_Handler:00000000 Error_Handler
C:\Users\subdia\AppData\Local\Temp\ccodUN6t.s:307    .text.MX_SPI1_Init:00000000 $t
C:\Users\subdia\AppData\Local\Temp\ccodUN6t.s:312    .text.MX_SPI1_Init:00000000 MX_SPI1_Init
C:\Users\subdia\AppData\Local\Temp\ccodUN6t.s:381    .text.MX_SPI1_Init:00000038 $d
C:\Users\subdia\AppData\Local\Temp\ccodUN6t.s:609    .bss.hspi1:00000000 hspi1
C:\Users\subdia\AppData\Local\Temp\ccodUN6t.s:387    .text.SystemClock_Config:00000000 $t
C:\Users\subdia\AppData\Local\Temp\ccodUN6t.s:393    .text.SystemClock_Config:00000000 SystemClock_Config
C:\Users\subdia\AppData\Local\Temp\ccodUN6t.s:523    .text.main:00000000 $t
C:\Users\subdia\AppData\Local\Temp\ccodUN6t.s:529    .text.main:00000000 main
C:\Users\subdia\AppData\Local\Temp\ccodUN6t.s:588    .text.main:00000048 $d
C:\Users\subdia\AppData\Local\Temp\ccodUN6t.s:602    .bss.defaultTaskHandle:00000000 defaultTaskHandle
C:\Users\subdia\AppData\Local\Temp\ccodUN6t.s:594    .rodata.str1.4:00000000 $d
C:\Users\subdia\AppData\Local\Temp\ccodUN6t.s:599    .bss.defaultTaskHandle:00000000 $d
C:\Users\subdia\AppData\Local\Temp\ccodUN6t.s:606    .bss.hspi1:00000000 $d
C:\Users\subdia\AppData\Local\Temp\ccodUN6t.s:612    .rodata:00000000 $d

UNDEFINED SYMBOLS
HAL_GPIO_WritePin
HAL_GPIO_Init
MX_USB_DEVICE_Init
HAL_GPIO_TogglePin
osDelay
HAL_IncTick
HAL_SPI_Init
memset
HAL_RCC_OscConfig
HAL_RCC_ClockConfig
HAL_RCCEx_PeriphCLKConfig
HAL_Init
SSD1306_Init
to_my_wife
osThreadCreate
osKernelStart
