ARM GAS  C:\Users\subdia\AppData\Local\Temp\ccaSXGRK.s 			page 1


   1              		.cpu cortex-m3
   2              		.arch armv7-m
   3              		.fpu softvfp
   4              		.eabi_attribute 20, 1
   5              		.eabi_attribute 21, 1
   6              		.eabi_attribute 23, 3
   7              		.eabi_attribute 24, 1
   8              		.eabi_attribute 25, 1
   9              		.eabi_attribute 26, 1
  10              		.eabi_attribute 30, 1
  11              		.eabi_attribute 34, 1
  12              		.eabi_attribute 18, 4
  13              		.file	"ssd1306.c"
  14              		.text
  15              	.Ltext0:
  16              		.cfi_sections	.debug_frame
  17              		.file 1 "Core/Src/ssd1306.c"
  18              		.section	.text.SSD1306_SendCommand,"ax",%progbits
  19              		.align	1
  20              		.global	SSD1306_SendCommand
  21              		.syntax unified
  22              		.thumb
  23              		.thumb_func
  25              	SSD1306_SendCommand:
  26              	.LVL0:
  27              	.LFB65:
   1:Core/Src/ssd1306.c **** 
   2:Core/Src/ssd1306.c **** #include "stm32f1xx_hal.h"
   3:Core/Src/ssd1306.c **** #include "stm32f1xx_hal_def.h"
   4:Core/Src/ssd1306.c **** #include "stm32f1xx_hal_spi.h"
   5:Core/Src/ssd1306.c **** 
   6:Core/Src/ssd1306.c **** #define SSD1306_RES_PIN GPIO_PIN_0
   7:Core/Src/ssd1306.c **** #define SSD1306_DC_PIN GPIO_PIN_1
   8:Core/Src/ssd1306.c **** #define SSD1306_CS_PIN GPIO_PIN_3
   9:Core/Src/ssd1306.c **** #define SSD1306_PORT GPIOB
  10:Core/Src/ssd1306.c **** 
  11:Core/Src/ssd1306.c **** #define SSD1306_WIDTH 128
  12:Core/Src/ssd1306.c **** #define SSD1306_HEIGHT 64
  13:Core/Src/ssd1306.c **** 
  14:Core/Src/ssd1306.c **** extern SPI_HandleTypeDef hspi1;
  15:Core/Src/ssd1306.c **** 
  16:Core/Src/ssd1306.c **** void SSD1306_SendCommand(uint8_t command) {
  28              		.loc 1 16 43 view -0
  29              		.cfi_startproc
  30              		@ args = 0, pretend = 0, frame = 8
  31              		@ frame_needed = 0, uses_anonymous_args = 0
  32              		.loc 1 16 43 is_stmt 0 view .LVU1
  33 0000 10B5     		push	{r4, lr}
  34              	.LCFI0:
  35              		.cfi_def_cfa_offset 8
  36              		.cfi_offset 4, -8
  37              		.cfi_offset 14, -4
  38 0002 82B0     		sub	sp, sp, #8
  39              	.LCFI1:
  40              		.cfi_def_cfa_offset 16
  41 0004 8DF80700 		strb	r0, [sp, #7]
  17:Core/Src/ssd1306.c ****     HAL_GPIO_WritePin(SSD1306_PORT, SSD1306_DC_PIN, GPIO_PIN_RESET); // Set DC low for command
ARM GAS  C:\Users\subdia\AppData\Local\Temp\ccaSXGRK.s 			page 2


  42              		.loc 1 17 5 is_stmt 1 view .LVU2
  43 0008 0C4C     		ldr	r4, .L3
  44 000a 0022     		movs	r2, #0
  45 000c 0221     		movs	r1, #2
  46 000e 2046     		mov	r0, r4
  47              	.LVL1:
  48              		.loc 1 17 5 is_stmt 0 view .LVU3
  49 0010 FFF7FEFF 		bl	HAL_GPIO_WritePin
  50              	.LVL2:
  18:Core/Src/ssd1306.c ****     HAL_GPIO_WritePin(SSD1306_PORT, SSD1306_CS_PIN, GPIO_PIN_RESET); // Set CS low to select the de
  51              		.loc 1 18 5 is_stmt 1 view .LVU4
  52 0014 0022     		movs	r2, #0
  53 0016 0821     		movs	r1, #8
  54 0018 2046     		mov	r0, r4
  55 001a FFF7FEFF 		bl	HAL_GPIO_WritePin
  56              	.LVL3:
  19:Core/Src/ssd1306.c ****     HAL_SPI_Transmit(&hspi1, &command, 1, HAL_MAX_DELAY); // Transmit command
  57              		.loc 1 19 5 view .LVU5
  58 001e 4FF0FF33 		mov	r3, #-1
  59 0022 0122     		movs	r2, #1
  60 0024 0DF10701 		add	r1, sp, #7
  61 0028 0548     		ldr	r0, .L3+4
  62 002a FFF7FEFF 		bl	HAL_SPI_Transmit
  63              	.LVL4:
  20:Core/Src/ssd1306.c ****     HAL_GPIO_WritePin(SSD1306_PORT, SSD1306_CS_PIN, GPIO_PIN_SET); // Set CS high to deselect the d
  64              		.loc 1 20 5 view .LVU6
  65 002e 0122     		movs	r2, #1
  66 0030 0821     		movs	r1, #8
  67 0032 2046     		mov	r0, r4
  68 0034 FFF7FEFF 		bl	HAL_GPIO_WritePin
  69              	.LVL5:
  21:Core/Src/ssd1306.c ****     return;
  70              		.loc 1 21 5 view .LVU7
  22:Core/Src/ssd1306.c **** }
  71              		.loc 1 22 1 is_stmt 0 view .LVU8
  72 0038 02B0     		add	sp, sp, #8
  73              	.LCFI2:
  74              		.cfi_def_cfa_offset 8
  75              		@ sp needed
  76 003a 10BD     		pop	{r4, pc}
  77              	.L4:
  78              		.align	2
  79              	.L3:
  80 003c 000C0140 		.word	1073810432
  81 0040 00000000 		.word	hspi1
  82              		.cfi_endproc
  83              	.LFE65:
  85              		.section	.text.SSD1306_SendData,"ax",%progbits
  86              		.align	1
  87              		.global	SSD1306_SendData
  88              		.syntax unified
  89              		.thumb
  90              		.thumb_func
  92              	SSD1306_SendData:
  93              	.LVL6:
  94              	.LFB66:
  23:Core/Src/ssd1306.c **** 
ARM GAS  C:\Users\subdia\AppData\Local\Temp\ccaSXGRK.s 			page 3


  24:Core/Src/ssd1306.c **** void SSD1306_SendData(uint8_t* data, size_t size) {
  95              		.loc 1 24 51 is_stmt 1 view -0
  96              		.cfi_startproc
  97              		@ args = 0, pretend = 0, frame = 0
  98              		@ frame_needed = 0, uses_anonymous_args = 0
  99              		.loc 1 24 51 is_stmt 0 view .LVU10
 100 0000 70B5     		push	{r4, r5, r6, lr}
 101              	.LCFI3:
 102              		.cfi_def_cfa_offset 16
 103              		.cfi_offset 4, -16
 104              		.cfi_offset 5, -12
 105              		.cfi_offset 6, -8
 106              		.cfi_offset 14, -4
 107 0002 0646     		mov	r6, r0
 108 0004 0D46     		mov	r5, r1
  25:Core/Src/ssd1306.c ****     HAL_GPIO_WritePin(SSD1306_PORT, SSD1306_DC_PIN, GPIO_PIN_SET); // Set DC high for data
 109              		.loc 1 25 5 is_stmt 1 view .LVU11
 110 0006 0C4C     		ldr	r4, .L7
 111 0008 0122     		movs	r2, #1
 112 000a 0221     		movs	r1, #2
 113              	.LVL7:
 114              		.loc 1 25 5 is_stmt 0 view .LVU12
 115 000c 2046     		mov	r0, r4
 116              	.LVL8:
 117              		.loc 1 25 5 view .LVU13
 118 000e FFF7FEFF 		bl	HAL_GPIO_WritePin
 119              	.LVL9:
  26:Core/Src/ssd1306.c ****     HAL_GPIO_WritePin(SSD1306_PORT, SSD1306_CS_PIN, GPIO_PIN_RESET); // Set CS low to select the de
 120              		.loc 1 26 5 is_stmt 1 view .LVU14
 121 0012 0022     		movs	r2, #0
 122 0014 0821     		movs	r1, #8
 123 0016 2046     		mov	r0, r4
 124 0018 FFF7FEFF 		bl	HAL_GPIO_WritePin
 125              	.LVL10:
  27:Core/Src/ssd1306.c ****     HAL_SPI_Transmit(&hspi1, data, size, HAL_MAX_DELAY); // Transmit data
 126              		.loc 1 27 5 view .LVU15
 127 001c 4FF0FF33 		mov	r3, #-1
 128 0020 AAB2     		uxth	r2, r5
 129 0022 3146     		mov	r1, r6
 130 0024 0548     		ldr	r0, .L7+4
 131 0026 FFF7FEFF 		bl	HAL_SPI_Transmit
 132              	.LVL11:
  28:Core/Src/ssd1306.c ****     HAL_GPIO_WritePin(SSD1306_PORT, SSD1306_CS_PIN, GPIO_PIN_SET); // Set CS high to deselect the d
 133              		.loc 1 28 5 view .LVU16
 134 002a 0122     		movs	r2, #1
 135 002c 0821     		movs	r1, #8
 136 002e 2046     		mov	r0, r4
 137 0030 FFF7FEFF 		bl	HAL_GPIO_WritePin
 138              	.LVL12:
  29:Core/Src/ssd1306.c ****     return;
 139              		.loc 1 29 5 view .LVU17
  30:Core/Src/ssd1306.c **** }
 140              		.loc 1 30 1 is_stmt 0 view .LVU18
 141 0034 70BD     		pop	{r4, r5, r6, pc}
 142              	.LVL13:
 143              	.L8:
 144              		.loc 1 30 1 view .LVU19
ARM GAS  C:\Users\subdia\AppData\Local\Temp\ccaSXGRK.s 			page 4


 145 0036 00BF     		.align	2
 146              	.L7:
 147 0038 000C0140 		.word	1073810432
 148 003c 00000000 		.word	hspi1
 149              		.cfi_endproc
 150              	.LFE66:
 152              		.section	.text.SSD1306_Init,"ax",%progbits
 153              		.align	1
 154              		.global	SSD1306_Init
 155              		.syntax unified
 156              		.thumb
 157              		.thumb_func
 159              	SSD1306_Init:
 160              	.LFB67:
  31:Core/Src/ssd1306.c **** 
  32:Core/Src/ssd1306.c **** void SSD1306_Init(void) {
 161              		.loc 1 32 25 is_stmt 1 view -0
 162              		.cfi_startproc
 163              		@ args = 0, pretend = 0, frame = 0
 164              		@ frame_needed = 0, uses_anonymous_args = 0
 165 0000 10B5     		push	{r4, lr}
 166              	.LCFI4:
 167              		.cfi_def_cfa_offset 8
 168              		.cfi_offset 4, -8
 169              		.cfi_offset 14, -4
  33:Core/Src/ssd1306.c ****     // Reset the display
  34:Core/Src/ssd1306.c ****     HAL_GPIO_WritePin(SSD1306_PORT, SSD1306_RES_PIN, GPIO_PIN_RESET);
 170              		.loc 1 34 5 view .LVU21
 171 0002 2E4C     		ldr	r4, .L11
 172 0004 0022     		movs	r2, #0
 173 0006 0121     		movs	r1, #1
 174 0008 2046     		mov	r0, r4
 175 000a FFF7FEFF 		bl	HAL_GPIO_WritePin
 176              	.LVL14:
  35:Core/Src/ssd1306.c ****     HAL_Delay(10);
 177              		.loc 1 35 5 view .LVU22
 178 000e 0A20     		movs	r0, #10
 179 0010 FFF7FEFF 		bl	HAL_Delay
 180              	.LVL15:
  36:Core/Src/ssd1306.c ****     HAL_GPIO_WritePin(SSD1306_PORT, SSD1306_RES_PIN, GPIO_PIN_SET);
 181              		.loc 1 36 5 view .LVU23
 182 0014 0122     		movs	r2, #1
 183 0016 1146     		mov	r1, r2
 184 0018 2046     		mov	r0, r4
 185 001a FFF7FEFF 		bl	HAL_GPIO_WritePin
 186              	.LVL16:
  37:Core/Src/ssd1306.c ****     HAL_Delay(10);
 187              		.loc 1 37 5 view .LVU24
 188 001e 0A20     		movs	r0, #10
 189 0020 FFF7FEFF 		bl	HAL_Delay
 190              	.LVL17:
  38:Core/Src/ssd1306.c **** 
  39:Core/Src/ssd1306.c ****     // Initialization sequence for SSD1306
  40:Core/Src/ssd1306.c ****     SSD1306_SendCommand(0xAE); // Display off
 191              		.loc 1 40 5 view .LVU25
 192 0024 AE20     		movs	r0, #174
 193 0026 FFF7FEFF 		bl	SSD1306_SendCommand
ARM GAS  C:\Users\subdia\AppData\Local\Temp\ccaSXGRK.s 			page 5


 194              	.LVL18:
  41:Core/Src/ssd1306.c ****     SSD1306_SendCommand(0xD5); // Set display clock divide ratio/oscillator frequency
 195              		.loc 1 41 5 view .LVU26
 196 002a D520     		movs	r0, #213
 197 002c FFF7FEFF 		bl	SSD1306_SendCommand
 198              	.LVL19:
  42:Core/Src/ssd1306.c ****     SSD1306_SendCommand(0x80); // Suggested value
 199              		.loc 1 42 5 view .LVU27
 200 0030 8020     		movs	r0, #128
 201 0032 FFF7FEFF 		bl	SSD1306_SendCommand
 202              	.LVL20:
  43:Core/Src/ssd1306.c ****     SSD1306_SendCommand(0xA8); // Set multiplex ratio
 203              		.loc 1 43 5 view .LVU28
 204 0036 A820     		movs	r0, #168
 205 0038 FFF7FEFF 		bl	SSD1306_SendCommand
 206              	.LVL21:
  44:Core/Src/ssd1306.c ****     SSD1306_SendCommand(0x3F); // 1/64 duty
 207              		.loc 1 44 5 view .LVU29
 208 003c 3F20     		movs	r0, #63
 209 003e FFF7FEFF 		bl	SSD1306_SendCommand
 210              	.LVL22:
  45:Core/Src/ssd1306.c ****     SSD1306_SendCommand(0xD3); // Set display offset
 211              		.loc 1 45 5 view .LVU30
 212 0042 D320     		movs	r0, #211
 213 0044 FFF7FEFF 		bl	SSD1306_SendCommand
 214              	.LVL23:
  46:Core/Src/ssd1306.c ****     SSD1306_SendCommand(0x00); // No offset
 215              		.loc 1 46 5 view .LVU31
 216 0048 0020     		movs	r0, #0
 217 004a FFF7FEFF 		bl	SSD1306_SendCommand
 218              	.LVL24:
  47:Core/Src/ssd1306.c ****     SSD1306_SendCommand(0x40); // Set start line address
 219              		.loc 1 47 5 view .LVU32
 220 004e 4020     		movs	r0, #64
 221 0050 FFF7FEFF 		bl	SSD1306_SendCommand
 222              	.LVL25:
  48:Core/Src/ssd1306.c ****     SSD1306_SendCommand(0x8D); // Charge pump setting
 223              		.loc 1 48 5 view .LVU33
 224 0054 8D20     		movs	r0, #141
 225 0056 FFF7FEFF 		bl	SSD1306_SendCommand
 226              	.LVL26:
  49:Core/Src/ssd1306.c ****     SSD1306_SendCommand(0x14); // Enable charge pump
 227              		.loc 1 49 5 view .LVU34
 228 005a 1420     		movs	r0, #20
 229 005c FFF7FEFF 		bl	SSD1306_SendCommand
 230              	.LVL27:
  50:Core/Src/ssd1306.c ****     SSD1306_SendCommand(0x20); // Memory addressing mode
 231              		.loc 1 50 5 view .LVU35
 232 0060 2020     		movs	r0, #32
 233 0062 FFF7FEFF 		bl	SSD1306_SendCommand
 234              	.LVL28:
  51:Core/Src/ssd1306.c ****     SSD1306_SendCommand(0x00); // Horizontal addressing mode
 235              		.loc 1 51 5 view .LVU36
 236 0066 0020     		movs	r0, #0
 237 0068 FFF7FEFF 		bl	SSD1306_SendCommand
 238              	.LVL29:
  52:Core/Src/ssd1306.c ****     SSD1306_SendCommand(0xA1); // Set segment re-map
ARM GAS  C:\Users\subdia\AppData\Local\Temp\ccaSXGRK.s 			page 6


 239              		.loc 1 52 5 view .LVU37
 240 006c A120     		movs	r0, #161
 241 006e FFF7FEFF 		bl	SSD1306_SendCommand
 242              	.LVL30:
  53:Core/Src/ssd1306.c ****     SSD1306_SendCommand(0xC8); // Set COM output scan direction
 243              		.loc 1 53 5 view .LVU38
 244 0072 C820     		movs	r0, #200
 245 0074 FFF7FEFF 		bl	SSD1306_SendCommand
 246              	.LVL31:
  54:Core/Src/ssd1306.c ****     SSD1306_SendCommand(0xDA); // Set COM pins hardware configuration
 247              		.loc 1 54 5 view .LVU39
 248 0078 DA20     		movs	r0, #218
 249 007a FFF7FEFF 		bl	SSD1306_SendCommand
 250              	.LVL32:
  55:Core/Src/ssd1306.c ****     SSD1306_SendCommand(0x12); // Set COM pins hardware configuration
 251              		.loc 1 55 5 view .LVU40
 252 007e 1220     		movs	r0, #18
 253 0080 FFF7FEFF 		bl	SSD1306_SendCommand
 254              	.LVL33:
  56:Core/Src/ssd1306.c ****     SSD1306_SendCommand(0x81); // Set contrast control
 255              		.loc 1 56 5 view .LVU41
 256 0084 8120     		movs	r0, #129
 257 0086 FFF7FEFF 		bl	SSD1306_SendCommand
 258              	.LVL34:
  57:Core/Src/ssd1306.c ****     SSD1306_SendCommand(0xCF); // Set contrast control
 259              		.loc 1 57 5 view .LVU42
 260 008a CF20     		movs	r0, #207
 261 008c FFF7FEFF 		bl	SSD1306_SendCommand
 262              	.LVL35:
  58:Core/Src/ssd1306.c ****     SSD1306_SendCommand(0xD9); // Set pre-charge period
 263              		.loc 1 58 5 view .LVU43
 264 0090 D920     		movs	r0, #217
 265 0092 FFF7FEFF 		bl	SSD1306_SendCommand
 266              	.LVL36:
  59:Core/Src/ssd1306.c ****     SSD1306_SendCommand(0xF1); // Set pre-charge period
 267              		.loc 1 59 5 view .LVU44
 268 0096 F120     		movs	r0, #241
 269 0098 FFF7FEFF 		bl	SSD1306_SendCommand
 270              	.LVL37:
  60:Core/Src/ssd1306.c ****     SSD1306_SendCommand(0xDB); // Set VCOMH deselect level
 271              		.loc 1 60 5 view .LVU45
 272 009c DB20     		movs	r0, #219
 273 009e FFF7FEFF 		bl	SSD1306_SendCommand
 274              	.LVL38:
  61:Core/Src/ssd1306.c ****     SSD1306_SendCommand(0x40); // Set VCOMH deselect level
 275              		.loc 1 61 5 view .LVU46
 276 00a2 4020     		movs	r0, #64
 277 00a4 FFF7FEFF 		bl	SSD1306_SendCommand
 278              	.LVL39:
  62:Core/Src/ssd1306.c ****     SSD1306_SendCommand(0xA4); // Entire display ON
 279              		.loc 1 62 5 view .LVU47
 280 00a8 A420     		movs	r0, #164
 281 00aa FFF7FEFF 		bl	SSD1306_SendCommand
 282              	.LVL40:
  63:Core/Src/ssd1306.c ****     SSD1306_SendCommand(0xA6); // Set normal display
 283              		.loc 1 63 5 view .LVU48
 284 00ae A620     		movs	r0, #166
ARM GAS  C:\Users\subdia\AppData\Local\Temp\ccaSXGRK.s 			page 7


 285 00b0 FFF7FEFF 		bl	SSD1306_SendCommand
 286              	.LVL41:
  64:Core/Src/ssd1306.c ****     SSD1306_SendCommand(0xAF); // Display ON
 287              		.loc 1 64 5 view .LVU49
 288 00b4 AF20     		movs	r0, #175
 289 00b6 FFF7FEFF 		bl	SSD1306_SendCommand
 290              	.LVL42:
  65:Core/Src/ssd1306.c ****     return;
 291              		.loc 1 65 5 view .LVU50
  66:Core/Src/ssd1306.c **** }...
 292              		.loc 1 66 1 is_stmt 0 view .LVU51
 293 00ba 10BD     		pop	{r4, pc}
 294              	.L12:
 295              		.align	2
 296              	.L11:
 297 00bc 000C0140 		.word	1073810432
 298              		.cfi_endproc
 299              	.LFE67:
 301              		.text
 302              	.Letext0:
 303              		.file 2 "C:/GNUArmToolchain/arm-none-eabi-gcc-15.2.1/arm-none-eabi/include/machine/_default_types.
 304              		.file 3 "C:/GNUArmToolchain/arm-none-eabi-gcc-15.2.1/arm-none-eabi/include/sys/_stdint.h"
 305              		.file 4 "Drivers/CMSIS/Device/ST/STM32F1xx/Include/stm32f103xb.h"
 306              		.file 5 "C:/GNUArmToolchain/arm-none-eabi-gcc-15.2.1/lib/gcc/arm-none-eabi/15.2.1/include/stddef.h
 307              		.file 6 "Drivers/STM32F1xx_HAL_Driver/Inc/stm32f1xx_hal_def.h"
 308              		.file 7 "Drivers/STM32F1xx_HAL_Driver/Inc/stm32f1xx_hal_gpio.h"
 309              		.file 8 "Drivers/STM32F1xx_HAL_Driver/Inc/stm32f1xx_hal_dma.h"
 310              		.file 9 "Drivers/STM32F1xx_HAL_Driver/Inc/stm32f1xx_hal_spi.h"
 311              		.file 10 "Drivers/STM32F1xx_HAL_Driver/Inc/stm32f1xx_hal.h"
ARM GAS  C:\Users\subdia\AppData\Local\Temp\ccaSXGRK.s 			page 8


DEFINED SYMBOLS
                            *ABS*:00000000 ssd1306.c
C:\Users\subdia\AppData\Local\Temp\ccaSXGRK.s:19     .text.SSD1306_SendCommand:00000000 $t
C:\Users\subdia\AppData\Local\Temp\ccaSXGRK.s:25     .text.SSD1306_SendCommand:00000000 SSD1306_SendCommand
C:\Users\subdia\AppData\Local\Temp\ccaSXGRK.s:80     .text.SSD1306_SendCommand:0000003c $d
C:\Users\subdia\AppData\Local\Temp\ccaSXGRK.s:86     .text.SSD1306_SendData:00000000 $t
C:\Users\subdia\AppData\Local\Temp\ccaSXGRK.s:92     .text.SSD1306_SendData:00000000 SSD1306_SendData
C:\Users\subdia\AppData\Local\Temp\ccaSXGRK.s:147    .text.SSD1306_SendData:00000038 $d
C:\Users\subdia\AppData\Local\Temp\ccaSXGRK.s:153    .text.SSD1306_Init:00000000 $t
C:\Users\subdia\AppData\Local\Temp\ccaSXGRK.s:159    .text.SSD1306_Init:00000000 SSD1306_Init
C:\Users\subdia\AppData\Local\Temp\ccaSXGRK.s:297    .text.SSD1306_Init:000000bc $d

UNDEFINED SYMBOLS
HAL_GPIO_WritePin
HAL_SPI_Transmit
hspi1
HAL_Delay
