ARM GAS  C:\Users\subdia\AppData\Local\Temp\ccCeFE6Z.s 			page 1


   1              		.cpu cortex-m3
   2              		.arch armv7-m
   3              		.fpu softvfp
   4              		.eabi_attribute 20, 1
   5              		.eabi_attribute 21, 1
   6              		.eabi_attribute 23, 3
   7              		.eabi_attribute 24, 1
   8              		.eabi_attribute 25, 1
   9              		.eabi_attribute 26, 1
  10              		.eabi_attribute 30, 1
  11              		.eabi_attribute 34, 1
  12              		.eabi_attribute 18, 4
  13              		.file	"stm32f1xx_hal_msp.c"
  14              		.text
  15              	.Ltext0:
  16              		.cfi_sections	.debug_frame
  17              		.file 1 "Core/Src/stm32f1xx_hal_msp.c"
  18              		.section	.text.HAL_MspInit,"ax",%progbits
  19              		.align	1
  20              		.global	HAL_MspInit
  21              		.syntax unified
  22              		.thumb
  23              		.thumb_func
  25              	HAL_MspInit:
  26              	.LFB65:
   1:Core/Src/stm32f1xx_hal_msp.c **** /* USER CODE BEGIN Header */
   2:Core/Src/stm32f1xx_hal_msp.c **** /**
   3:Core/Src/stm32f1xx_hal_msp.c ****   ******************************************************************************
   4:Core/Src/stm32f1xx_hal_msp.c ****   * @file         stm32f1xx_hal_msp.c
   5:Core/Src/stm32f1xx_hal_msp.c ****   * @brief        This file provides code for the MSP Initialization
   6:Core/Src/stm32f1xx_hal_msp.c ****   *               and de-Initialization codes.
   7:Core/Src/stm32f1xx_hal_msp.c ****   ******************************************************************************
   8:Core/Src/stm32f1xx_hal_msp.c ****   * @attention
   9:Core/Src/stm32f1xx_hal_msp.c ****   *
  10:Core/Src/stm32f1xx_hal_msp.c ****   * Copyright (c) 2026 STMicroelectronics.
  11:Core/Src/stm32f1xx_hal_msp.c ****   * All rights reserved.
  12:Core/Src/stm32f1xx_hal_msp.c ****   *
  13:Core/Src/stm32f1xx_hal_msp.c ****   * This software is licensed under terms that can be found in the LICENSE file
  14:Core/Src/stm32f1xx_hal_msp.c ****   * in the root directory of this software component.
  15:Core/Src/stm32f1xx_hal_msp.c ****   * If no LICENSE file comes with this software, it is provided AS-IS.
  16:Core/Src/stm32f1xx_hal_msp.c ****   *
  17:Core/Src/stm32f1xx_hal_msp.c ****   ******************************************************************************
  18:Core/Src/stm32f1xx_hal_msp.c ****   */
  19:Core/Src/stm32f1xx_hal_msp.c **** /* USER CODE END Header */
  20:Core/Src/stm32f1xx_hal_msp.c **** /* Includes ------------------------------------------------------------------*/
  21:Core/Src/stm32f1xx_hal_msp.c **** #include "main.h"
  22:Core/Src/stm32f1xx_hal_msp.c **** /* USER CODE BEGIN Includes */
  23:Core/Src/stm32f1xx_hal_msp.c **** 
  24:Core/Src/stm32f1xx_hal_msp.c **** /* USER CODE END Includes */
  25:Core/Src/stm32f1xx_hal_msp.c **** 
  26:Core/Src/stm32f1xx_hal_msp.c **** /* Private typedef -----------------------------------------------------------*/
  27:Core/Src/stm32f1xx_hal_msp.c **** /* USER CODE BEGIN TD */
  28:Core/Src/stm32f1xx_hal_msp.c **** 
  29:Core/Src/stm32f1xx_hal_msp.c **** /* USER CODE END TD */
  30:Core/Src/stm32f1xx_hal_msp.c **** 
  31:Core/Src/stm32f1xx_hal_msp.c **** /* Private define ------------------------------------------------------------*/
  32:Core/Src/stm32f1xx_hal_msp.c **** /* USER CODE BEGIN Define */
ARM GAS  C:\Users\subdia\AppData\Local\Temp\ccCeFE6Z.s 			page 2


  33:Core/Src/stm32f1xx_hal_msp.c **** 
  34:Core/Src/stm32f1xx_hal_msp.c **** /* USER CODE END Define */
  35:Core/Src/stm32f1xx_hal_msp.c **** 
  36:Core/Src/stm32f1xx_hal_msp.c **** /* Private macro -------------------------------------------------------------*/
  37:Core/Src/stm32f1xx_hal_msp.c **** /* USER CODE BEGIN Macro */
  38:Core/Src/stm32f1xx_hal_msp.c **** 
  39:Core/Src/stm32f1xx_hal_msp.c **** /* USER CODE END Macro */
  40:Core/Src/stm32f1xx_hal_msp.c **** 
  41:Core/Src/stm32f1xx_hal_msp.c **** /* Private variables ---------------------------------------------------------*/
  42:Core/Src/stm32f1xx_hal_msp.c **** /* USER CODE BEGIN PV */
  43:Core/Src/stm32f1xx_hal_msp.c **** 
  44:Core/Src/stm32f1xx_hal_msp.c **** /* USER CODE END PV */
  45:Core/Src/stm32f1xx_hal_msp.c **** 
  46:Core/Src/stm32f1xx_hal_msp.c **** /* Private function prototypes -----------------------------------------------*/
  47:Core/Src/stm32f1xx_hal_msp.c **** /* USER CODE BEGIN PFP */
  48:Core/Src/stm32f1xx_hal_msp.c **** 
  49:Core/Src/stm32f1xx_hal_msp.c **** /* USER CODE END PFP */
  50:Core/Src/stm32f1xx_hal_msp.c **** 
  51:Core/Src/stm32f1xx_hal_msp.c **** /* External functions --------------------------------------------------------*/
  52:Core/Src/stm32f1xx_hal_msp.c **** /* USER CODE BEGIN ExternalFunctions */
  53:Core/Src/stm32f1xx_hal_msp.c **** 
  54:Core/Src/stm32f1xx_hal_msp.c **** /* USER CODE END ExternalFunctions */
  55:Core/Src/stm32f1xx_hal_msp.c **** 
  56:Core/Src/stm32f1xx_hal_msp.c **** /* USER CODE BEGIN 0 */
  57:Core/Src/stm32f1xx_hal_msp.c **** 
  58:Core/Src/stm32f1xx_hal_msp.c **** /* USER CODE END 0 */
  59:Core/Src/stm32f1xx_hal_msp.c **** /**
  60:Core/Src/stm32f1xx_hal_msp.c ****   * Initializes the Global MSP.
  61:Core/Src/stm32f1xx_hal_msp.c ****   */
  62:Core/Src/stm32f1xx_hal_msp.c **** void HAL_MspInit(void)
  63:Core/Src/stm32f1xx_hal_msp.c **** {
  27              		.loc 1 63 1 view -0
  28              		.cfi_startproc
  29              		@ args = 0, pretend = 0, frame = 8
  30              		@ frame_needed = 0, uses_anonymous_args = 0
  31 0000 00B5     		push	{lr}
  32              	.LCFI0:
  33              		.cfi_def_cfa_offset 4
  34              		.cfi_offset 14, -4
  35 0002 83B0     		sub	sp, sp, #12
  36              	.LCFI1:
  37              		.cfi_def_cfa_offset 16
  64:Core/Src/stm32f1xx_hal_msp.c **** 
  65:Core/Src/stm32f1xx_hal_msp.c ****   /* USER CODE BEGIN MspInit 0 */
  66:Core/Src/stm32f1xx_hal_msp.c **** 
  67:Core/Src/stm32f1xx_hal_msp.c ****   /* USER CODE END MspInit 0 */
  68:Core/Src/stm32f1xx_hal_msp.c **** 
  69:Core/Src/stm32f1xx_hal_msp.c ****   __HAL_RCC_AFIO_CLK_ENABLE();
  38              		.loc 1 69 3 view .LVU1
  39              	.LBB2:
  40              		.loc 1 69 3 view .LVU2
  41              		.loc 1 69 3 view .LVU3
  42 0004 104B     		ldr	r3, .L3
  43 0006 9A69     		ldr	r2, [r3, #24]
  44 0008 42F00102 		orr	r2, r2, #1
  45 000c 9A61     		str	r2, [r3, #24]
  46              		.loc 1 69 3 view .LVU4
ARM GAS  C:\Users\subdia\AppData\Local\Temp\ccCeFE6Z.s 			page 3


  47 000e 9A69     		ldr	r2, [r3, #24]
  48 0010 02F00102 		and	r2, r2, #1
  49 0014 0092     		str	r2, [sp]
  50              		.loc 1 69 3 view .LVU5
  51 0016 009A     		ldr	r2, [sp]
  52              	.LBE2:
  53              		.loc 1 69 3 view .LVU6
  70:Core/Src/stm32f1xx_hal_msp.c ****   __HAL_RCC_PWR_CLK_ENABLE();
  54              		.loc 1 70 3 view .LVU7
  55              	.LBB3:
  56              		.loc 1 70 3 view .LVU8
  57              		.loc 1 70 3 view .LVU9
  58 0018 DA69     		ldr	r2, [r3, #28]
  59 001a 42F08052 		orr	r2, r2, #268435456
  60 001e DA61     		str	r2, [r3, #28]
  61              		.loc 1 70 3 view .LVU10
  62 0020 DB69     		ldr	r3, [r3, #28]
  63 0022 03F08053 		and	r3, r3, #268435456
  64 0026 0193     		str	r3, [sp, #4]
  65              		.loc 1 70 3 view .LVU11
  66 0028 019B     		ldr	r3, [sp, #4]
  67              	.LBE3:
  68              		.loc 1 70 3 view .LVU12
  71:Core/Src/stm32f1xx_hal_msp.c **** 
  72:Core/Src/stm32f1xx_hal_msp.c ****   /* System interrupt init*/
  73:Core/Src/stm32f1xx_hal_msp.c ****   /* PendSV_IRQn interrupt configuration */
  74:Core/Src/stm32f1xx_hal_msp.c ****   HAL_NVIC_SetPriority(PendSV_IRQn, 15, 0);
  69              		.loc 1 74 3 view .LVU13
  70 002a 0022     		movs	r2, #0
  71 002c 0F21     		movs	r1, #15
  72 002e 6FF00100 		mvn	r0, #1
  73 0032 FFF7FEFF 		bl	HAL_NVIC_SetPriority
  74              	.LVL0:
  75:Core/Src/stm32f1xx_hal_msp.c **** 
  76:Core/Src/stm32f1xx_hal_msp.c ****   /** NOJTAG: JTAG-DP Disabled and SW-DP Enabled
  77:Core/Src/stm32f1xx_hal_msp.c ****   */
  78:Core/Src/stm32f1xx_hal_msp.c ****   __HAL_AFIO_REMAP_SWJ_NOJTAG();
  75              		.loc 1 78 3 view .LVU14
  76              	.LBB4:
  77              		.loc 1 78 3 view .LVU15
  78 0036 054A     		ldr	r2, .L3+4
  79 0038 5368     		ldr	r3, [r2, #4]
  80              	.LVL1:
  81              		.loc 1 78 3 view .LVU16
  82 003a 23F0E063 		bic	r3, r3, #117440512
  83              	.LVL2:
  84              		.loc 1 78 3 view .LVU17
  85 003e 43F00073 		orr	r3, r3, #33554432
  86              	.LVL3:
  87              		.loc 1 78 3 view .LVU18
  88 0042 5360     		str	r3, [r2, #4]
  89              	.LBE4:
  90              		.loc 1 78 3 view .LVU19
  79:Core/Src/stm32f1xx_hal_msp.c **** 
  80:Core/Src/stm32f1xx_hal_msp.c ****   /* USER CODE BEGIN MspInit 1 */
  81:Core/Src/stm32f1xx_hal_msp.c **** 
  82:Core/Src/stm32f1xx_hal_msp.c ****   /* USER CODE END MspInit 1 */
ARM GAS  C:\Users\subdia\AppData\Local\Temp\ccCeFE6Z.s 			page 4


  83:Core/Src/stm32f1xx_hal_msp.c **** }
  91              		.loc 1 83 1 is_stmt 0 view .LVU20
  92 0044 03B0     		add	sp, sp, #12
  93              	.LCFI2:
  94              		.cfi_def_cfa_offset 4
  95              		@ sp needed
  96 0046 00BD     		pop	{pc}
  97              	.L4:
  98              		.align	2
  99              	.L3:
 100 0048 00100240 		.word	1073876992
 101 004c 00000140 		.word	1073807360
 102              		.cfi_endproc
 103              	.LFE65:
 105              		.section	.text.HAL_SPI_MspInit,"ax",%progbits
 106              		.align	1
 107              		.global	HAL_SPI_MspInit
 108              		.syntax unified
 109              		.thumb
 110              		.thumb_func
 112              	HAL_SPI_MspInit:
 113              	.LVL4:
 114              	.LFB66:
  84:Core/Src/stm32f1xx_hal_msp.c **** 
  85:Core/Src/stm32f1xx_hal_msp.c **** /**
  86:Core/Src/stm32f1xx_hal_msp.c ****   * @brief SPI MSP Initialization
  87:Core/Src/stm32f1xx_hal_msp.c ****   * This function configures the hardware resources used in this example
  88:Core/Src/stm32f1xx_hal_msp.c ****   * @param hspi: SPI handle pointer
  89:Core/Src/stm32f1xx_hal_msp.c ****   * @retval None
  90:Core/Src/stm32f1xx_hal_msp.c ****   */
  91:Core/Src/stm32f1xx_hal_msp.c **** void HAL_SPI_MspInit(SPI_HandleTypeDef* hspi)
  92:Core/Src/stm32f1xx_hal_msp.c **** {
 115              		.loc 1 92 1 is_stmt 1 view -0
 116              		.cfi_startproc
 117              		@ args = 0, pretend = 0, frame = 24
 118              		@ frame_needed = 0, uses_anonymous_args = 0
 119              		.loc 1 92 1 is_stmt 0 view .LVU22
 120 0000 00B5     		push	{lr}
 121              	.LCFI3:
 122              		.cfi_def_cfa_offset 4
 123              		.cfi_offset 14, -4
 124 0002 87B0     		sub	sp, sp, #28
 125              	.LCFI4:
 126              		.cfi_def_cfa_offset 32
  93:Core/Src/stm32f1xx_hal_msp.c ****   GPIO_InitTypeDef GPIO_InitStruct = {0};
 127              		.loc 1 93 3 is_stmt 1 view .LVU23
 128              		.loc 1 93 20 is_stmt 0 view .LVU24
 129 0004 0023     		movs	r3, #0
 130 0006 0293     		str	r3, [sp, #8]
 131 0008 0393     		str	r3, [sp, #12]
 132 000a 0493     		str	r3, [sp, #16]
 133 000c 0593     		str	r3, [sp, #20]
  94:Core/Src/stm32f1xx_hal_msp.c ****   if(hspi->Instance==SPI1)
 134              		.loc 1 94 3 is_stmt 1 view .LVU25
 135              		.loc 1 94 10 is_stmt 0 view .LVU26
 136 000e 0268     		ldr	r2, [r0]
 137              		.loc 1 94 5 view .LVU27
ARM GAS  C:\Users\subdia\AppData\Local\Temp\ccCeFE6Z.s 			page 5


 138 0010 114B     		ldr	r3, .L9
 139 0012 9A42     		cmp	r2, r3
 140 0014 01D0     		beq	.L8
 141              	.LVL5:
 142              	.L5:
  95:Core/Src/stm32f1xx_hal_msp.c ****   {
  96:Core/Src/stm32f1xx_hal_msp.c ****     /* USER CODE BEGIN SPI1_MspInit 0 */
  97:Core/Src/stm32f1xx_hal_msp.c **** 
  98:Core/Src/stm32f1xx_hal_msp.c ****     /* USER CODE END SPI1_MspInit 0 */
  99:Core/Src/stm32f1xx_hal_msp.c ****     /* Peripheral clock enable */
 100:Core/Src/stm32f1xx_hal_msp.c ****     __HAL_RCC_SPI1_CLK_ENABLE();
 101:Core/Src/stm32f1xx_hal_msp.c **** 
 102:Core/Src/stm32f1xx_hal_msp.c ****     __HAL_RCC_GPIOA_CLK_ENABLE();
 103:Core/Src/stm32f1xx_hal_msp.c ****     /**SPI1 GPIO Configuration
 104:Core/Src/stm32f1xx_hal_msp.c ****     PA5     ------> SPI1_SCK
 105:Core/Src/stm32f1xx_hal_msp.c ****     PA7     ------> SPI1_MOSI
 106:Core/Src/stm32f1xx_hal_msp.c ****     */
 107:Core/Src/stm32f1xx_hal_msp.c ****     GPIO_InitStruct.Pin = GPIO_PIN_5|GPIO_PIN_7;
 108:Core/Src/stm32f1xx_hal_msp.c ****     GPIO_InitStruct.Mode = GPIO_MODE_AF_PP;
 109:Core/Src/stm32f1xx_hal_msp.c ****     GPIO_InitStruct.Speed = GPIO_SPEED_FREQ_HIGH;
 110:Core/Src/stm32f1xx_hal_msp.c ****     HAL_GPIO_Init(GPIOA, &GPIO_InitStruct);
 111:Core/Src/stm32f1xx_hal_msp.c **** 
 112:Core/Src/stm32f1xx_hal_msp.c ****     /* USER CODE BEGIN SPI1_MspInit 1 */
 113:Core/Src/stm32f1xx_hal_msp.c **** 
 114:Core/Src/stm32f1xx_hal_msp.c ****     /* USER CODE END SPI1_MspInit 1 */
 115:Core/Src/stm32f1xx_hal_msp.c **** 
 116:Core/Src/stm32f1xx_hal_msp.c ****   }
 117:Core/Src/stm32f1xx_hal_msp.c **** 
 118:Core/Src/stm32f1xx_hal_msp.c **** }
 143              		.loc 1 118 1 view .LVU28
 144 0016 07B0     		add	sp, sp, #28
 145              	.LCFI5:
 146              		.cfi_remember_state
 147              		.cfi_def_cfa_offset 4
 148              		@ sp needed
 149 0018 00BD     		pop	{pc}
 150              	.LVL6:
 151              	.L8:
 152              	.LCFI6:
 153              		.cfi_restore_state
 100:Core/Src/stm32f1xx_hal_msp.c **** 
 154              		.loc 1 100 5 is_stmt 1 view .LVU29
 155              	.LBB5:
 100:Core/Src/stm32f1xx_hal_msp.c **** 
 156              		.loc 1 100 5 view .LVU30
 100:Core/Src/stm32f1xx_hal_msp.c **** 
 157              		.loc 1 100 5 view .LVU31
 158 001a 03F56043 		add	r3, r3, #57344
 159 001e 9A69     		ldr	r2, [r3, #24]
 160 0020 42F48052 		orr	r2, r2, #4096
 161 0024 9A61     		str	r2, [r3, #24]
 100:Core/Src/stm32f1xx_hal_msp.c **** 
 162              		.loc 1 100 5 view .LVU32
 163 0026 9A69     		ldr	r2, [r3, #24]
 164 0028 02F48052 		and	r2, r2, #4096
 165 002c 0092     		str	r2, [sp]
 100:Core/Src/stm32f1xx_hal_msp.c **** 
ARM GAS  C:\Users\subdia\AppData\Local\Temp\ccCeFE6Z.s 			page 6


 166              		.loc 1 100 5 view .LVU33
 167 002e 009A     		ldr	r2, [sp]
 168              	.LBE5:
 100:Core/Src/stm32f1xx_hal_msp.c **** 
 169              		.loc 1 100 5 view .LVU34
 102:Core/Src/stm32f1xx_hal_msp.c ****     /**SPI1 GPIO Configuration
 170              		.loc 1 102 5 view .LVU35
 171              	.LBB6:
 102:Core/Src/stm32f1xx_hal_msp.c ****     /**SPI1 GPIO Configuration
 172              		.loc 1 102 5 view .LVU36
 102:Core/Src/stm32f1xx_hal_msp.c ****     /**SPI1 GPIO Configuration
 173              		.loc 1 102 5 view .LVU37
 174 0030 9A69     		ldr	r2, [r3, #24]
 175 0032 42F00402 		orr	r2, r2, #4
 176 0036 9A61     		str	r2, [r3, #24]
 102:Core/Src/stm32f1xx_hal_msp.c ****     /**SPI1 GPIO Configuration
 177              		.loc 1 102 5 view .LVU38
 178 0038 9B69     		ldr	r3, [r3, #24]
 179 003a 03F00403 		and	r3, r3, #4
 180 003e 0193     		str	r3, [sp, #4]
 102:Core/Src/stm32f1xx_hal_msp.c ****     /**SPI1 GPIO Configuration
 181              		.loc 1 102 5 view .LVU39
 182 0040 019B     		ldr	r3, [sp, #4]
 183              	.LBE6:
 102:Core/Src/stm32f1xx_hal_msp.c ****     /**SPI1 GPIO Configuration
 184              		.loc 1 102 5 view .LVU40
 107:Core/Src/stm32f1xx_hal_msp.c ****     GPIO_InitStruct.Mode = GPIO_MODE_AF_PP;
 185              		.loc 1 107 5 view .LVU41
 107:Core/Src/stm32f1xx_hal_msp.c ****     GPIO_InitStruct.Mode = GPIO_MODE_AF_PP;
 186              		.loc 1 107 25 is_stmt 0 view .LVU42
 187 0042 A023     		movs	r3, #160
 188 0044 0293     		str	r3, [sp, #8]
 108:Core/Src/stm32f1xx_hal_msp.c ****     GPIO_InitStruct.Speed = GPIO_SPEED_FREQ_HIGH;
 189              		.loc 1 108 5 is_stmt 1 view .LVU43
 108:Core/Src/stm32f1xx_hal_msp.c ****     GPIO_InitStruct.Speed = GPIO_SPEED_FREQ_HIGH;
 190              		.loc 1 108 26 is_stmt 0 view .LVU44
 191 0046 0223     		movs	r3, #2
 192 0048 0393     		str	r3, [sp, #12]
 109:Core/Src/stm32f1xx_hal_msp.c ****     HAL_GPIO_Init(GPIOA, &GPIO_InitStruct);
 193              		.loc 1 109 5 is_stmt 1 view .LVU45
 109:Core/Src/stm32f1xx_hal_msp.c ****     HAL_GPIO_Init(GPIOA, &GPIO_InitStruct);
 194              		.loc 1 109 27 is_stmt 0 view .LVU46
 195 004a 0323     		movs	r3, #3
 196 004c 0593     		str	r3, [sp, #20]
 110:Core/Src/stm32f1xx_hal_msp.c **** 
 197              		.loc 1 110 5 is_stmt 1 view .LVU47
 198 004e 02A9     		add	r1, sp, #8
 199 0050 0248     		ldr	r0, .L9+4
 200              	.LVL7:
 110:Core/Src/stm32f1xx_hal_msp.c **** 
 201              		.loc 1 110 5 is_stmt 0 view .LVU48
 202 0052 FFF7FEFF 		bl	HAL_GPIO_Init
 203              	.LVL8:
 204              		.loc 1 118 1 view .LVU49
 205 0056 DEE7     		b	.L5
 206              	.L10:
 207              		.align	2
ARM GAS  C:\Users\subdia\AppData\Local\Temp\ccCeFE6Z.s 			page 7


 208              	.L9:
 209 0058 00300140 		.word	1073819648
 210 005c 00080140 		.word	1073809408
 211              		.cfi_endproc
 212              	.LFE66:
 214              		.section	.text.HAL_SPI_MspDeInit,"ax",%progbits
 215              		.align	1
 216              		.global	HAL_SPI_MspDeInit
 217              		.syntax unified
 218              		.thumb
 219              		.thumb_func
 221              	HAL_SPI_MspDeInit:
 222              	.LVL9:
 223              	.LFB67:
 119:Core/Src/stm32f1xx_hal_msp.c **** 
 120:Core/Src/stm32f1xx_hal_msp.c **** /**
 121:Core/Src/stm32f1xx_hal_msp.c ****   * @brief SPI MSP De-Initialization
 122:Core/Src/stm32f1xx_hal_msp.c ****   * This function freeze the hardware resources used in this example
 123:Core/Src/stm32f1xx_hal_msp.c ****   * @param hspi: SPI handle pointer
 124:Core/Src/stm32f1xx_hal_msp.c ****   * @retval None
 125:Core/Src/stm32f1xx_hal_msp.c ****   */
 126:Core/Src/stm32f1xx_hal_msp.c **** void HAL_SPI_MspDeInit(SPI_HandleTypeDef* hspi)
 127:Core/Src/stm32f1xx_hal_msp.c **** {
 224              		.loc 1 127 1 is_stmt 1 view -0
 225              		.cfi_startproc
 226              		@ args = 0, pretend = 0, frame = 0
 227              		@ frame_needed = 0, uses_anonymous_args = 0
 228              		.loc 1 127 1 is_stmt 0 view .LVU51
 229 0000 08B5     		push	{r3, lr}
 230              	.LCFI7:
 231              		.cfi_def_cfa_offset 8
 232              		.cfi_offset 3, -8
 233              		.cfi_offset 14, -4
 128:Core/Src/stm32f1xx_hal_msp.c ****   if(hspi->Instance==SPI1)
 234              		.loc 1 128 3 is_stmt 1 view .LVU52
 235              		.loc 1 128 10 is_stmt 0 view .LVU53
 236 0002 0268     		ldr	r2, [r0]
 237              		.loc 1 128 5 view .LVU54
 238 0004 064B     		ldr	r3, .L15
 239 0006 9A42     		cmp	r2, r3
 240 0008 00D0     		beq	.L14
 241              	.LVL10:
 242              	.L11:
 129:Core/Src/stm32f1xx_hal_msp.c ****   {
 130:Core/Src/stm32f1xx_hal_msp.c ****     /* USER CODE BEGIN SPI1_MspDeInit 0 */
 131:Core/Src/stm32f1xx_hal_msp.c **** 
 132:Core/Src/stm32f1xx_hal_msp.c ****     /* USER CODE END SPI1_MspDeInit 0 */
 133:Core/Src/stm32f1xx_hal_msp.c ****     /* Peripheral clock disable */
 134:Core/Src/stm32f1xx_hal_msp.c ****     __HAL_RCC_SPI1_CLK_DISABLE();
 135:Core/Src/stm32f1xx_hal_msp.c **** 
 136:Core/Src/stm32f1xx_hal_msp.c ****     /**SPI1 GPIO Configuration
 137:Core/Src/stm32f1xx_hal_msp.c ****     PA5     ------> SPI1_SCK
 138:Core/Src/stm32f1xx_hal_msp.c ****     PA7     ------> SPI1_MOSI
 139:Core/Src/stm32f1xx_hal_msp.c ****     */
 140:Core/Src/stm32f1xx_hal_msp.c ****     HAL_GPIO_DeInit(GPIOA, GPIO_PIN_5|GPIO_PIN_7);
 141:Core/Src/stm32f1xx_hal_msp.c **** 
 142:Core/Src/stm32f1xx_hal_msp.c ****     /* USER CODE BEGIN SPI1_MspDeInit 1 */
ARM GAS  C:\Users\subdia\AppData\Local\Temp\ccCeFE6Z.s 			page 8


 143:Core/Src/stm32f1xx_hal_msp.c **** 
 144:Core/Src/stm32f1xx_hal_msp.c ****     /* USER CODE END SPI1_MspDeInit 1 */
 145:Core/Src/stm32f1xx_hal_msp.c ****   }
 146:Core/Src/stm32f1xx_hal_msp.c **** 
 147:Core/Src/stm32f1xx_hal_msp.c **** }
 243              		.loc 1 147 1 view .LVU55
 244 000a 08BD     		pop	{r3, pc}
 245              	.LVL11:
 246              	.L14:
 134:Core/Src/stm32f1xx_hal_msp.c **** 
 247              		.loc 1 134 5 is_stmt 1 view .LVU56
 248 000c 054A     		ldr	r2, .L15+4
 249 000e 9369     		ldr	r3, [r2, #24]
 250 0010 23F48053 		bic	r3, r3, #4096
 251 0014 9361     		str	r3, [r2, #24]
 140:Core/Src/stm32f1xx_hal_msp.c **** 
 252              		.loc 1 140 5 view .LVU57
 253 0016 A021     		movs	r1, #160
 254 0018 0348     		ldr	r0, .L15+8
 255              	.LVL12:
 140:Core/Src/stm32f1xx_hal_msp.c **** 
 256              		.loc 1 140 5 is_stmt 0 view .LVU58
 257 001a FFF7FEFF 		bl	HAL_GPIO_DeInit
 258              	.LVL13:
 259              		.loc 1 147 1 view .LVU59
 260 001e F4E7     		b	.L11
 261              	.L16:
 262              		.align	2
 263              	.L15:
 264 0020 00300140 		.word	1073819648
 265 0024 00100240 		.word	1073876992
 266 0028 00080140 		.word	1073809408
 267              		.cfi_endproc
 268              	.LFE67:
 270              		.text
 271              	.Letext0:
 272              		.file 2 "Drivers/CMSIS/Device/ST/STM32F1xx/Include/stm32f103xb.h"
 273              		.file 3 "C:/GNUArmToolchain/arm-none-eabi-gcc-15.2.1/arm-none-eabi/include/machine/_default_types.
 274              		.file 4 "C:/GNUArmToolchain/arm-none-eabi-gcc-15.2.1/arm-none-eabi/include/sys/_stdint.h"
 275              		.file 5 "Drivers/STM32F1xx_HAL_Driver/Inc/stm32f1xx_hal_def.h"
 276              		.file 6 "Drivers/STM32F1xx_HAL_Driver/Inc/stm32f1xx_hal_gpio.h"
 277              		.file 7 "Drivers/STM32F1xx_HAL_Driver/Inc/stm32f1xx_hal_dma.h"
 278              		.file 8 "Drivers/STM32F1xx_HAL_Driver/Inc/stm32f1xx_hal_spi.h"
 279              		.file 9 "Drivers/STM32F1xx_HAL_Driver/Inc/stm32f1xx_hal_cortex.h"
ARM GAS  C:\Users\subdia\AppData\Local\Temp\ccCeFE6Z.s 			page 9


DEFINED SYMBOLS
                            *ABS*:00000000 stm32f1xx_hal_msp.c
C:\Users\subdia\AppData\Local\Temp\ccCeFE6Z.s:19     .text.HAL_MspInit:00000000 $t
C:\Users\subdia\AppData\Local\Temp\ccCeFE6Z.s:25     .text.HAL_MspInit:00000000 HAL_MspInit
C:\Users\subdia\AppData\Local\Temp\ccCeFE6Z.s:100    .text.HAL_MspInit:00000048 $d
C:\Users\subdia\AppData\Local\Temp\ccCeFE6Z.s:106    .text.HAL_SPI_MspInit:00000000 $t
C:\Users\subdia\AppData\Local\Temp\ccCeFE6Z.s:112    .text.HAL_SPI_MspInit:00000000 HAL_SPI_MspInit
C:\Users\subdia\AppData\Local\Temp\ccCeFE6Z.s:209    .text.HAL_SPI_MspInit:00000058 $d
C:\Users\subdia\AppData\Local\Temp\ccCeFE6Z.s:215    .text.HAL_SPI_MspDeInit:00000000 $t
C:\Users\subdia\AppData\Local\Temp\ccCeFE6Z.s:221    .text.HAL_SPI_MspDeInit:00000000 HAL_SPI_MspDeInit
C:\Users\subdia\AppData\Local\Temp\ccCeFE6Z.s:264    .text.HAL_SPI_MspDeInit:00000020 $d

UNDEFINED SYMBOLS
HAL_NVIC_SetPriority
HAL_GPIO_Init
HAL_GPIO_DeInit
