ARM GAS  C:\Users\subdia\AppData\Local\Temp\cc3lCQ5n.s 			page 1


   1              		.cpu cortex-m3
   2              		.arch armv7-m
   3              		.fpu softvfp
   4              		.eabi_attribute 20, 1
   5              		.eabi_attribute 21, 1
   6              		.eabi_attribute 23, 3
   7              		.eabi_attribute 24, 1
   8              		.eabi_attribute 25, 1
   9              		.eabi_attribute 26, 1
  10              		.eabi_attribute 30, 1
  11              		.eabi_attribute 34, 1
  12              		.eabi_attribute 18, 4
  13              		.file	"usbd_cdc_if.c"
  14              		.text
  15              	.Ltext0:
  16              		.cfi_sections	.debug_frame
  17              		.file 1 "USB_DEVICE/App/usbd_cdc_if.c"
  18              		.section	.text.CDC_DeInit_FS,"ax",%progbits
  19              		.align	1
  20              		.syntax unified
  21              		.thumb
  22              		.thumb_func
  24              	CDC_DeInit_FS:
  25              	.LFB69:
   1:USB_DEVICE/App/usbd_cdc_if.c **** /* USER CODE BEGIN Header */
   2:USB_DEVICE/App/usbd_cdc_if.c **** /**
   3:USB_DEVICE/App/usbd_cdc_if.c ****   ******************************************************************************
   4:USB_DEVICE/App/usbd_cdc_if.c ****   * @file           : usbd_cdc_if.c
   5:USB_DEVICE/App/usbd_cdc_if.c ****   * @version        : v2.0_Cube
   6:USB_DEVICE/App/usbd_cdc_if.c ****   * @brief          : Usb device for Virtual Com Port.
   7:USB_DEVICE/App/usbd_cdc_if.c ****   ******************************************************************************
   8:USB_DEVICE/App/usbd_cdc_if.c ****   * @attention
   9:USB_DEVICE/App/usbd_cdc_if.c ****   *
  10:USB_DEVICE/App/usbd_cdc_if.c ****   * Copyright (c) 2026 STMicroelectronics.
  11:USB_DEVICE/App/usbd_cdc_if.c ****   * All rights reserved.
  12:USB_DEVICE/App/usbd_cdc_if.c ****   *
  13:USB_DEVICE/App/usbd_cdc_if.c ****   * This software is licensed under terms that can be found in the LICENSE file
  14:USB_DEVICE/App/usbd_cdc_if.c ****   * in the root directory of this software component.
  15:USB_DEVICE/App/usbd_cdc_if.c ****   * If no LICENSE file comes with this software, it is provided AS-IS.
  16:USB_DEVICE/App/usbd_cdc_if.c ****   *
  17:USB_DEVICE/App/usbd_cdc_if.c ****   ******************************************************************************
  18:USB_DEVICE/App/usbd_cdc_if.c ****   */
  19:USB_DEVICE/App/usbd_cdc_if.c **** /* USER CODE END Header */
  20:USB_DEVICE/App/usbd_cdc_if.c **** 
  21:USB_DEVICE/App/usbd_cdc_if.c **** /* Includes ------------------------------------------------------------------*/
  22:USB_DEVICE/App/usbd_cdc_if.c **** #include "usbd_cdc_if.h"
  23:USB_DEVICE/App/usbd_cdc_if.c **** 
  24:USB_DEVICE/App/usbd_cdc_if.c **** /* USER CODE BEGIN INCLUDE */
  25:USB_DEVICE/App/usbd_cdc_if.c **** 
  26:USB_DEVICE/App/usbd_cdc_if.c **** /* USER CODE END INCLUDE */
  27:USB_DEVICE/App/usbd_cdc_if.c **** 
  28:USB_DEVICE/App/usbd_cdc_if.c **** /* Private typedef -----------------------------------------------------------*/
  29:USB_DEVICE/App/usbd_cdc_if.c **** /* Private define ------------------------------------------------------------*/
  30:USB_DEVICE/App/usbd_cdc_if.c **** /* Private macro -------------------------------------------------------------*/
  31:USB_DEVICE/App/usbd_cdc_if.c **** 
  32:USB_DEVICE/App/usbd_cdc_if.c **** /* USER CODE BEGIN PV */
  33:USB_DEVICE/App/usbd_cdc_if.c **** /* Private variables ---------------------------------------------------------*/
ARM GAS  C:\Users\subdia\AppData\Local\Temp\cc3lCQ5n.s 			page 2


  34:USB_DEVICE/App/usbd_cdc_if.c **** 
  35:USB_DEVICE/App/usbd_cdc_if.c **** /* USER CODE END PV */
  36:USB_DEVICE/App/usbd_cdc_if.c **** 
  37:USB_DEVICE/App/usbd_cdc_if.c **** /** @addtogroup STM32_USB_OTG_DEVICE_LIBRARY
  38:USB_DEVICE/App/usbd_cdc_if.c ****   * @brief Usb device library.
  39:USB_DEVICE/App/usbd_cdc_if.c ****   * @{
  40:USB_DEVICE/App/usbd_cdc_if.c ****   */
  41:USB_DEVICE/App/usbd_cdc_if.c **** 
  42:USB_DEVICE/App/usbd_cdc_if.c **** /** @addtogroup USBD_CDC_IF
  43:USB_DEVICE/App/usbd_cdc_if.c ****   * @{
  44:USB_DEVICE/App/usbd_cdc_if.c ****   */
  45:USB_DEVICE/App/usbd_cdc_if.c **** 
  46:USB_DEVICE/App/usbd_cdc_if.c **** /** @defgroup USBD_CDC_IF_Private_TypesDefinitions USBD_CDC_IF_Private_TypesDefinitions
  47:USB_DEVICE/App/usbd_cdc_if.c ****   * @brief Private types.
  48:USB_DEVICE/App/usbd_cdc_if.c ****   * @{
  49:USB_DEVICE/App/usbd_cdc_if.c ****   */
  50:USB_DEVICE/App/usbd_cdc_if.c **** 
  51:USB_DEVICE/App/usbd_cdc_if.c **** /* USER CODE BEGIN PRIVATE_TYPES */
  52:USB_DEVICE/App/usbd_cdc_if.c **** 
  53:USB_DEVICE/App/usbd_cdc_if.c **** /* USER CODE END PRIVATE_TYPES */
  54:USB_DEVICE/App/usbd_cdc_if.c **** 
  55:USB_DEVICE/App/usbd_cdc_if.c **** /**
  56:USB_DEVICE/App/usbd_cdc_if.c ****   * @}
  57:USB_DEVICE/App/usbd_cdc_if.c ****   */
  58:USB_DEVICE/App/usbd_cdc_if.c **** 
  59:USB_DEVICE/App/usbd_cdc_if.c **** /** @defgroup USBD_CDC_IF_Private_Defines USBD_CDC_IF_Private_Defines
  60:USB_DEVICE/App/usbd_cdc_if.c ****   * @brief Private defines.
  61:USB_DEVICE/App/usbd_cdc_if.c ****   * @{
  62:USB_DEVICE/App/usbd_cdc_if.c ****   */
  63:USB_DEVICE/App/usbd_cdc_if.c **** 
  64:USB_DEVICE/App/usbd_cdc_if.c **** /* USER CODE BEGIN PRIVATE_DEFINES */
  65:USB_DEVICE/App/usbd_cdc_if.c **** /* USER CODE END PRIVATE_DEFINES */
  66:USB_DEVICE/App/usbd_cdc_if.c **** 
  67:USB_DEVICE/App/usbd_cdc_if.c **** /**
  68:USB_DEVICE/App/usbd_cdc_if.c ****   * @}
  69:USB_DEVICE/App/usbd_cdc_if.c ****   */
  70:USB_DEVICE/App/usbd_cdc_if.c **** 
  71:USB_DEVICE/App/usbd_cdc_if.c **** /** @defgroup USBD_CDC_IF_Private_Macros USBD_CDC_IF_Private_Macros
  72:USB_DEVICE/App/usbd_cdc_if.c ****   * @brief Private macros.
  73:USB_DEVICE/App/usbd_cdc_if.c ****   * @{
  74:USB_DEVICE/App/usbd_cdc_if.c ****   */
  75:USB_DEVICE/App/usbd_cdc_if.c **** 
  76:USB_DEVICE/App/usbd_cdc_if.c **** /* USER CODE BEGIN PRIVATE_MACRO */
  77:USB_DEVICE/App/usbd_cdc_if.c **** 
  78:USB_DEVICE/App/usbd_cdc_if.c **** /* USER CODE END PRIVATE_MACRO */
  79:USB_DEVICE/App/usbd_cdc_if.c **** 
  80:USB_DEVICE/App/usbd_cdc_if.c **** /**
  81:USB_DEVICE/App/usbd_cdc_if.c ****   * @}
  82:USB_DEVICE/App/usbd_cdc_if.c ****   */
  83:USB_DEVICE/App/usbd_cdc_if.c **** 
  84:USB_DEVICE/App/usbd_cdc_if.c **** /** @defgroup USBD_CDC_IF_Private_Variables USBD_CDC_IF_Private_Variables
  85:USB_DEVICE/App/usbd_cdc_if.c ****   * @brief Private variables.
  86:USB_DEVICE/App/usbd_cdc_if.c ****   * @{
  87:USB_DEVICE/App/usbd_cdc_if.c ****   */
  88:USB_DEVICE/App/usbd_cdc_if.c **** /* Create buffer for reception and transmission           */
  89:USB_DEVICE/App/usbd_cdc_if.c **** /* It's up to user to redefine and/or remove those define */
  90:USB_DEVICE/App/usbd_cdc_if.c **** /** Received data over USB are stored in this buffer      */
ARM GAS  C:\Users\subdia\AppData\Local\Temp\cc3lCQ5n.s 			page 3


  91:USB_DEVICE/App/usbd_cdc_if.c **** uint8_t UserRxBufferFS[APP_RX_DATA_SIZE];
  92:USB_DEVICE/App/usbd_cdc_if.c **** 
  93:USB_DEVICE/App/usbd_cdc_if.c **** /** Data to send over USB CDC are stored in this buffer   */
  94:USB_DEVICE/App/usbd_cdc_if.c **** uint8_t UserTxBufferFS[APP_TX_DATA_SIZE];
  95:USB_DEVICE/App/usbd_cdc_if.c **** 
  96:USB_DEVICE/App/usbd_cdc_if.c **** /* USER CODE BEGIN PRIVATE_VARIABLES */
  97:USB_DEVICE/App/usbd_cdc_if.c **** 
  98:USB_DEVICE/App/usbd_cdc_if.c **** /* USER CODE END PRIVATE_VARIABLES */
  99:USB_DEVICE/App/usbd_cdc_if.c **** 
 100:USB_DEVICE/App/usbd_cdc_if.c **** /**
 101:USB_DEVICE/App/usbd_cdc_if.c ****   * @}
 102:USB_DEVICE/App/usbd_cdc_if.c ****   */
 103:USB_DEVICE/App/usbd_cdc_if.c **** 
 104:USB_DEVICE/App/usbd_cdc_if.c **** /** @defgroup USBD_CDC_IF_Exported_Variables USBD_CDC_IF_Exported_Variables
 105:USB_DEVICE/App/usbd_cdc_if.c ****   * @brief Public variables.
 106:USB_DEVICE/App/usbd_cdc_if.c ****   * @{
 107:USB_DEVICE/App/usbd_cdc_if.c ****   */
 108:USB_DEVICE/App/usbd_cdc_if.c **** 
 109:USB_DEVICE/App/usbd_cdc_if.c **** extern USBD_HandleTypeDef hUsbDeviceFS;
 110:USB_DEVICE/App/usbd_cdc_if.c **** 
 111:USB_DEVICE/App/usbd_cdc_if.c **** /* USER CODE BEGIN EXPORTED_VARIABLES */
 112:USB_DEVICE/App/usbd_cdc_if.c **** 
 113:USB_DEVICE/App/usbd_cdc_if.c **** /* USER CODE END EXPORTED_VARIABLES */
 114:USB_DEVICE/App/usbd_cdc_if.c **** 
 115:USB_DEVICE/App/usbd_cdc_if.c **** /**
 116:USB_DEVICE/App/usbd_cdc_if.c ****   * @}
 117:USB_DEVICE/App/usbd_cdc_if.c ****   */
 118:USB_DEVICE/App/usbd_cdc_if.c **** 
 119:USB_DEVICE/App/usbd_cdc_if.c **** /** @defgroup USBD_CDC_IF_Private_FunctionPrototypes USBD_CDC_IF_Private_FunctionPrototypes
 120:USB_DEVICE/App/usbd_cdc_if.c ****   * @brief Private functions declaration.
 121:USB_DEVICE/App/usbd_cdc_if.c ****   * @{
 122:USB_DEVICE/App/usbd_cdc_if.c ****   */
 123:USB_DEVICE/App/usbd_cdc_if.c **** 
 124:USB_DEVICE/App/usbd_cdc_if.c **** static int8_t CDC_Init_FS(void);
 125:USB_DEVICE/App/usbd_cdc_if.c **** static int8_t CDC_DeInit_FS(void);
 126:USB_DEVICE/App/usbd_cdc_if.c **** static int8_t CDC_Control_FS(uint8_t cmd, uint8_t* pbuf, uint16_t length);
 127:USB_DEVICE/App/usbd_cdc_if.c **** 
 128:USB_DEVICE/App/usbd_cdc_if.c **** /* USER CODE BEGIN PRIVATE_FUNCTIONS_DECLARATION */
 129:USB_DEVICE/App/usbd_cdc_if.c **** 
 130:USB_DEVICE/App/usbd_cdc_if.c **** /* USER CODE END PRIVATE_FUNCTIONS_DECLARATION */
 131:USB_DEVICE/App/usbd_cdc_if.c **** 
 132:USB_DEVICE/App/usbd_cdc_if.c **** /**
 133:USB_DEVICE/App/usbd_cdc_if.c ****   * @}
 134:USB_DEVICE/App/usbd_cdc_if.c ****   */
 135:USB_DEVICE/App/usbd_cdc_if.c **** 
 136:USB_DEVICE/App/usbd_cdc_if.c **** USBD_CDC_ItfTypeDef USBD_Interface_fops_FS =
 137:USB_DEVICE/App/usbd_cdc_if.c **** {
 138:USB_DEVICE/App/usbd_cdc_if.c ****   CDC_Init_FS,
 139:USB_DEVICE/App/usbd_cdc_if.c ****   CDC_DeInit_FS,
 140:USB_DEVICE/App/usbd_cdc_if.c ****   CDC_Control_FS,
 141:USB_DEVICE/App/usbd_cdc_if.c ****   CDC_Receive_FS
 142:USB_DEVICE/App/usbd_cdc_if.c **** };
 143:USB_DEVICE/App/usbd_cdc_if.c **** 
 144:USB_DEVICE/App/usbd_cdc_if.c **** /* Private functions ---------------------------------------------------------*/
 145:USB_DEVICE/App/usbd_cdc_if.c **** /**
 146:USB_DEVICE/App/usbd_cdc_if.c ****   * @brief  Initializes the CDC media low layer over the FS USB IP
 147:USB_DEVICE/App/usbd_cdc_if.c ****   * @retval USBD_OK if all operations are OK else USBD_FAIL
ARM GAS  C:\Users\subdia\AppData\Local\Temp\cc3lCQ5n.s 			page 4


 148:USB_DEVICE/App/usbd_cdc_if.c ****   */
 149:USB_DEVICE/App/usbd_cdc_if.c **** static int8_t CDC_Init_FS(void)
 150:USB_DEVICE/App/usbd_cdc_if.c **** {
 151:USB_DEVICE/App/usbd_cdc_if.c ****   /* USER CODE BEGIN 3 */
 152:USB_DEVICE/App/usbd_cdc_if.c ****   /* Set Application Buffers */
 153:USB_DEVICE/App/usbd_cdc_if.c ****   USBD_CDC_SetTxBuffer(&hUsbDeviceFS, UserTxBufferFS, 0);
 154:USB_DEVICE/App/usbd_cdc_if.c ****   USBD_CDC_SetRxBuffer(&hUsbDeviceFS, UserRxBufferFS);
 155:USB_DEVICE/App/usbd_cdc_if.c ****   return (USBD_OK);
 156:USB_DEVICE/App/usbd_cdc_if.c ****   /* USER CODE END 3 */
 157:USB_DEVICE/App/usbd_cdc_if.c **** }
 158:USB_DEVICE/App/usbd_cdc_if.c **** 
 159:USB_DEVICE/App/usbd_cdc_if.c **** /**
 160:USB_DEVICE/App/usbd_cdc_if.c ****   * @brief  DeInitializes the CDC media low layer
 161:USB_DEVICE/App/usbd_cdc_if.c ****   * @retval USBD_OK if all operations are OK else USBD_FAIL
 162:USB_DEVICE/App/usbd_cdc_if.c ****   */
 163:USB_DEVICE/App/usbd_cdc_if.c **** static int8_t CDC_DeInit_FS(void)
 164:USB_DEVICE/App/usbd_cdc_if.c **** {
  26              		.loc 1 164 1 view -0
  27              		.cfi_startproc
  28              		@ args = 0, pretend = 0, frame = 0
  29              		@ frame_needed = 0, uses_anonymous_args = 0
  30              		@ link register save eliminated.
 165:USB_DEVICE/App/usbd_cdc_if.c ****   /* USER CODE BEGIN 4 */
 166:USB_DEVICE/App/usbd_cdc_if.c ****   return (USBD_OK);
  31              		.loc 1 166 3 view .LVU1
 167:USB_DEVICE/App/usbd_cdc_if.c ****   /* USER CODE END 4 */
 168:USB_DEVICE/App/usbd_cdc_if.c **** }
  32              		.loc 1 168 1 is_stmt 0 view .LVU2
  33 0000 0020     		movs	r0, #0
  34 0002 7047     		bx	lr
  35              		.cfi_endproc
  36              	.LFE69:
  38              		.section	.text.CDC_Control_FS,"ax",%progbits
  39              		.align	1
  40              		.syntax unified
  41              		.thumb
  42              		.thumb_func
  44              	CDC_Control_FS:
  45              	.LVL0:
  46              	.LFB70:
 169:USB_DEVICE/App/usbd_cdc_if.c **** 
 170:USB_DEVICE/App/usbd_cdc_if.c **** /**
 171:USB_DEVICE/App/usbd_cdc_if.c ****   * @brief  Manage the CDC class requests
 172:USB_DEVICE/App/usbd_cdc_if.c ****   * @param  cmd: Command code
 173:USB_DEVICE/App/usbd_cdc_if.c ****   * @param  pbuf: Buffer containing command data (request parameters)
 174:USB_DEVICE/App/usbd_cdc_if.c ****   * @param  length: Number of data to be sent (in bytes)
 175:USB_DEVICE/App/usbd_cdc_if.c ****   * @retval Result of the operation: USBD_OK if all operations are OK else USBD_FAIL
 176:USB_DEVICE/App/usbd_cdc_if.c ****   */
 177:USB_DEVICE/App/usbd_cdc_if.c **** static int8_t CDC_Control_FS(uint8_t cmd, uint8_t* pbuf, uint16_t length)
 178:USB_DEVICE/App/usbd_cdc_if.c **** {
  47              		.loc 1 178 1 is_stmt 1 view -0
  48              		.cfi_startproc
  49              		@ args = 0, pretend = 0, frame = 0
  50              		@ frame_needed = 0, uses_anonymous_args = 0
  51              		@ link register save eliminated.
 179:USB_DEVICE/App/usbd_cdc_if.c ****   /* USER CODE BEGIN 5 */
 180:USB_DEVICE/App/usbd_cdc_if.c ****   switch(cmd)
ARM GAS  C:\Users\subdia\AppData\Local\Temp\cc3lCQ5n.s 			page 5


  52              		.loc 1 180 3 view .LVU4
 181:USB_DEVICE/App/usbd_cdc_if.c ****   {
 182:USB_DEVICE/App/usbd_cdc_if.c ****     case CDC_SEND_ENCAPSULATED_COMMAND:
 183:USB_DEVICE/App/usbd_cdc_if.c **** 
 184:USB_DEVICE/App/usbd_cdc_if.c ****     break;
 185:USB_DEVICE/App/usbd_cdc_if.c **** 
 186:USB_DEVICE/App/usbd_cdc_if.c ****     case CDC_GET_ENCAPSULATED_RESPONSE:
 187:USB_DEVICE/App/usbd_cdc_if.c **** 
 188:USB_DEVICE/App/usbd_cdc_if.c ****     break;
 189:USB_DEVICE/App/usbd_cdc_if.c **** 
 190:USB_DEVICE/App/usbd_cdc_if.c ****     case CDC_SET_COMM_FEATURE:
 191:USB_DEVICE/App/usbd_cdc_if.c **** 
 192:USB_DEVICE/App/usbd_cdc_if.c ****     break;
 193:USB_DEVICE/App/usbd_cdc_if.c **** 
 194:USB_DEVICE/App/usbd_cdc_if.c ****     case CDC_GET_COMM_FEATURE:
 195:USB_DEVICE/App/usbd_cdc_if.c **** 
 196:USB_DEVICE/App/usbd_cdc_if.c ****     break;
 197:USB_DEVICE/App/usbd_cdc_if.c **** 
 198:USB_DEVICE/App/usbd_cdc_if.c ****     case CDC_CLEAR_COMM_FEATURE:
 199:USB_DEVICE/App/usbd_cdc_if.c **** 
 200:USB_DEVICE/App/usbd_cdc_if.c ****     break;
 201:USB_DEVICE/App/usbd_cdc_if.c **** 
 202:USB_DEVICE/App/usbd_cdc_if.c ****   /*******************************************************************************/
 203:USB_DEVICE/App/usbd_cdc_if.c ****   /* Line Coding Structure                                                       */
 204:USB_DEVICE/App/usbd_cdc_if.c ****   /*-----------------------------------------------------------------------------*/
 205:USB_DEVICE/App/usbd_cdc_if.c ****   /* Offset | Field       | Size | Value  | Description                          */
 206:USB_DEVICE/App/usbd_cdc_if.c ****   /* 0      | dwDTERate   |   4  | Number |Data terminal rate, in bits per second*/
 207:USB_DEVICE/App/usbd_cdc_if.c ****   /* 4      | bCharFormat |   1  | Number | Stop bits                            */
 208:USB_DEVICE/App/usbd_cdc_if.c ****   /*                                        0 - 1 Stop bit                       */
 209:USB_DEVICE/App/usbd_cdc_if.c ****   /*                                        1 - 1.5 Stop bits                    */
 210:USB_DEVICE/App/usbd_cdc_if.c ****   /*                                        2 - 2 Stop bits                      */
 211:USB_DEVICE/App/usbd_cdc_if.c ****   /* 5      | bParityType |  1   | Number | Parity                               */
 212:USB_DEVICE/App/usbd_cdc_if.c ****   /*                                        0 - None                             */
 213:USB_DEVICE/App/usbd_cdc_if.c ****   /*                                        1 - Odd                              */
 214:USB_DEVICE/App/usbd_cdc_if.c ****   /*                                        2 - Even                             */
 215:USB_DEVICE/App/usbd_cdc_if.c ****   /*                                        3 - Mark                             */
 216:USB_DEVICE/App/usbd_cdc_if.c ****   /*                                        4 - Space                            */
 217:USB_DEVICE/App/usbd_cdc_if.c ****   /* 6      | bDataBits  |   1   | Number Data bits (5, 6, 7, 8 or 16).          */
 218:USB_DEVICE/App/usbd_cdc_if.c ****   /*******************************************************************************/
 219:USB_DEVICE/App/usbd_cdc_if.c ****     case CDC_SET_LINE_CODING:
 220:USB_DEVICE/App/usbd_cdc_if.c **** 
 221:USB_DEVICE/App/usbd_cdc_if.c ****     break;
 222:USB_DEVICE/App/usbd_cdc_if.c **** 
 223:USB_DEVICE/App/usbd_cdc_if.c ****     case CDC_GET_LINE_CODING:
 224:USB_DEVICE/App/usbd_cdc_if.c **** 
 225:USB_DEVICE/App/usbd_cdc_if.c ****     break;
 226:USB_DEVICE/App/usbd_cdc_if.c **** 
 227:USB_DEVICE/App/usbd_cdc_if.c ****     case CDC_SET_CONTROL_LINE_STATE:
 228:USB_DEVICE/App/usbd_cdc_if.c **** 
 229:USB_DEVICE/App/usbd_cdc_if.c ****     break;
 230:USB_DEVICE/App/usbd_cdc_if.c **** 
 231:USB_DEVICE/App/usbd_cdc_if.c ****     case CDC_SEND_BREAK:
 232:USB_DEVICE/App/usbd_cdc_if.c **** 
 233:USB_DEVICE/App/usbd_cdc_if.c ****     break;
 234:USB_DEVICE/App/usbd_cdc_if.c **** 
 235:USB_DEVICE/App/usbd_cdc_if.c ****   default:
 236:USB_DEVICE/App/usbd_cdc_if.c ****     break;
ARM GAS  C:\Users\subdia\AppData\Local\Temp\cc3lCQ5n.s 			page 6


  53              		.loc 1 236 5 view .LVU5
 237:USB_DEVICE/App/usbd_cdc_if.c ****   }
 238:USB_DEVICE/App/usbd_cdc_if.c **** 
 239:USB_DEVICE/App/usbd_cdc_if.c ****   return (USBD_OK);
  54              		.loc 1 239 3 view .LVU6
 240:USB_DEVICE/App/usbd_cdc_if.c ****   /* USER CODE END 5 */
 241:USB_DEVICE/App/usbd_cdc_if.c **** }
  55              		.loc 1 241 1 is_stmt 0 view .LVU7
  56 0000 0020     		movs	r0, #0
  57              	.LVL1:
  58              		.loc 1 241 1 view .LVU8
  59 0002 7047     		bx	lr
  60              		.cfi_endproc
  61              	.LFE70:
  63              		.section	.text.CDC_Init_FS,"ax",%progbits
  64              		.align	1
  65              		.syntax unified
  66              		.thumb
  67              		.thumb_func
  69              	CDC_Init_FS:
  70              	.LFB68:
 150:USB_DEVICE/App/usbd_cdc_if.c ****   /* USER CODE BEGIN 3 */
  71              		.loc 1 150 1 is_stmt 1 view -0
  72              		.cfi_startproc
  73              		@ args = 0, pretend = 0, frame = 0
  74              		@ frame_needed = 0, uses_anonymous_args = 0
  75 0000 10B5     		push	{r4, lr}
  76              	.LCFI0:
  77              		.cfi_def_cfa_offset 8
  78              		.cfi_offset 4, -8
  79              		.cfi_offset 14, -4
 153:USB_DEVICE/App/usbd_cdc_if.c ****   USBD_CDC_SetRxBuffer(&hUsbDeviceFS, UserRxBufferFS);
  80              		.loc 1 153 3 view .LVU10
  81 0002 064C     		ldr	r4, .L5
  82 0004 0022     		movs	r2, #0
  83 0006 0649     		ldr	r1, .L5+4
  84 0008 2046     		mov	r0, r4
  85 000a FFF7FEFF 		bl	USBD_CDC_SetTxBuffer
  86              	.LVL2:
 154:USB_DEVICE/App/usbd_cdc_if.c ****   return (USBD_OK);
  87              		.loc 1 154 3 view .LVU11
  88 000e 0549     		ldr	r1, .L5+8
  89 0010 2046     		mov	r0, r4
  90 0012 FFF7FEFF 		bl	USBD_CDC_SetRxBuffer
  91              	.LVL3:
 155:USB_DEVICE/App/usbd_cdc_if.c ****   /* USER CODE END 3 */
  92              		.loc 1 155 3 view .LVU12
 157:USB_DEVICE/App/usbd_cdc_if.c **** 
  93              		.loc 1 157 1 is_stmt 0 view .LVU13
  94 0016 0020     		movs	r0, #0
  95 0018 10BD     		pop	{r4, pc}
  96              	.L6:
  97 001a 00BF     		.align	2
  98              	.L5:
  99 001c 00000000 		.word	hUsbDeviceFS
 100 0020 00000000 		.word	UserTxBufferFS
 101 0024 00000000 		.word	UserRxBufferFS
ARM GAS  C:\Users\subdia\AppData\Local\Temp\cc3lCQ5n.s 			page 7


 102              		.cfi_endproc
 103              	.LFE68:
 105              		.section	.text.CDC_Receive_FS,"ax",%progbits
 106              		.align	1
 107              		.global	CDC_Receive_FS
 108              		.syntax unified
 109              		.thumb
 110              		.thumb_func
 112              	CDC_Receive_FS:
 113              	.LVL4:
 114              	.LFB71:
 242:USB_DEVICE/App/usbd_cdc_if.c **** 
 243:USB_DEVICE/App/usbd_cdc_if.c **** /**
 244:USB_DEVICE/App/usbd_cdc_if.c ****   * @brief  Data received over USB OUT endpoint are sent over CDC interface
 245:USB_DEVICE/App/usbd_cdc_if.c ****   *         through this function.
 246:USB_DEVICE/App/usbd_cdc_if.c ****   *
 247:USB_DEVICE/App/usbd_cdc_if.c ****   *         @note
 248:USB_DEVICE/App/usbd_cdc_if.c ****   *         This function will issue a NAK packet on any OUT packet received on
 249:USB_DEVICE/App/usbd_cdc_if.c ****   *         USB endpoint until exiting this function. If you exit this function
 250:USB_DEVICE/App/usbd_cdc_if.c ****   *         before transfer is complete on CDC interface (ie. using DMA controller)
 251:USB_DEVICE/App/usbd_cdc_if.c ****   *         it will result in receiving more data while previous ones are still
 252:USB_DEVICE/App/usbd_cdc_if.c ****   *         not sent.
 253:USB_DEVICE/App/usbd_cdc_if.c ****   *
 254:USB_DEVICE/App/usbd_cdc_if.c ****   * @param  Buf: Buffer of data to be received
 255:USB_DEVICE/App/usbd_cdc_if.c ****   * @param  Len: Number of data received (in bytes)
 256:USB_DEVICE/App/usbd_cdc_if.c ****   * @retval Result of the operation: USBD_OK if all operations are OK else USBD_FAIL
 257:USB_DEVICE/App/usbd_cdc_if.c ****   */
 258:USB_DEVICE/App/usbd_cdc_if.c **** int8_t CDC_Receive_FS(uint8_t* Buf, uint32_t *Len)
 259:USB_DEVICE/App/usbd_cdc_if.c **** {
 115              		.loc 1 259 1 is_stmt 1 view -0
 116              		.cfi_startproc
 117              		@ args = 0, pretend = 0, frame = 0
 118              		@ frame_needed = 0, uses_anonymous_args = 0
 119              		.loc 1 259 1 is_stmt 0 view .LVU15
 120 0000 10B5     		push	{r4, lr}
 121              	.LCFI1:
 122              		.cfi_def_cfa_offset 8
 123              		.cfi_offset 4, -8
 124              		.cfi_offset 14, -4
 125 0002 0146     		mov	r1, r0
 126              	.LVL5:
 260:USB_DEVICE/App/usbd_cdc_if.c ****   /* USER CODE BEGIN 6 */
 261:USB_DEVICE/App/usbd_cdc_if.c ****   USBD_CDC_SetRxBuffer(&hUsbDeviceFS, &Buf[0]);
 127              		.loc 1 261 3 is_stmt 1 view .LVU16
 128 0004 044C     		ldr	r4, .L9
 129 0006 2046     		mov	r0, r4
 130              	.LVL6:
 131              		.loc 1 261 3 is_stmt 0 view .LVU17
 132 0008 FFF7FEFF 		bl	USBD_CDC_SetRxBuffer
 133              	.LVL7:
 262:USB_DEVICE/App/usbd_cdc_if.c ****   USBD_CDC_ReceivePacket(&hUsbDeviceFS);
 134              		.loc 1 262 3 is_stmt 1 view .LVU18
 135 000c 2046     		mov	r0, r4
 136 000e FFF7FEFF 		bl	USBD_CDC_ReceivePacket
 137              	.LVL8:
 263:USB_DEVICE/App/usbd_cdc_if.c ****   return (USBD_OK);
 138              		.loc 1 263 3 view .LVU19
ARM GAS  C:\Users\subdia\AppData\Local\Temp\cc3lCQ5n.s 			page 8


 264:USB_DEVICE/App/usbd_cdc_if.c ****   /* USER CODE END 6 */
 265:USB_DEVICE/App/usbd_cdc_if.c **** }
 139              		.loc 1 265 1 is_stmt 0 view .LVU20
 140 0012 0020     		movs	r0, #0
 141 0014 10BD     		pop	{r4, pc}
 142              	.L10:
 143 0016 00BF     		.align	2
 144              	.L9:
 145 0018 00000000 		.word	hUsbDeviceFS
 146              		.cfi_endproc
 147              	.LFE71:
 149              		.section	.text.CDC_Transmit_FS,"ax",%progbits
 150              		.align	1
 151              		.global	CDC_Transmit_FS
 152              		.syntax unified
 153              		.thumb
 154              		.thumb_func
 156              	CDC_Transmit_FS:
 157              	.LVL9:
 158              	.LFB72:
 266:USB_DEVICE/App/usbd_cdc_if.c **** 
 267:USB_DEVICE/App/usbd_cdc_if.c **** /**
 268:USB_DEVICE/App/usbd_cdc_if.c ****   * @brief  CDC_Transmit_FS
 269:USB_DEVICE/App/usbd_cdc_if.c ****   *         Data to send over USB IN endpoint are sent over CDC interface
 270:USB_DEVICE/App/usbd_cdc_if.c ****   *         through this function.
 271:USB_DEVICE/App/usbd_cdc_if.c ****   *         @note
 272:USB_DEVICE/App/usbd_cdc_if.c ****   *
 273:USB_DEVICE/App/usbd_cdc_if.c ****   *
 274:USB_DEVICE/App/usbd_cdc_if.c ****   * @param  Buf: Buffer of data to be sent
 275:USB_DEVICE/App/usbd_cdc_if.c ****   * @param  Len: Number of data to be sent (in bytes)
 276:USB_DEVICE/App/usbd_cdc_if.c ****   * @retval USBD_OK if all operations are OK else USBD_FAIL or USBD_BUSY
 277:USB_DEVICE/App/usbd_cdc_if.c ****   */
 278:USB_DEVICE/App/usbd_cdc_if.c **** uint8_t CDC_Transmit_FS(uint8_t* Buf, uint16_t Len)
 279:USB_DEVICE/App/usbd_cdc_if.c **** {
 159              		.loc 1 279 1 is_stmt 1 view -0
 160              		.cfi_startproc
 161              		@ args = 0, pretend = 0, frame = 0
 162              		@ frame_needed = 0, uses_anonymous_args = 0
 163              		.loc 1 279 1 is_stmt 0 view .LVU22
 164 0000 08B5     		push	{r3, lr}
 165              	.LCFI2:
 166              		.cfi_def_cfa_offset 8
 167              		.cfi_offset 3, -8
 168              		.cfi_offset 14, -4
 280:USB_DEVICE/App/usbd_cdc_if.c ****   uint8_t result = USBD_OK;
 169              		.loc 1 280 3 is_stmt 1 view .LVU23
 170              	.LVL10:
 281:USB_DEVICE/App/usbd_cdc_if.c ****   /* USER CODE BEGIN 7 */
 282:USB_DEVICE/App/usbd_cdc_if.c ****   USBD_CDC_HandleTypeDef *hcdc = (USBD_CDC_HandleTypeDef*)hUsbDeviceFS.pClassData;
 171              		.loc 1 282 3 view .LVU24
 172              		.loc 1 282 27 is_stmt 0 view .LVU25
 173 0002 084B     		ldr	r3, .L16
 174 0004 D3F8B832 		ldr	r3, [r3, #696]
 175              	.LVL11:
 283:USB_DEVICE/App/usbd_cdc_if.c ****   if (hcdc->TxState != 0){
 176              		.loc 1 283 3 is_stmt 1 view .LVU26
 177              		.loc 1 283 11 is_stmt 0 view .LVU27
ARM GAS  C:\Users\subdia\AppData\Local\Temp\cc3lCQ5n.s 			page 9


 178 0008 D3F81432 		ldr	r3, [r3, #532]
 179              	.LVL12:
 180              		.loc 1 283 6 view .LVU28
 181 000c 0BB1     		cbz	r3, .L15
 284:USB_DEVICE/App/usbd_cdc_if.c ****     return USBD_BUSY;
 182              		.loc 1 284 12 view .LVU29
 183 000e 0120     		movs	r0, #1
 184              	.LVL13:
 185              	.L12:
 285:USB_DEVICE/App/usbd_cdc_if.c ****   }
 286:USB_DEVICE/App/usbd_cdc_if.c ****   USBD_CDC_SetTxBuffer(&hUsbDeviceFS, Buf, Len);
 287:USB_DEVICE/App/usbd_cdc_if.c ****   result = USBD_CDC_TransmitPacket(&hUsbDeviceFS);
 288:USB_DEVICE/App/usbd_cdc_if.c ****   /* USER CODE END 7 */
 289:USB_DEVICE/App/usbd_cdc_if.c ****   return result;
 290:USB_DEVICE/App/usbd_cdc_if.c **** }
 186              		.loc 1 290 1 view .LVU30
 187 0010 08BD     		pop	{r3, pc}
 188              	.LVL14:
 189              	.L15:
 286:USB_DEVICE/App/usbd_cdc_if.c ****   result = USBD_CDC_TransmitPacket(&hUsbDeviceFS);
 190              		.loc 1 286 3 is_stmt 1 view .LVU31
 191 0012 0A46     		mov	r2, r1
 192 0014 0146     		mov	r1, r0
 193              	.LVL15:
 286:USB_DEVICE/App/usbd_cdc_if.c ****   result = USBD_CDC_TransmitPacket(&hUsbDeviceFS);
 194              		.loc 1 286 3 is_stmt 0 view .LVU32
 195 0016 0348     		ldr	r0, .L16
 196              	.LVL16:
 286:USB_DEVICE/App/usbd_cdc_if.c ****   result = USBD_CDC_TransmitPacket(&hUsbDeviceFS);
 197              		.loc 1 286 3 view .LVU33
 198 0018 FFF7FEFF 		bl	USBD_CDC_SetTxBuffer
 199              	.LVL17:
 287:USB_DEVICE/App/usbd_cdc_if.c ****   /* USER CODE END 7 */
 200              		.loc 1 287 3 is_stmt 1 view .LVU34
 287:USB_DEVICE/App/usbd_cdc_if.c ****   /* USER CODE END 7 */
 201              		.loc 1 287 12 is_stmt 0 view .LVU35
 202 001c 0148     		ldr	r0, .L16
 203 001e FFF7FEFF 		bl	USBD_CDC_TransmitPacket
 204              	.LVL18:
 289:USB_DEVICE/App/usbd_cdc_if.c **** }
 205              		.loc 1 289 3 is_stmt 1 view .LVU36
 289:USB_DEVICE/App/usbd_cdc_if.c **** }
 206              		.loc 1 289 10 is_stmt 0 view .LVU37
 207 0022 F5E7     		b	.L12
 208              	.L17:
 209              		.align	2
 210              	.L16:
 211 0024 00000000 		.word	hUsbDeviceFS
 212              		.cfi_endproc
 213              	.LFE72:
 215              		.global	USBD_Interface_fops_FS
 216              		.section	.data.USBD_Interface_fops_FS,"aw"
 217              		.align	2
 220              	USBD_Interface_fops_FS:
 221 0000 00000000 		.word	CDC_Init_FS
 222 0004 00000000 		.word	CDC_DeInit_FS
 223 0008 00000000 		.word	CDC_Control_FS
ARM GAS  C:\Users\subdia\AppData\Local\Temp\cc3lCQ5n.s 			page 10


 224 000c 00000000 		.word	CDC_Receive_FS
 225              		.global	UserTxBufferFS
 226              		.section	.bss.UserTxBufferFS,"aw",%nobits
 227              		.align	2
 230              	UserTxBufferFS:
 231 0000 00000000 		.space	1024
 231      00000000 
 231      00000000 
 231      00000000 
 231      00000000 
 232              		.global	UserRxBufferFS
 233              		.section	.bss.UserRxBufferFS,"aw",%nobits
 234              		.align	2
 237              	UserRxBufferFS:
 238 0000 00000000 		.space	1024
 238      00000000 
 238      00000000 
 238      00000000 
 238      00000000 
 239              		.text
 240              	.Letext0:
 241              		.file 2 "C:/GNUArmToolchain/arm-none-eabi-gcc-15.2.1/arm-none-eabi/include/machine/_default_types.
 242              		.file 3 "C:/GNUArmToolchain/arm-none-eabi-gcc-15.2.1/arm-none-eabi/include/sys/_stdint.h"
 243              		.file 4 "Middlewares/ST/STM32_USB_Device_Library/Core/Inc/usbd_def.h"
 244              		.file 5 "Middlewares/ST/STM32_USB_Device_Library/Class/CDC/Inc/usbd_cdc.h"
 245              		.file 6 "USB_DEVICE/App/usbd_cdc_if.h"
ARM GAS  C:\Users\subdia\AppData\Local\Temp\cc3lCQ5n.s 			page 11


DEFINED SYMBOLS
                            *ABS*:00000000 usbd_cdc_if.c
C:\Users\subdia\AppData\Local\Temp\cc3lCQ5n.s:19     .text.CDC_DeInit_FS:00000000 $t
C:\Users\subdia\AppData\Local\Temp\cc3lCQ5n.s:24     .text.CDC_DeInit_FS:00000000 CDC_DeInit_FS
C:\Users\subdia\AppData\Local\Temp\cc3lCQ5n.s:39     .text.CDC_Control_FS:00000000 $t
C:\Users\subdia\AppData\Local\Temp\cc3lCQ5n.s:44     .text.CDC_Control_FS:00000000 CDC_Control_FS
C:\Users\subdia\AppData\Local\Temp\cc3lCQ5n.s:64     .text.CDC_Init_FS:00000000 $t
C:\Users\subdia\AppData\Local\Temp\cc3lCQ5n.s:69     .text.CDC_Init_FS:00000000 CDC_Init_FS
C:\Users\subdia\AppData\Local\Temp\cc3lCQ5n.s:99     .text.CDC_Init_FS:0000001c $d
C:\Users\subdia\AppData\Local\Temp\cc3lCQ5n.s:230    .bss.UserTxBufferFS:00000000 UserTxBufferFS
C:\Users\subdia\AppData\Local\Temp\cc3lCQ5n.s:237    .bss.UserRxBufferFS:00000000 UserRxBufferFS
C:\Users\subdia\AppData\Local\Temp\cc3lCQ5n.s:106    .text.CDC_Receive_FS:00000000 $t
C:\Users\subdia\AppData\Local\Temp\cc3lCQ5n.s:112    .text.CDC_Receive_FS:00000000 CDC_Receive_FS
C:\Users\subdia\AppData\Local\Temp\cc3lCQ5n.s:145    .text.CDC_Receive_FS:00000018 $d
C:\Users\subdia\AppData\Local\Temp\cc3lCQ5n.s:150    .text.CDC_Transmit_FS:00000000 $t
C:\Users\subdia\AppData\Local\Temp\cc3lCQ5n.s:156    .text.CDC_Transmit_FS:00000000 CDC_Transmit_FS
C:\Users\subdia\AppData\Local\Temp\cc3lCQ5n.s:211    .text.CDC_Transmit_FS:00000024 $d
C:\Users\subdia\AppData\Local\Temp\cc3lCQ5n.s:220    .data.USBD_Interface_fops_FS:00000000 USBD_Interface_fops_FS
C:\Users\subdia\AppData\Local\Temp\cc3lCQ5n.s:217    .data.USBD_Interface_fops_FS:00000000 $d
C:\Users\subdia\AppData\Local\Temp\cc3lCQ5n.s:227    .bss.UserTxBufferFS:00000000 $d
C:\Users\subdia\AppData\Local\Temp\cc3lCQ5n.s:234    .bss.UserRxBufferFS:00000000 $d

UNDEFINED SYMBOLS
USBD_CDC_SetTxBuffer
USBD_CDC_SetRxBuffer
hUsbDeviceFS
USBD_CDC_ReceivePacket
USBD_CDC_TransmitPacket
